<html>
<body>
<pre>
<h1>µVision Build Log</h1>
<h2>Tool Versions:</h2>
IDE-Version: ¦ÌVision V5.36.0.0
Copyright (C) 2021 ARM Ltd and ARM Germany GmbH. All rights reserved.
License Information: jnyan DELL, yunlink, LIC=KRMW3-A9J2V-PC9J8-36F5D-RZ7PX-UMWUI
 
Tool Versions:
Toolchain:       MDK-ARM Plus  Version: 5.36.0.0
Toolchain Path:  C:\Keil_v5\ARM\ARMCC\Bin
C Compiler:      Armcc.exe V5.06 update 7 (build 960)
Assembler:       Armasm.exe V5.06 update 7 (build 960)
Linker/Locator:  ArmLink.exe V5.06 update 7 (build 960)
Library Manager: ArmAr.exe V5.06 update 7 (build 960)
Hex Converter:   FromElf.exe V5.06 update 7 (build 960)
CPU DLL:         SARMCM3.DLL V5.36.0.0
Dialog DLL:      DARMCM1.DLL V1.19.4.0
Target DLL:      Segger\JL2CM3.dll V2.99.40.0
Dialog DLL:      TARMCM1.DLL V1.14.4.0
 
<h2>Project:</h2>
E:\VTM071xx\Software\VTM071x_StdPeriph_Lib_V1.35\VTM071x_StdPeriph_Rt_THHH1\Projects\VTM071x_StdPeriph_Templates_RTT\MDK-ARM\Project.uvprojx
Project File Date:  04/07/2022

<h2>Output:</h2>
*** Using Compiler 'V5.06 update 7 (build 960)', folder: 'C:\Keil_v5\ARM\ARMCC\Bin'
Rebuild target 'VTM32F071x'
assembling startup_VTM071x.s...
compiling VTM071x_it.c...
compiling Task.c...
compiling system_VTM071x.c...
compiling system.c...
compiling SysTick.c...
compiling Adc.c...
compiling main.c...
compiling Button.c...
compiling Exti.c...
compiling BspTimer.c...
compiling USart.c...
compiling Led.c...
compiling cJSON_port.c...
compiling cJSON_util.c...
compiling mailbox_test.c...
compiling Beep.c...
compiling mempool_test.c...
compiling TemperatureUploadLocalSer.c...
compiling BspEsp8266.c...
compiling cJSON.c...
RTE\Packages\CJSON\cJSON.c(61): warning:  #1293-D: assignment in condition
        if (!(copy = (char*)cJSON_malloc(len))) return 0;
RTE\Packages\CJSON\cJSON.c(284): warning:  #1293-D: assignment in condition
  	ptr=str;while ((token=*ptr) && ++len) {if (strchr("\"\\\b\f\n\r\t",token)) len++; else if (token<32) len+=5;ptr++;}
RTE\Packages\CJSON\cJSON.c(358): warning:  #111-D: statement is unreachable
  	return p.buffer;
RTE\Packages\CJSON\cJSON.c(429): warning:  #1293-D: assignment in condition
  		if (!(new_item=cJSON_New_Item())) return 0; 	/* memory fail */
RTE\Packages\CJSON\cJSON.c(541): warning:  #1293-D: assignment in condition
  		if (!(new_item=cJSON_New_Item()))	return 0; /* memory fail */
RTE\Packages\CJSON\cJSON.c: 5 warnings, 0 errors
compiling BMI160.c...
compiling WifiCmdTest.c...
compiling WeatherInfo.c...
compiling NtpExample.c...
compiling VTM071x_eval_spi.c...
compiling finsh_port.c...
compiling VTM071x_eval.c...
assembling context_rvds.S...
compiling clock.c...
compiling cmd.c...
compiling cpuport.c...
compiling device.c...
compiling shell.c...
compiling msh.c...
compiling idle.c...
compiling oled.c...
compiling VTM071x_eval_i2c_ee.c...
compiling board.c...
compiling irq.c...
compiling ipc.c...
compiling object.c...
compiling mempool.c...
compiling scheduler.c...
compiling mem.c...
compiling timer.c...
compiling components.c...
compiling thread.c...
compiling kservice.c...
compiling misc.c...
compiling VTM071x_acmp.c...
compiling VTM071x_adc.c...
compiling VTM071x_dac.c...
compiling VTM071x_maths.c...
compiling VTM071x_iwdg.c...
compiling VTM071x_i2c.c...
compiling VTM071x_flash.c...
compiling VTM071x_dma.c...
compiling VTM071x_gpio.c...
compiling VTM071x_rcc.c...
compiling VTM071x_mcpwm.c...
compiling VTM071x_rtc.c...
compiling VTM071x_spi.c...
compiling VTM071x_tsc.c...
compiling VTM071x_wwdg.c...
compiling VTM071x_usart.c...
compiling VTM071x_timer.c...
linking...
Program Size: Code=47544 RO-data=15160 RW-data=2328 ZI-data=13384  
FromELF: creating hex file...
After Build - User command #1: fromelf --bin ".\Objects\Project.axf" --output ".\Objects\Project.bin"
".\Objects\Project.axf" - 0 Error(s), 5 Warning(s).

<h2>Software Packages used:</h2>

Package Vendor: ARM
                http://www.keil.com/pack/ARM.CMSIS.5.8.0.pack
                ARM.CMSIS.5.8.0
                CMSIS (Common Microcontroller Software Interface Standard)

<h2>Collection of Component include folders:</h2>
  C:\Keil_v5\ARM\PACK\ARM\CMSIS\5.8.0\Device\ARM\ARMCM0\Include

<h2>Collection of Component Files used:</h2>
Build Time Elapsed:  00:00:03
</pre>
</body>
</html>
