Component: ARM Compiler 5.06 update 7 (build 960) Tool: armlink [4d3601]

==============================================================================

Section Cross References

    system_vtm071x.o(i.SetSysClock) refers to system_vtm071x.o(i.SetSysClockTo84) for SetSysClockTo84
    system_vtm071x.o(i.SetSysClockTo84) refers to system_vtm071x.o(i.delay) for delay
    system_vtm071x.o(i.SystemCoreClockUpdate) refers to system_vtm071x.o(i.SetSysClock) for SetSysClock
    system_vtm071x.o(i.SystemInit) refers to system_vtm071x.o(i.SetSysClock) for SetSysClock
    startup_vtm071x.o(RESET) refers to startup_vtm071x.o(STACK) for __initial_sp
    startup_vtm071x.o(RESET) refers to startup_vtm071x.o(.text) for Reset_Handler
    startup_vtm071x.o(RESET) refers to context_rvds.o(.text) for HardFault_Handler
    startup_vtm071x.o(RESET) refers to vtm071x_it.o(i.SVC_Handler) for SVC_Handler
    startup_vtm071x.o(RESET) refers to board.o(i.SysTick_Handler) for SysTick_Handler
    startup_vtm071x.o(RESET) refers to usart.o(i.USART0_IRQHandler) for USART0_IRQHandler
    startup_vtm071x.o(RESET) refers to bspesp8266.o(i.USART1_IRQHandler) for USART1_IRQHandler
    startup_vtm071x.o(RESET) refers to bsptimer.o(i.TIMER0_IRQHandler) for TIMER0_IRQHandler
    startup_vtm071x.o(RESET) refers to exti.o(i.GPIO0_TO_GPIO3_IRQHandler) for GPIO0_TO_GPIO3_IRQHandler
    startup_vtm071x.o(RESET) refers to adc.o(i.ADC_IRQHandler) for ADC_IRQHandler
    startup_vtm071x.o(RESET) refers to vtm071x_eval_i2c_ee.o(i.I2C1_IRQHandler) for I2C1_IRQHandler
    startup_vtm071x.o(.text) refers to system_vtm071x.o(i.SystemInit) for SystemInit
    startup_vtm071x.o(.text) refers to entry.o(.ARM.Collect$$$$00000000) for __main
    main.o(i.assert_failed) refers to printfa.o(i.__0printf) for __2printf
    main.o(i.main) refers to task.o(i.TaskInit) for TaskInit
    main.o(i.main) refers to thread.o(i.rt_thread_mdelay) for rt_thread_mdelay
    main.o(i.main) refers to led.o(i.LedControl) for LedControl
    main.o(i.main) refers to beep.o(i.BeepControl) for BeepControl
    main.o(i.main) refers to lm75bd.o(i.Read_LM75BD_Temputerature) for Read_LM75BD_Temputerature
    system.o(i.SysInit) refers to systick.o(i.SysTickInit) for SysTickInit
    system.o(i.SysInit) refers to led.o(i.LedGpioInit) for LedGpioInit
    system.o(i.SysInit) refers to beep.o(i.BeepGpioInit) for BeepGpioInit
    system.o(i.SysInit) refers to usart.o(i.UsartInit) for UsartInit
    system.o(i.SysInit) refers to exti.o(i.ExtiInit) for ExtiInit
    task.o(i.TaskInit) refers to ipc.o(i.rt_sem_create) for rt_sem_create
    task.o(i.TaskInit) refers to kservice.o(i.rt_kprintf) for rt_kprintf
    task.o(i.TaskInit) refers to ipc.o(i.rt_mq_create) for rt_mq_create
    task.o(i.TaskInit) refers to strcmp.o(.text) for strcmp
    task.o(i.TaskInit) refers to thread.o(i.rt_thread_create) for rt_thread_create
    task.o(i.TaskInit) refers to thread.o(i.rt_thread_startup) for rt_thread_startup
    task.o(i.TaskInit) refers to task.o(.data) for usart1_recv_sem
    task.o(i.led_thread_entry) refers to thread.o(i.rt_thread_mdelay) for rt_thread_mdelay
    task.o(i.led_thread_entry) refers to vtm071x_gpio.o(i.GPIO_WriteBit) for GPIO_WriteBit
    task.o(i.msg_process_thread_entry) refers to ipc.o(i.rt_mq_recv) for rt_mq_recv
    task.o(i.msg_process_thread_entry) refers to kservice.o(i.rt_kprintf) for rt_kprintf
    task.o(i.msg_process_thread_entry) refers to task.o(.data) for msg_mq
    task.o(i.weatherOLD_thread_entry) refers to oled.o(i.OLED_Init) for OLED_Init
    task.o(i.weatherOLD_thread_entry) refers to oled.o(i.OLED_ShowChinese) for OLED_ShowChinese
    task.o(i.weatherOLD_thread_entry) refers to oled.o(i.OLED_ShowString) for OLED_ShowString
    task.o(i.weatherOLD_thread_entry) refers to oled.o(i.OLED_Refresh) for OLED_Refresh
    task.o(i.weatherOLD_thread_entry) refers to oled.o(i.OLED_ShowPicture) for OLED_ShowPicture
    task.o(i.weatherOLD_thread_entry) refers to thread.o(i.rt_thread_mdelay) for rt_thread_mdelay
    task.o(i.weatherOLD_thread_entry) refers to oled.o(i.OLED_Clear) for OLED_Clear
    task.o(i.weatherOLD_thread_entry) refers to oled.o(i.OLED_ShowChinese1) for OLED_ShowChinese1
    task.o(i.weatherOLD_thread_entry) refers to oled.o(i.OLED_ShowChinese2) for OLED_ShowChinese2
    task.o(i.weatherOLD_thread_entry) refers to oled.o(i.OLED_ShowChar) for OLED_ShowChar
    task.o(i.weatherOLD_thread_entry) refers to idiv.o(.text) for __aeabi_idivmod
    task.o(i.weatherOLD_thread_entry) refers to oled.o(i.OLED_ShowNum) for OLED_ShowNum
    task.o(i.weatherOLD_thread_entry) refers to task.o(.data) for BMP2
    task.o(i.weatherOLD_thread_entry) refers to weatherinfo.o(.bss) for weather_data
    task.o(.data) refers to task.o(.conststring) for .conststring
    task.o(.data) refers to task.o(i.weatherOLD_thread_entry) for weatherOLD_thread_entry
    systick.o(i.SysTickInit) refers to vtm071x_rcc.o(i.RCC_GetClocksFreq) for RCC_GetClocksFreq
[...]
    USART_SendData                           0x0000594d   Thumb Code    34  vtm071x_usart.o(i.USART_SendData)
    USART_StructInit                         0x000059b9   Thumb Code    44  vtm071x_usart.o(i.USART_StructInit)
    USART_printf                             0x000059e5   Thumb Code   270  usart.o(i.USART_printf)
    UsartInit                                0x00005af5   Thumb Code    96  usart.o(i.UsartInit)
    UsartSendByte                            0x00005b59   Thumb Code    32  usart.o(i.UsartSendByte)
    __0printf                                0x00005b79   Thumb Code    24  printfa.o(i.__0printf)
    __1printf                                0x00005b79   Thumb Code     0  printfa.o(i.__0printf)
    __2printf                                0x00005b79   Thumb Code     0  printfa.o(i.__0printf)
    __c89printf                              0x00005b79   Thumb Code     0  printfa.o(i.__0printf)
    printf                                   0x00005b79   Thumb Code     0  printfa.o(i.__0printf)
    __0sprintf                               0x00005b99   Thumb Code    36  printfa.o(i.__0sprintf)
    __1sprintf                               0x00005b99   Thumb Code     0  printfa.o(i.__0sprintf)
    __2sprintf                               0x00005b99   Thumb Code     0  printfa.o(i.__0sprintf)
    __c89sprintf                             0x00005b99   Thumb Code     0  printfa.o(i.__0sprintf)
    sprintf                                  0x00005b99   Thumb Code     0  printfa.o(i.__0sprintf)
    __0vsnprintf                             0x00005bc1   Thumb Code    44  printfa.o(i.__0vsnprintf)
    __1vsnprintf                             0x00005bc1   Thumb Code     0  printfa.o(i.__0vsnprintf)
    __2vsnprintf                             0x00005bc1   Thumb Code     0  printfa.o(i.__0vsnprintf)
    __c89vsnprintf                           0x00005bc1   Thumb Code     0  printfa.o(i.__0vsnprintf)
    vsnprintf                                0x00005bc1   Thumb Code     0  printfa.o(i.__0vsnprintf)
    __ARM_clz                                0x00005bf1   Thumb Code    46  depilogue.o(i.__ARM_clz)
    __ARM_common_switch8                     0x00005c1f   Thumb Code    28  button.o(i.__ARM_common_switch8)
    __ARM_fpclassify                         0x00005c3d   Thumb Code    40  fpclassify.o(i.__ARM_fpclassify)
    __kernel_poly                            0x00005c69   Thumb Code   172  poly.o(i.__kernel_poly)
    __mathlib_dbl_divzero                    0x00005d15   Thumb Code    16  dunder.o(i.__mathlib_dbl_divzero)
    __mathlib_dbl_infnan2                    0x00005d29   Thumb Code     8  dunder.o(i.__mathlib_dbl_infnan2)
    __mathlib_dbl_invalid                    0x00005d31   Thumb Code    16  dunder.o(i.__mathlib_dbl_invalid)
    __mathlib_dbl_overflow                   0x00005d41   Thumb Code    16  dunder.o(i.__mathlib_dbl_overflow)
    __mathlib_dbl_underflow                  0x00005d55   Thumb Code    14  dunder.o(i.__mathlib_dbl_underflow)
    __rt_ffs                                 0x00005d69   Thumb Code    86  kservice.o(i.__rt_ffs)
    __scatterload_copy                       0x00005dc5   Thumb Code    14  handlers.o(i.__scatterload_copy)
    __scatterload_null                       0x00005dd3   Thumb Code     2  handlers.o(i.__scatterload_null)
    __scatterload_zeroinit                   0x00005dd5   Thumb Code    14  handlers.o(i.__scatterload_zeroinit)
    __set_errno                              0x00005de5   Thumb Code     6  errno.o(i.__set_errno)
    assert_failed                            0x00006845   Thumb Code    18  main.o(i.assert_failed)
    button_process_init                      0x00006889   Thumb Code    40  button.o(i.button_process_init)
    button_thread_entry                      0x000068c5   Thumb Code   326  button.o(i.button_thread_entry)
    cJSON_Delete                             0x00006b99   Thumb Code   100  cjson.o(i.cJSON_Delete)
    cJSON_GetArrayItem                       0x00006c01   Thumb Code    20  cjson.o(i.cJSON_GetArrayItem)
    cJSON_GetArraySize                       0x00006c15   Thumb Code    18  cjson.o(i.cJSON_GetArraySize)
    cJSON_GetErrorPtr                        0x00006c29   Thumb Code     6  cjson.o(i.cJSON_GetErrorPtr)
    cJSON_GetObjectItem                      0x00006c35   Thumb Code    32  cjson.o(i.cJSON_GetObjectItem)
    cJSON_InitHooks                          0x00006c55   Thumb Code    54  cjson.o(i.cJSON_InitHooks)
    cJSON_Parse                              0x00006f3d   Thumb Code    16  cjson.o(i.cJSON_Parse)
    cJSON_ParseWithOpts                      0x00006f4d   Thumb Code   104  cjson.o(i.cJSON_ParseWithOpts)
    cJSON_hook_init                          0x00006fb9   Thumb Code    20  cjson_port.o(i.cJSON_hook_init)
    cmd_free                                 0x00007025   Thumb Code    14  msh.o(i.cmd_free)
    cmd_ps                                   0x00007033   Thumb Code    14  msh.o(i.cmd_ps)
    finsh_get_prompt                         0x00007055   Thumb Code    90  shell.o(i.finsh_get_prompt)
    finsh_set_device                         0x00007131   Thumb Code   144  shell.o(i.finsh_set_device)
    finsh_set_prompt_mode                    0x000071e9   Thumb Code    30  shell.o(i.finsh_set_prompt_mode)
    finsh_system_function_init               0x0000720d   Thumb Code    10  shell.o(i.finsh_system_function_init)
    finsh_system_init                        0x00007221   Thumb Code   104  shell.o(i.finsh_system_init)
    finsh_thread_entry                       0x000072c1   Thumb Code  1024  shell.o(i.finsh_thread_entry)
    fputc                                    0x000076c1   Thumb Code    18  fputc.o(i.fputc)
    free                                     0x000076d5   Thumb Code    80  malloc.o(i.free)
    getAccelerometervalue                    0x00007729   Thumb Code   326  bmi160.o(i.getAccelerometervalue)
    getGyroscopeValue                        0x000078f1   Thumb Code   266  bmi160.o(i.getGyroscopeValue)
    hello                                    0x00007aa9   Thumb Code    12  cmd.o(i.hello)
    list                                     0x00007b49   Thumb Code    56  cmd.o(i.list)
    list_device                              0x00007bb1   Thumb Code   170  cmd.o(i.list_device)
    list_event                               0x00007cc9   Thumb Code   202  cmd.o(i.list_event)
    list_mailbox                             0x00007ecd   Thumb Code   222  cmd.o(i.list_mailbox)
    list_mem                                 0x00008029   Thumb Code    34  mem.o(i.list_mem)
    list_mempool                             0x000080a1   Thumb Code   230  cmd.o(i.list_mempool)
    list_msgqueue                            0x00008215   Thumb Code   214  cmd.o(i.list_msgqueue)
    list_mutex                               0x00008359   Thumb Code   170  cmd.o(i.list_mutex)
    list_sem                                 0x00008469   Thumb Code   214  cmd.o(i.list_sem)
    list_thread                              0x000085a1   Thumb Code   302  cmd.o(i.list_thread)
    list_timer                               0x0000878d   Thumb Code   188  cmd.o(i.list_timer)
    $Super$$main                             0x000088e9   Thumb Code    50  main.o(i.main)
    main_thread_entry                        0x0000891b   Thumb Code    14  components.o(i.main_thread_entry)
    malloc                                   0x00008929   Thumb Code    92  malloc.o(i.malloc)
    msh_auto_complete                        0x00008995   Thumb Code   144  msh.o(i.msh_auto_complete)
    msh_exec                                 0x00008a39   Thumb Code    90  msh.o(i.msh_exec)
    msh_help                                 0x00008b0d   Thumb Code    68  msh.o(i.msh_help)
    msh_is_used                              0x00008b8d   Thumb Code     4  msh.o(i.msh_is_used)
    pow                                      0x00009425   Thumb Code  2548  pow.o(i.pow)
    rt_application_init                      0x00009e21   Thumb Code    34  components.o(i.rt_application_init)
    rt_calloc                                0x00009e51   Thumb Code    40  mem.o(i.rt_calloc)
    rt_components_board_init                 0x00009e79   Thumb Code    20  components.o(i.rt_components_board_init)
    rt_components_init                       0x00009e95   Thumb Code    20  components.o(i.rt_components_init)
    rt_console_get_device                    0x00009eb1   Thumb Code     6  kservice.o(i.rt_console_get_device)
    rt_device_close                          0x00009ebd   Thumb Code    72  device.o(i.rt_device_close)
    rt_device_find                           0x00009f05   Thumb Code    14  device.o(i.rt_device_find)
    rt_device_open                           0x00009f15   Thumb Code   140  device.o(i.rt_device_open)
    rt_device_read                           0x00009fdd   Thumb Code    62  device.o(i.rt_device_read)
    rt_device_set_rx_indicate                0x0000a01b   Thumb Code     8  device.o(i.rt_device_set_rx_indicate)
    rt_device_write                          0x0000a023   Thumb Code    62  device.o(i.rt_device_write)
    rt_enter_critical                        0x0000a061   Thumb Code    28  scheduler.o(i.rt_enter_critical)
    rt_exit_critical                         0x0000a081   Thumb Code    64  scheduler.o(i.rt_exit_critical)
    rt_free                                  0x0000a0c9   Thumb Code   154  mem.o(i.rt_free)
    rt_heap_begin_get                        0x0000a1c9   Thumb Code     4  board.o(i.rt_heap_begin_get)
    rt_heap_end_get                          0x0000a1d1   Thumb Code     4  board.o(i.rt_heap_end_get)
    rt_hw_board_init                         0x0000a1d9   Thumb Code    30  board.o(i.rt_hw_board_init)
    rt_hw_console_getchar                    0x0000a1f9   Thumb Code    58  usart.o(i.rt_hw_console_getchar)
    rt_hw_console_output                     0x0000a239   Thumb Code    76  usart.o(i.rt_hw_console_output)
    rt_hw_hard_fault_exception               0x0000a289   Thumb Code    84  cpuport.o(i.rt_hw_hard_fault_exception)
    rt_hw_stack_init                         0x0000a37d   Thumb Code    58  cpuport.o(i.rt_hw_stack_init)
    rt_hw_us_delay                           0x0000a3bd   Thumb Code    58  systick.o(i.rt_hw_us_delay)
    rt_interrupt_enter                       0x0000a3fd   Thumb Code    44  irq.o(i.rt_interrupt_enter)
    rt_interrupt_get_nest                    0x0000a431   Thumb Code    22  irq.o(i.rt_interrupt_get_nest)
    rt_interrupt_leave                       0x0000a44d   Thumb Code    44  irq.o(i.rt_interrupt_leave)
    rt_kprintf                               0x0000a509   Thumb Code   100  kservice.o(i.rt_kprintf)
    rt_malloc                                0x0000a639   Thumb Code   360  mem.o(i.rt_malloc)
    rt_memcpy                                0x0000a7c1   Thumb Code    94  kservice.o(i.rt_memcpy)
    rt_memmove                               0x0000a81f   Thumb Code    66  kservice.o(i.rt_memmove)
    rt_memset                                0x0000a861   Thumb Code    76  kservice.o(i.rt_memset)
    rt_mq_create                             0x0000a8ad   Thumb Code   132  ipc.o(i.rt_mq_create)
    rt_mq_recv                               0x0000a931   Thumb Code   360  ipc.o(i.rt_mq_recv)
    rt_mq_send                               0x0000aaa1   Thumb Code    22  ipc.o(i.rt_mq_send)
    rt_mq_send_wait                          0x0000aab9   Thumb Code   328  ipc.o(i.rt_mq_send_wait)
    rt_object_allocate                       0x0000ac09   Thumb Code   100  object.o(i.rt_object_allocate)
    rt_object_delete                         0x0000ac71   Thumb Code    56  object.o(i.rt_object_delete)
    rt_object_detach                         0x0000acad   Thumb Code    50  object.o(i.rt_object_detach)
    rt_object_find                           0x0000ace5   Thumb Code    86  object.o(i.rt_object_find)
    rt_object_get_information                0x0000ad3d   Thumb Code    32  object.o(i.rt_object_get_information)
    rt_object_init                           0x0000ad61   Thumb Code   104  object.o(i.rt_object_init)
    rt_object_is_systemobject                0x0000adcd   Thumb Code    20  object.o(i.rt_object_is_systemobject)
    rt_schedule                              0x0000ade1   Thumb Code   128  scheduler.o(i.rt_schedule)
    rt_schedule_insert_thread                0x0000ae7d   Thumb Code    74  scheduler.o(i.rt_schedule_insert_thread)
    rt_schedule_remove_thread                0x0000aed1   Thumb Code    78  scheduler.o(i.rt_schedule_remove_thread)
    rt_sem_create                            0x0000af29   Thumb Code    40  ipc.o(i.rt_sem_create)
    rt_sem_init                              0x0000af51   Thumb Code    34  ipc.o(i.rt_sem_init)
    rt_sem_release                           0x0000af75   Thumb Code   102  ipc.o(i.rt_sem_release)
    rt_sem_take                              0x0000afe5   Thumb Code   160  ipc.o(i.rt_sem_take)
    rt_set_errno                             0x0000b08d   Thumb Code    40  kservice.o(i.rt_set_errno)
    rt_show_version                          0x0000b0b9   Thumb Code    38  kservice.o(i.rt_show_version)
    rt_strcmp                                0x0000b169   Thumb Code    30  kservice.o(i.rt_strcmp)
    rt_strlen                                0x0000b187   Thumb Code    18  kservice.o(i.rt_strlen)
    rt_strncmp                               0x0000b199   Thumb Code    42  kservice.o(i.rt_strncmp)
    rt_strncpy                               0x0000b1c3   Thumb Code    56  kservice.o(i.rt_strncpy)
    rt_system_heap_init                      0x0000b1fd   Thumb Code   154  mem.o(i.rt_system_heap_init)
    rt_system_scheduler_init                 0x0000b2f1   Thumb Code    52  scheduler.o(i.rt_system_scheduler_init)
    rt_system_scheduler_start                0x0000b33d   Thumb Code    36  scheduler.o(i.rt_system_scheduler_start)
    rt_system_timer_init                     0x0000b36d   Thumb Code    24  timer.o(i.rt_system_timer_init)
    rt_system_timer_thread_init              0x0000b389   Thumb Code     2  timer.o(i.rt_system_timer_thread_init)
    rt_thread_create                         0x0000b38b   Thumb Code    80  thread.o(i.rt_thread_create)
    rt_thread_exit                           0x0000b3dd   Thumb Code    78  thread.o(i.rt_thread_exit)
    rt_thread_idle_excute                    0x0000b461   Thumb Code    94  idle.o(i.rt_thread_idle_excute)
    rt_thread_idle_init                      0x0000b4c5   Thumb Code    38  idle.o(i.rt_thread_idle_init)
    rt_thread_init                           0x0000b501   Thumb Code    44  thread.o(i.rt_thread_init)
    rt_thread_mdelay                         0x0000b52d   Thumb Code    20  thread.o(i.rt_thread_mdelay)
    rt_thread_resume                         0x0000b541   Thumb Code    80  thread.o(i.rt_thread_resume)
    rt_thread_self                           0x0000b595   Thumb Code     6  thread.o(i.rt_thread_self)
    rt_thread_sleep                          0x0000b5a1   Thumb Code    62  thread.o(i.rt_thread_sleep)
    rt_thread_startup                        0x0000b5e5   Thumb Code    48  thread.o(i.rt_thread_startup)
    rt_thread_suspend                        0x0000b615   Thumb Code    88  thread.o(i.rt_thread_suspend)
    rt_thread_timeout                        0x0000b671   Thumb Code    32  thread.o(i.rt_thread_timeout)
    rt_thread_yield                          0x0000b691   Thumb Code    92  thread.o(i.rt_thread_yield)
    rt_tick_from_millisecond                 0x0000b6f5   Thumb Code    62  clock.o(i.rt_tick_from_millisecond)
    rt_tick_get                              0x0000b735   Thumb Code     6  clock.o(i.rt_tick_get)
    rt_tick_increase                         0x0000b741   Thumb Code    44  clock.o(i.rt_tick_increase)
    rt_timer_check                           0x0000b771   Thumb Code   206  timer.o(i.rt_timer_check)
    rt_timer_control                         0x0000b851   Thumb Code    96  timer.o(i.rt_timer_control)
    rt_timer_create                          0x0000b8b1   Thumb Code    46  timer.o(i.rt_timer_create)
    rt_timer_detach                          0x0000b8df   Thumb Code    40  timer.o(i.rt_timer_detach)
    rt_timer_init                            0x0000b907   Thumb Code    38  timer.o(i.rt_timer_init)
    rt_timer_start                           0x0000b92d   Thumb Code   258  timer.o(i.rt_timer_start)
    rt_timer_stop                            0x0000ba41   Thumb Code    68  timer.o(i.rt_timer_stop)
    rtthread_startup                         0x0000ba99   Thumb Code    42  components.o(i.rtthread_startup)
    sqrt                                     0x0000bb45   Thumb Code    66  sqrt.o(i.sqrt)
    version                                  0x0000bbb1   Thumb Code    10  cmd.o(i.version)
    weatherOLD_thread_entry                  0x0000bbbd   Thumb Code   678  task.o(i.weatherOLD_thread_entry)
    asc2_1206                                0x0000be9f   Data        1140  oled.o(.constdata)
    asc2_1608                                0x0000c313   Data        1520  oled.o(.constdata)
    asc2_2412                                0x0000c903   Data        3420  oled.o(.constdata)
    Hzk1                                     0x0000d65f   Data         352  oled.o(.constdata)
    TPYB0                                    0x0000d7bf   Data          64  oled.o(.constdata)
    TPYB4                                    0x0000d7ff   Data          64  oled.o(.constdata)
    TPYB9                                    0x0000d83f   Data          64  oled.o(.constdata)
    TPYB10                                   0x0000d87f   Data          64  oled.o(.constdata)
    TPYB20                                   0x0000d8bf   Data          64  oled.o(.constdata)
    TPYB26                                   0x0000d8ff   Data          64  oled.o(.constdata)
    WENDU                                    0x0000d93f   Data          96  oled.o(.constdata)
    Hzk2                                     0x0000d99f   Data         216  oled.o(.constdata)
    Hzk3                                     0x0000da77   Data         512  oled.o(.constdata)
    Hzk4                                     0x0000dc77   Data        4096  oled.o(.constdata)
    __lowest_bit_bitmap                      0x0000ecd0   Data         256  kservice.o(.constdata)
    __mathlib_zero                           0x0000ee90   Data           8  qnan.o(.constdata)
    __fsym___cmd_GetBmi160Data_name          0x0000f239   Data          20  bmi160.o(.rodata.name)
    __fsym___cmd_GetBmi160Data_desc          0x0000f24d   Data          18  bmi160.o(.rodata.name)
    __fsym___cmd_ATcmd_name                  0x0000f25f   Data          12  wificmdtest.o(.rodata.name)
    __fsym___cmd_ATcmd_desc                  0x0000f26b   Data          14  wificmdtest.o(.rodata.name)
    __fsym___cmd_SensorDataUploadCycle_name  0x0000f279   Data          28  temperatureuploadlocalser.o(.rodata.name)
    __fsym___cmd_SensorDataUploadCycle_desc  0x0000f295   Data          23  temperatureuploadlocalser.o(.rodata.name)
    __fsym___cmd_SensorDataUploadStop_name   0x0000f2ac   Data          27  temperatureuploadlocalser.o(.rodata.name)
    __fsym___cmd_SensorDataUploadStop_desc   0x0000f2c7   Data          22  temperatureuploadlocalser.o(.rodata.name)
    __fsym___cmd_SensorDataSendToServerInit_name 0x0000f2dd   Data          33  temperatureuploadlocalser.o(.rodata.name)
    __fsym___cmd_SensorDataSendToServerInit_desc 0x0000f2fe   Data          37  temperatureuploadlocalser.o(.rodata.name)
    __fsym___cmd_GetNtp_name                 0x0000f323   Data          13  ntpexample.o(.rodata.name)
    __fsym___cmd_GetNtp_desc                 0x0000f330   Data          18  ntpexample.o(.rodata.name)
    __fsym___cmd_GetNowWeather_name          0x0000f342   Data          20  weatherinfo.o(.rodata.name)
    __fsym___cmd_GetNowWeather_desc          0x0000f356   Data          24  weatherinfo.o(.rodata.name)
    __fsym_hello_name                        0x0000f36e   Data           6  cmd.o(.rodata.name)
    __fsym_hello_desc                        0x0000f374   Data          16  cmd.o(.rodata.name)
    __fsym_version_name                      0x0000f384   Data           8  cmd.o(.rodata.name)
    __fsym_version_desc                      0x0000f38c   Data          35  cmd.o(.rodata.name)
    __fsym___cmd_version_name                0x0000f3af   Data          14  cmd.o(.rodata.name)
    __fsym___cmd_version_desc                0x0000f3bd   Data          35  cmd.o(.rodata.name)
    __fsym_list_thread_name                  0x0000f3e0   Data          12  cmd.o(.rodata.name)
    __fsym_list_thread_desc                  0x0000f3ec   Data          12  cmd.o(.rodata.name)
    __fsym___cmd_list_thread_name            0x0000f3f8   Data          18  cmd.o(.rodata.name)
    __fsym___cmd_list_thread_desc            0x0000f40a   Data          12  cmd.o(.rodata.name)
    __fsym_list_sem_name                     0x0000f416   Data           9  cmd.o(.rodata.name)
    __fsym_list_sem_desc                     0x0000f41f   Data          25  cmd.o(.rodata.name)
    __fsym___cmd_list_sem_name               0x0000f438   Data          15  cmd.o(.rodata.name)
    __fsym___cmd_list_sem_desc               0x0000f447   Data          25  cmd.o(.rodata.name)
    __fsym_list_event_name                   0x0000f460   Data          11  cmd.o(.rodata.name)
    __fsym_list_event_desc                   0x0000f46b   Data          21  cmd.o(.rodata.name)
    __fsym___cmd_list_event_name             0x0000f480   Data          17  cmd.o(.rodata.name)
    __fsym___cmd_list_event_desc             0x0000f491   Data          21  cmd.o(.rodata.name)
    __fsym_list_mutex_name                   0x0000f4a6   Data          11  cmd.o(.rodata.name)
    __fsym_list_mutex_desc                   0x0000f4b1   Data          21  cmd.o(.rodata.name)
    __fsym___cmd_list_mutex_name             0x0000f4c6   Data          17  cmd.o(.rodata.name)
    __fsym___cmd_list_mutex_desc             0x0000f4d7   Data          21  cmd.o(.rodata.name)
    __fsym_list_mailbox_name                 0x0000f4ec   Data          13  cmd.o(.rodata.name)
    __fsym_list_mailbox_desc                 0x0000f4f9   Data          24  cmd.o(.rodata.name)
    __fsym___cmd_list_mailbox_name           0x0000f511   Data          19  cmd.o(.rodata.name)
    __fsym___cmd_list_mailbox_desc           0x0000f524   Data          24  cmd.o(.rodata.name)
    __fsym_list_msgqueue_name                0x0000f53c   Data          14  cmd.o(.rodata.name)
    __fsym_list_msgqueue_desc                0x0000f54a   Data          29  cmd.o(.rodata.name)
    __fsym___cmd_list_msgqueue_name          0x0000f567   Data          20  cmd.o(.rodata.name)
    __fsym___cmd_list_msgqueue_desc          0x0000f57b   Data          29  cmd.o(.rodata.name)
    __fsym_list_mempool_name                 0x0000f598   Data          13  cmd.o(.rodata.name)
    __fsym_list_mempool_desc                 0x0000f5a5   Data          27  cmd.o(.rodata.name)
    __fsym___cmd_list_mempool_name           0x0000f5c0   Data          19  cmd.o(.rodata.name)
    __fsym___cmd_list_mempool_desc           0x0000f5d3   Data          27  cmd.o(.rodata.name)
    __fsym_list_timer_name                   0x0000f5ee   Data          11  cmd.o(.rodata.name)
    __fsym_list_timer_desc                   0x0000f5f9   Data          21  cmd.o(.rodata.name)
    __fsym___cmd_list_timer_name             0x0000f60e   Data          17  cmd.o(.rodata.name)
    __fsym___cmd_list_timer_desc             0x0000f61f   Data          21  cmd.o(.rodata.name)
    __fsym_list_device_name                  0x0000f634   Data          12  cmd.o(.rodata.name)
    __fsym_list_device_desc                  0x0000f640   Data          22  cmd.o(.rodata.name)
    __fsym___cmd_list_device_name            0x0000f656   Data          18  cmd.o(.rodata.name)
    __fsym___cmd_list_device_desc            0x0000f668   Data          22  cmd.o(.rodata.name)
    __fsym_list_name                         0x0000f67e   Data           5  cmd.o(.rodata.name)
    __fsym_list_desc                         0x0000f683   Data          26  cmd.o(.rodata.name)
    __fsym___cmd_help_name                   0x0000f69d   Data          11  msh.o(.rodata.name)
    __fsym___cmd_help_desc                   0x0000f6a8   Data          22  msh.o(.rodata.name)
    __fsym___cmd_ps_name                     0x0000f6be   Data           9  msh.o(.rodata.name)
    __fsym___cmd_ps_desc                     0x0000f6c7   Data          28  msh.o(.rodata.name)
    __fsym___cmd_free_name                   0x0000f6e3   Data          11  msh.o(.rodata.name)
    __fsym___cmd_free_desc                   0x0000f6ee   Data          37  msh.o(.rodata.name)
    __fsym_list_mem_name                     0x0000f713   Data           9  mem.o(.rodata.name)
    __fsym_list_mem_desc                     0x0000f71c   Data          30  mem.o(.rodata.name)
    __rt_init_rti_start                      0x0000f73c   Data           4  components.o(.rti_fn.0)
    __rt_init_rti_board_start                0x0000f740   Data           4  components.o(.rti_fn.0.end)
    __rt_init_rti_board_end                  0x0000f744   Data           4  components.o(.rti_fn.1.end)
    __rt_init_cJSON_hook_init                0x0000f748   Data           4  cjson_port.o(.rti_fn.4)
    __rt_init_button_process_init            0x0000f74c   Data           4  button.o(.rti_fn.6)
    __rt_init_ADCProcessInit                 0x0000f750   Data           4  adc.o(.rti_fn.6)
    __rt_init_ESP8266_Init                   0x0000f754   Data           4  bspesp8266.o(.rti_fn.6)
    __rt_init_BMIProcessInit                 0x0000f758   Data           4  bmi160.o(.rti_fn.6)
    __rt_init_finsh_system_init              0x0000f75c   Data           4  shell.o(.rti_fn.6)
    __rt_init_rti_end                        0x0000f760   Data           4  components.o(.rti_fn.6.end)
    FSymTab$$Base                            0x0000f764   Number         0  bmi160.o(FSymTab)
    __fsym___cmd_GetBmi160Data               0x0000f764   Data          12  bmi160.o(FSymTab)
    __fsym___cmd_ATcmd                       0x0000f770   Data          12  wificmdtest.o(FSymTab)
    __fsym___cmd_SensorDataUploadCycle       0x0000f77c   Data          12  temperatureuploadlocalser.o(FSymTab)
    __fsym___cmd_SensorDataUploadStop        0x0000f788   Data          12  temperatureuploadlocalser.o(FSymTab)
    __fsym___cmd_SensorDataSendToServerInit  0x0000f794   Data          12  temperatureuploadlocalser.o(FSymTab)
    __fsym___cmd_GetNtp                      0x0000f7a0   Data          12  ntpexample.o(FSymTab)
    __fsym___cmd_GetNowWeather               0x0000f7ac   Data          12  weatherinfo.o(FSymTab)
    __fsym_hello                             0x0000f7b8   Data          12  cmd.o(FSymTab)
    __fsym_version                           0x0000f7c4   Data          12  cmd.o(FSymTab)
    __fsym___cmd_version                     0x0000f7d0   Data          12  cmd.o(FSymTab)
    __fsym_list_thread                       0x0000f7dc   Data          12  cmd.o(FSymTab)
    __fsym___cmd_list_thread                 0x0000f7e8   Data          12  cmd.o(FSymTab)
    __fsym_list_sem                          0x0000f7f4   Data          12  cmd.o(FSymTab)
    __fsym___cmd_list_sem                    0x0000f800   Data          12  cmd.o(FSymTab)
    __fsym_list_event                        0x0000f80c   Data          12  cmd.o(FSymTab)
    __fsym___cmd_list_event                  0x0000f818   Data          12  cmd.o(FSymTab)
    __fsym_list_mutex                        0x0000f824   Data          12  cmd.o(FSymTab)
    __fsym___cmd_list_mutex                  0x0000f830   Data          12  cmd.o(FSymTab)
    __fsym_list_mailbox                      0x0000f83c   Data          12  cmd.o(FSymTab)
    __fsym___cmd_list_mailbox                0x0000f848   Data          12  cmd.o(FSymTab)
    __fsym_list_msgqueue                     0x0000f854   Data          12  cmd.o(FSymTab)
    __fsym___cmd_list_msgqueue               0x0000f860   Data          12  cmd.o(FSymTab)
    __fsym_list_mempool                      0x0000f86c   Data          12  cmd.o(FSymTab)
    __fsym___cmd_list_mempool                0x0000f878   Data          12  cmd.o(FSymTab)
    __fsym_list_timer                        0x0000f884   Data          12  cmd.o(FSymTab)
    __fsym___cmd_list_timer                  0x0000f890   Data          12  cmd.o(FSymTab)
    __fsym_list_device                       0x0000f89c   Data          12  cmd.o(FSymTab)
    __fsym___cmd_list_device                 0x0000f8a8   Data          12  cmd.o(FSymTab)
    __fsym_list                              0x0000f8b4   Data          12  cmd.o(FSymTab)
    __fsym___cmd_help                        0x0000f8c0   Data          12  msh.o(FSymTab)
    __fsym___cmd_ps                          0x0000f8cc   Data          12  msh.o(FSymTab)
    __fsym___cmd_free                        0x0000f8d8   Data          12  msh.o(FSymTab)
    __fsym_list_mem                          0x0000f8e4   Data          12  mem.o(FSymTab)
    FSymTab$$Limit                           0x0000f8f0   Number         0  mem.o(FSymTab)
    Region$$Table$$Base                      0x0000f8f0   Number         0  anon$$obj.o(Region$$Table)
    Region$$Table$$Limit                     0x0000f910   Number         0  anon$$obj.o(Region$$Table)
    SystemCoreClock                          0x20000000   Data           4  system_vtm071x.o(.data)
    BMP2                                     0x20000004   Data         768  task.o(.data)
    Water_Drop                               0x20000304   Data        1024  task.o(.data)
    usart1_recv_sem                          0x20000704   Data           4  task.o(.data)
    msg_mq                                   0x20000708   Data           4  task.o(.data)
    TaskThreads                              0x20000710   Data          48  task.o(.data)
    tim_year                                 0x20000740   Data           2  task.o(.data)
    tim_mon                                  0x20000742   Data           1  task.o(.data)
    tim_mday                                 0x20000743   Data           1  task.o(.data)
    tim_time                                 0x20000744   Data           1  task.o(.data)
    tim_min                                  0x20000745   Data           1  task.o(.data)
    tim_sec                                  0x20000746   Data           1  task.o(.data)
    ADCProcessSoftTimer                      0x2000074c   Data           4  adc.o(.data)
    Chip_List                                0x20000764   Data          80  vtm071x_eval_i2c_ee.o(.data)
    EEPROM                                   0x200007b4   Data           4  vtm071x_eval_i2c_ee.o(.data)
    RecBuf                                   0x200007b8   Data           4  vtm071x_eval_i2c_ee.o(.data)
    RecIndex                                 0x200007bc   Data           4  vtm071x_eval_i2c_ee.o(.data)
    RecTrigger                               0x200007c0   Data           4  vtm071x_eval_i2c_ee.o(.data)
    RecSize                                  0x200007c4   Data           4  vtm071x_eval_i2c_ee.o(.data)
    I2C_MasterStatus                         0x200007c8   Data           4  vtm071x_eval_i2c_ee.o(.data)
    _syscall_table_begin                     0x200007cc   Data           4  shell.o(.data)
    _syscall_table_end                       0x200007d0   Data           4  shell.o(.data)
    _sysvar_table_begin                      0x200007d4   Data           4  shell.o(.data)
    _sysvar_table_end                        0x200007d8   Data           4  shell.o(.data)
    shell                                    0x200007dc   Data           4  shell.o(.data)
    rt_interrupt_from_thread                 0x200007e4   Data           4  cpuport.o(.data)
    rt_interrupt_to_thread                   0x200007e8   Data           4  cpuport.o(.data)
    rt_thread_switch_interrupt_flag          0x200007ec   Data           4  cpuport.o(.data)
    rt_interrupt_nest                        0x200007fc   Data           1  irq.o(.data)
    rt_object_trytake_hook                   0x200008c0   Data           4  object.o(.data)
    rt_object_take_hook                      0x200008c4   Data           4  object.o(.data)
    rt_object_put_hook                       0x200008c8   Data           4  object.o(.data)
    rt_thread_ready_priority_group           0x200008cc   Data           4  scheduler.o(.data)
    rt_current_thread                        0x200008d4   Data           4  scheduler.o(.data)
    rt_current_priority                      0x200008d8   Data           1  scheduler.o(.data)
    rt_thread_defunct                        0x200008dc   Data           8  scheduler.o(.data)
    __stdout                                 0x20000908   Data           4  stdout.o(.data)
    __microlib_freelist                      0x2000090c   Data           4  mvars.o(.data)
    __microlib_freelist_initialised          0x20000910   Data           4  mvars.o(.data)
    strEsp8266_Fram_Record                   0x20000948   Data         514  bspesp8266.o(.bss)
    weather_data                             0x20000b68   Data         128  weatherinfo.o(.bss)
    OLED_GRAM                                0x20000be8   Data        1152  oled.o(.bss)
    rt_thread_priority_table                 0x20003434   Data         256  scheduler.o(.bss)
    __heap_base                              0x20003560   Data           0  startup_vtm071x.o(HEAP)
    __heap_limit                             0x20003560   Data           0  startup_vtm071x.o(HEAP)
    __initial_sp                             0x20003d60   Data           0  startup_vtm071x.o(STACK)



==============================================================================

Memory Map of the image

  Image Entry point : 0x000000c1

  Load Region LR_IROM1 (Base: 0x00000000, Size: 0x00010228, Max: 0x0001e000, ABSOLUTE, COMPRESSED[0x0000fa00])

    Execution Region ER_IROM1 (Exec base: 0x00000000, Load base: 0x00000000, Size: 0x0000f910, Max: 0x0001e000, ABSOLUTE)

    Exec Addr    Load Addr    Size         Type   Attr      Idx    E Section Name        Object

    0x00000000   0x00000000   0x000000c0   Data   RO          122    RESET               startup_vtm071x.o
    0x000000c0   0x000000c0   0x00000000   Code   RO         5694  * .ARM.Collect$$$$00000000  mc_p.l(entry.o)
    0x000000c0   0x000000c0   0x00000004   Code   RO         6073    .ARM.Collect$$$$00000001  mc_p.l(entry2.o)
    0x000000c4   0x000000c4   0x00000004   Code   RO         6076    .ARM.Collect$$$$00000004  mc_p.l(entry5.o)
    0x000000c8   0x000000c8   0x00000000   Code   RO         6078    .ARM.Collect$$$$00000008  mc_p.l(entry7b.o)
    0x000000c8   0x000000c8   0x00000000   Code   RO         6080    .ARM.Collect$$$$0000000A  mc_p.l(entry8b.o)
    0x000000c8   0x000000c8   0x00000008   Code   RO         6081    .ARM.Collect$$$$0000000B  mc_p.l(entry9a.o)
    0x000000d0   0x000000d0   0x00000004   Code   RO         6088    .ARM.Collect$$$$0000000E  mc_p.l(entry12b.o)
    0x000000d4   0x000000d4   0x00000000   Code   RO         6083    .ARM.Collect$$$$0000000F  mc_p.l(entry10a.o)
    0x000000d4   0x000000d4   0x00000000   Code   RO         6085    .ARM.Collect$$$$00000011  mc_p.l(entry11a.o)
    0x000000d4   0x000000d4   0x00000004   Code   RO         6074    .ARM.Collect$$$$00002712  mc_p.l(entry2.o)
    0x000000d8   0x000000d8   0x0000001c   Code   RO          123    .text               startup_vtm071x.o
    0x000000f4   0x000000f4   0x000000d8   Code   RO         2311    .text               context_rvds.o
    0x000001cc   0x000001cc   0x0000002c   Code   RO         5697    .text               mc_p.l(uidiv.o)
    0x000001f8   0x000001f8   0x00000028   Code   RO         5699    .text               mc_p.l(idiv.o)
    0x00000220   0x00000220   0x0000000c   Code   RO         5701    .text               mc_p.l(tolower.o)
    0x0000022c   0x0000022c   0x00000078   Code   RO         5703    .text               mc_p.l(localtime.o)
    0x000002a4   0x000002a4   0x00000024   Code   RO         5707    .text               mc_p.l(memcpya.o)
    0x000002c8   0x000002c8   0x00000024   Code   RO         5709    .text               mc_p.l(memseta.o)
    0x000002ec   0x000002ec   0x00000018   Code   RO         5711    .text               mc_p.l(strcat.o)
    0x00000304   0x00000304   0x00000028   Code   RO         5713    .text               mc_p.l(strstr.o)
    0x0000032c   0x0000032c   0x0000001a   Code   RO         5715    .text               mc_p.l(strncpy.o)
    0x00000346   0x00000346   0x0000000e   Code   RO         5719    .text               mc_p.l(strlen.o)
    0x00000354   0x00000354   0x0000001c   Code   RO         5721    .text               mc_p.l(strcmp.o)
    0x00000370   0x00000370   0x00000012   Code   RO         5723    .text               mc_p.l(strcpy.o)
    0x00000382   0x00000382   0x0000001e   Code   RO         5725    .text               mc_p.l(strncmp.o)
    0x000003a0   0x000003a0   0x0000007a   Code   RO         6018    .text               mf_p.l(fmul.o)
    0x0000041a   0x0000041a   0x0000007c   Code   RO         6020    .text               mf_p.l(fdiv.o)
    0x00000496   0x00000496   0x00000002   PAD
    0x00000498   0x00000498   0x00000168   Code   RO         6022    .text               mf_p.l(dadd.o)
    0x00000600   0x00000600   0x000000d0   Code   RO         6024    .text               mf_p.l(dmul.o)
    0x000006d0   0x000006d0   0x000000f0   Code   RO         6026    .text               mf_p.l(ddiv.o)
    0x000007c0   0x000007c0   0x00000016   Code   RO         6028    .text               mf_p.l(fflti.o)
    0x000007d6   0x000007d6   0x0000000e   Code   RO         6030    .text               mf_p.l(ffltui.o)
    0x000007e4   0x000007e4   0x00000028   Code   RO         6032    .text               mf_p.l(dflti.o)
    0x0000080c   0x0000080c   0x00000028   Code   RO         6034    .text               mf_p.l(ffixui.o)
    0x00000834   0x00000834   0x00000048   Code   RO         6036    .text               mf_p.l(dfixi.o)
    0x0000087c   0x0000087c   0x00000028   Code   RO         6038    .text               mf_p.l(f2d.o)
    0x000008a4   0x000008a4   0x00000028   Code   RO         6042    .text               mf_p.l(cdrcmple.o)
    0x000008cc   0x000008cc   0x00000038   Code   RO         6044    .text               mf_p.l(d2f.o)
    0x00000904   0x00000904   0x00000060   Code   RO         6092    .text               mc_p.l(uldiv.o)
    0x00000964   0x00000964   0x00000020   Code   RO         6094    .text               mc_p.l(llshl.o)
    0x00000984   0x00000984   0x00000022   Code   RO         6096    .text               mc_p.l(llushr.o)
    0x000009a6   0x000009a6   0x00000026   Code   RO         6098    .text               mc_p.l(llsshr.o)
    0x000009cc   0x000009cc   0x00000000   Code   RO         6109    .text               mc_p.l(iusefp.o)
    0x000009cc   0x000009cc   0x00000082   Code   RO         6110    .text               mf_p.l(fepilogue.o)
    0x00000a4e   0x00000a4e   0x000000be   Code   RO         6112    .text               mf_p.l(depilogue.o)
    0x00000b0c   0x00000b0c   0x0000002c   Code   RO         6116    .text               mf_p.l(dscalb.o)
    0x00000b38   0x00000b38   0x00000040   Code   RO         6118    .text               mf_p.l(dfixul.o)
    0x00000b78   0x00000b78   0x00000024   Code   RO         6120    .text               mc_p.l(init.o)
    0x00000b9c   0x00000b9c   0x00000000   Code   RO         6122    .text               mc_p.l(semi.o)
    0x00000b9c   0x00000b9c   0x00000000   Code   RO         6123    .text               mc_p.l(iusesemip.o)
    0x00000b9c   0x00000b9c   0x000000a2   Code   RO         6124    .text               mf_p.l(dsqrt.o)
    0x00000c3e   0x00000c3e   0x00000056   Code   RO         6134    .text               mc_p.l(__dczerorl2.o)
    0x00000c94   0x00000c94   0x0000000a   Code   RO         3633    i.$Sub$$main        components.o
    0x00000c9e   0x00000c9e   0x00000002   PAD
    0x00000ca0   0x00000ca0   0x0000003c   Code   RO          651    i.ADCProcessInit    adc.o
    0x00000cdc   0x00000cdc   0x00000002   Code   RO          652    i.ADCProcessSoftTimer_callback  adc.o
    0x00000cde   0x00000cde   0x00000002   PAD
    0x00000ce0   0x00000ce0   0x0000006c   Code   RO         3813    i.ADC_ChannelConfig  vtm071x_adc.o
    0x00000d4c   0x00000d4c   0x0000006c   Code   RO         3815    i.ADC_ClearITPendingBit  vtm071x_adc.o
    0x00000db8   0x00000db8   0x00000090   Code   RO          653    i.ADC_Configuration  adc.o
    0x00000e48   0x00000e48   0x00000016   Code   RO         3818    i.ADC_DeInit        vtm071x_adc.o
    0x00000e5e   0x00000e5e   0x00000002   PAD
    0x00000e60   0x00000e60   0x00000084   Code   RO         3819    i.ADC_DiscModeCmd   vtm071x_adc.o
    0x00000ee4   0x00000ee4   0x0000008c   Code   RO         3822    i.ADC_GetITStatus   vtm071x_adc.o
    0x00000f70   0x00000f70   0x00000014   Code   RO          654    i.ADC_IRQHandler    adc.o
    0x00000f84   0x00000f84   0x00000098   Code   RO         3823    i.ADC_ITConfig      vtm071x_adc.o
    0x0000101c   0x0000101c   0x00000330   Code   RO         3824    i.ADC_Init          vtm071x_adc.o
    0x0000134c   0x0000134c   0x00000084   Code   RO         3826    i.ADC_OverrunModeCmd  vtm071x_adc.o
    0x000013d0   0x000013d0   0x00000014   Code   RO         3827    i.ADC_StartOfConversion  vtm071x_adc.o
    0x000013e4   0x000013e4   0x00000016   Code   RO         3829    i.ADC_StructInit    vtm071x_adc.o
    0x000013fa   0x000013fa   0x00000002   PAD
    0x000013fc   0x000013fc   0x00000230   Code   RO         1116    i.ATcmd             wificmdtest.o
    0x0000162c   0x0000162c   0x0000003c   Code   RO          965    i.BMI160_Read_Reg   bmi160.o
    0x00001668   0x00001668   0x0000003c   Code   RO          966    i.BMI160_write_Reg  bmi160.o
    0x000016a4   0x000016a4   0x0000000a   Code   RO          967    i.BMIProcessInit    bmi160.o
    0x000016ae   0x000016ae   0x0000001e   Code   RO          722    i.BeepControl       beep.o
    0x000016cc   0x000016cc   0x0000001e   Code   RO          723    i.BeepGpioInit      beep.o
    0x000016ea   0x000016ea   0x00000002   PAD
    0x000016ec   0x000016ec   0x0000008c   Code   RO          535    i.ButtonDetect      button.o
    0x00001778   0x00001778   0x00000052   Code   RO          536    i.ButtonGpioInit    button.o
    0x000017ca   0x000017ca   0x0000000c   Code   RO          537    i.ButtonInit        button.o
    0x000017d6   0x000017d6   0x00000002   PAD
    0x000017d8   0x000017d8   0x00000024   Code   RO          538    i.ButtonProj        button.o
    0x000017fc   0x000017fc   0x00000094   Code   RO          539    i.ButtonVarInit     button.o
    0x00001890   0x00001890   0x00000050   Code   RO         1140    i.Ds18B20ProcessSoftTimer_callback  temperatureuploadlocalser.o
    0x000018e0   0x000018e0   0x00000024   Code   RO          816    i.ESP8266_Close_Link  bspesp8266.o
    0x00001904   0x00001904   0x000000bc   Code   RO          817    i.ESP8266_Cmd       bspesp8266.o
    0x000019c0   0x000019c0   0x00000024   Code   RO          819    i.ESP8266_ExitUnvarnishSend  bspesp8266.o
    0x000019e4   0x000019e4   0x00000038   Code   RO          820    i.ESP8266_GPIO_Config  bspesp8266.o
    0x00001a1c   0x00001a1c   0x00000032   Code   RO          823    i.ESP8266_Init      bspesp8266.o
    0x00001a4e   0x00001a4e   0x00000002   PAD
    0x00001a50   0x00001a50   0x00000028   Code   RO          824    i.ESP8266_InquireIP  bspesp8266.o
    0x00001a78   0x00001a78   0x00000040   Code   RO          826    i.ESP8266_JoinAP    bspesp8266.o
    0x00001ab8   0x00001ab8   0x000000c0   Code   RO          827    i.ESP8266_Link_Server  bspesp8266.o
    0x00001b78   0x00001b78   0x00000078   Code   RO          828    i.ESP8266_Net_Mode_Choose  bspesp8266.o
    0x00001bf0   0x00001bf0   0x00000020   Code   RO          830    i.ESP8266_Rst       bspesp8266.o
    0x00001c10   0x00001c10   0x0000009c   Code   RO          831    i.ESP8266_SendString  bspesp8266.o
    0x00001cac   0x00001cac   0x0000009c   Code   RO          833    i.ESP8266_USART_Config  bspesp8266.o
    0x00001d48   0x00001d48   0x0000004c   Code   RO          834    i.ESP8266_UnvarnishSend  bspesp8266.o
    0x00001d94   0x00001d94   0x0000003c   Code   RO          438    i.ExtiInit          exti.o
    0x00001dd0   0x00001dd0   0x0000002c   Code   RO          439    i.GPIO0_TO_GPIO3_IRQHandler  exti.o
    0x00001dfc   0x00001dfc   0x000000d0   Code   RO         4224    i.GPIO_ANAConfig    vtm071x_gpio.o
    0x00001ecc   0x00001ecc   0x000000c8   Code   RO         4225    i.GPIO_ClearITPendingBit  vtm071x_gpio.o
    0x00001f94   0x00001f94   0x00000114   Code   RO         4228    i.GPIO_GetITStatus  vtm071x_gpio.o
    0x000020a8   0x000020a8   0x00000310   Code   RO         4229    i.GPIO_ITConfig     vtm071x_gpio.o
    0x000023b8   0x000023b8   0x000001ac   Code   RO         4230    i.GPIO_Init         vtm071x_gpio.o
    0x00002564   0x00002564   0x000000d0   Code   RO         4232    i.GPIO_ReadDataBit  vtm071x_gpio.o
    0x00002634   0x00002634   0x00000100   Code   RO         4234    i.GPIO_WriteBit     vtm071x_gpio.o
    0x00002734   0x00002734   0x00000238   Code   RO          968    i.GetBmi160Data     bmi160.o
    0x0000296c   0x0000296c   0x00000080   Code   RO         1209    i.GetNowWeather     weatherinfo.o
    0x000029ec   0x000029ec   0x00000220   Code   RO         1181    i.GetNtp            ntpexample.o
    0x00002c0c   0x00002c0c   0x000001a0   Code   RO         1886    i.I2C1_IRQHandler   vtm071x_eval_i2c_ee.o
    0x00002dac   0x00002dac   0x000000bc   Code   RO         4329    i.I2C_ClearITPendingBit  vtm071x_i2c.o
    0x00002e68   0x00002e68   0x00000090   Code   RO         4331    i.I2C_DeInit        vtm071x_i2c.o
    0x00002ef8   0x00002ef8   0x000000c4   Code   RO         4333    i.I2C_GetITFlag     vtm071x_i2c.o
    0x00002fbc   0x00002fbc   0x0000006c   Code   RO         4337    i.I2C_GetTXAbortSource  vtm071x_i2c.o
    0x00003028   0x00003028   0x0000006c   Code   RO         4343    i.I2C_ReceiveData   vtm071x_i2c.o
    0x00003094   0x00003094   0x0000002c   Code   RO         1671    i.I2C_Start         oled.o
    0x000030c0   0x000030c0   0x00000022   Code   RO         1672    i.I2C_Stop          oled.o
    0x000030e2   0x000030e2   0x00000018   Code   RO         1673    i.I2C_WaitAck       oled.o
    0x000030fa   0x000030fa   0x00000016   Code   RO          540    i.IsKey1Down        button.o
    0x00003110   0x00003110   0x00000016   Code   RO          541    i.IsKey2Down        button.o
    0x00003126   0x00003126   0x00000016   Code   RO          542    i.IsKey3Down        button.o
    0x0000313c   0x0000313c   0x00000038   Code   RO         1048    i.LM75BD_GpioInit   lm75bd.o
    0x00003174   0x00003174   0x00000050   Code   RO         1049    i.LM75BD_IIC_Ack    lm75bd.o
    0x000031c4   0x000031c4   0x00000050   Code   RO         1050    i.LM75BD_IIC_NAck   lm75bd.o
    0x00003214   0x00003214   0x00000074   Code   RO         1051    i.LM75BD_IIC_Read_Byte  lm75bd.o
    0x00003288   0x00003288   0x0000007c   Code   RO         1052    i.LM75BD_IIC_Send_Byte  lm75bd.o
    0x00003304   0x00003304   0x00000030   Code   RO         1053    i.LM75BD_IIC_Start  lm75bd.o
    0x00003334   0x00003334   0x00000048   Code   RO         1054    i.LM75BD_IIC_Stop   lm75bd.o
    0x0000337c   0x0000337c   0x00000068   Code   RO         1055    i.LM75BD_IIC_Wait_Ack  lm75bd.o
    0x000033e4   0x000033e4   0x00000042   Code   RO          696    i.LedControl        led.o
    0x00003426   0x00003426   0x0000003e   Code   RO          697    i.LedGpioInit       led.o
    0x00003464   0x00003464   0x000000d0   Code   RO         3703    i.NVIC_Init         misc.o
    0x00003534   0x00003534   0x00000078   Code   RO          398    i.NVIC_SetPriority  systick.o
    0x000035ac   0x000035ac   0x00000030   Code   RO         1674    i.OLED_Clear        oled.o
    0x000035dc   0x000035dc   0x0000005c   Code   RO         1675    i.OLED_ClearPoint   oled.o
    0x00003638   0x00003638   0x0000003c   Code   RO         1682    i.OLED_DrawPoint    oled.o
    0x00003674   0x00003674   0x00000134   Code   RO         1683    i.OLED_Init         oled.o
    0x000037a8   0x000037a8   0x0000001a   Code   RO         1684    i.OLED_Pow          oled.o
    0x000037c2   0x000037c2   0x00000002   PAD
    0x000037c4   0x000037c4   0x0000004c   Code   RO         1685    i.OLED_Refresh      oled.o
    0x00003810   0x00003810   0x000000e4   Code   RO         1687    i.OLED_ShowChar     oled.o
    0x000038f4   0x000038f4   0x00000108   Code   RO         1688    i.OLED_ShowChinese  oled.o
    0x000039fc   0x000039fc   0x00000234   Code   RO         1689    i.OLED_ShowChinese1  oled.o
    0x00003c30   0x00003c30   0x000000c8   Code   RO         1690    i.OLED_ShowChinese2  oled.o
    0x00003cf8   0x00003cf8   0x0000007c   Code   RO         1691    i.OLED_ShowNum      oled.o
    0x00003d74   0x00003d74   0x00000064   Code   RO         1692    i.OLED_ShowPicture  oled.o
    0x00003dd8   0x00003dd8   0x00000042   Code   RO         1693    i.OLED_ShowString   oled.o
    0x00003e1a   0x00003e1a   0x0000002e   Code   RO         1694    i.OLED_WR_BP        oled.o
    0x00003e48   0x00003e48   0x0000003a   Code   RO         1695    i.OLED_WR_Byte      oled.o
    0x00003e82   0x00003e82   0x00000002   PAD
    0x00003e84   0x00003e84   0x000000b0   Code   RO         4813    i.RCC_APBPeriphClockCmd  vtm071x_rcc.o
    0x00003f34   0x00003f34   0x000000b0   Code   RO         4814    i.RCC_APBPeriphResetCmd  vtm071x_rcc.o
    0x00003fe4   0x00003fe4   0x0000026c   Code   RO         4821    i.RCC_GetClocksFreq  vtm071x_rcc.o
    0x00004250   0x00004250   0x00000098   Code   RO         4830    i.RCC_PDRUNConfig   vtm071x_rcc.o
    0x000042e8   0x000042e8   0x00000084   Code   RO         4833    i.RCC_SETCLKDivider  vtm071x_rcc.o
    0x0000436c   0x0000436c   0x00000074   Code   RO         4837    i.RCC_USARTCLKSel   vtm071x_rcc.o
    0x000043e0   0x000043e0   0x00000114   Code   RO         1056    i.Read_LM75BD_Temputerature  lm75bd.o
    0x000044f4   0x000044f4   0x00000044   Code   RO          969    i.SPI_BMI160_Cmd    bmi160.o
    0x00004538   0x00004538   0x00000034   Code   RO          971    i.SPI_BMI160_Init   bmi160.o
    0x0000456c   0x0000456c   0x000000bc   Code   RO          972    i.SPI_BMI160_LowLevel_Init  bmi160.o
    0x00004628   0x00004628   0x00000064   Code   RO          973    i.SPI_BMI160_ReadWriteByte  bmi160.o
    0x0000468c   0x0000468c   0x00000090   Code   RO         5091    i.SPI_Cmd           vtm071x_spi.o
    0x0000471c   0x0000471c   0x00000090   Code   RO         5093    i.SPI_DeInit        vtm071x_spi.o
    0x000047ac   0x000047ac   0x0000009c   Code   RO         5095    i.SPI_GetFlagStatus  vtm071x_spi.o
    0x00004848   0x00004848   0x00000150   Code   RO         5099    i.SPI_Init          vtm071x_spi.o
    0x00004998   0x00004998   0x0000006c   Code   RO         5101    i.SPI_ReceiveData   vtm071x_spi.o
    0x00004a04   0x00004a04   0x0000006c   Code   RO         5103    i.SPI_SendData      vtm071x_spi.o
    0x00004a70   0x00004a70   0x00000002   Code   RO          268    i.SVC_Handler       vtm071x_it.o
    0x00004a72   0x00004a72   0x00000052   Code   RO         1696    i.Send_Byte         oled.o
    0x00004ac4   0x00004ac4   0x00000040   Code   RO         1141    i.SensorDataSendToServerInit  temperatureuploadlocalser.o
    0x00004b04   0x00004b04   0x00000014   Code   RO         1142    i.SensorDataUploadCycle  temperatureuploadlocalser.o
    0x00004b18   0x00004b18   0x00000014   Code   RO         1143    i.SensorDataUploadStop  temperatureuploadlocalser.o
    0x00004b2c   0x00004b2c   0x00000008   Code   RO            3    i.SetSysClock       system_vtm071x.o
    0x00004b34   0x00004b34   0x00000074   Code   RO            4    i.SetSysClockTo84   system_vtm071x.o
    0x00004ba8   0x00004ba8   0x00000018   Code   RO          316    i.SysInit           system.o
    0x00004bc0   0x00004bc0   0x00000048   Code   RO          399    i.SysTickInit       systick.o
    0x00004c08   0x00004c08   0x00000010   Code   RO         1962    i.SysTick_Handler   board.o
    0x00004c18   0x00004c18   0x00000018   Code   RO            6    i.SystemInit        system_vtm071x.o
    0x00004c30   0x00004c30   0x00000020   Code   RO          610    i.TIMER0_IRQHandler  bsptimer.o
    0x00004c50   0x00004c50   0x00000098   Code   RO         5213    i.TIMER_ClearITPendingBit  vtm071x_timer.o
    0x00004ce8   0x00004ce8   0x000001a4   Code   RO         5218    i.TIMER_GetITStatus  vtm071x_timer.o
    0x00004e8c   0x00004e8c   0x00000114   Code   RO          346    i.TaskInit          task.o
    0x00004fa0   0x00004fa0   0x00000064   Code   RO          467    i.USART0_IRQHandler  usart.o
    0x00005004   0x00005004   0x000000a0   Code   RO          835    i.USART1_IRQHandler  bspesp8266.o
    0x000050a4   0x000050a4   0x000000e4   Code   RO         5442    i.USART_ClearITPendingBit  vtm071x_usart.o
    0x00005188   0x00005188   0x00000088   Code   RO         5443    i.USART_Cmd         vtm071x_usart.o
    0x00005210   0x00005210   0x0000008c   Code   RO         5444    i.USART_DeInit      vtm071x_usart.o
    0x0000529c   0x0000529c   0x000000e8   Code   RO         5445    i.USART_GetFlagStatus  vtm071x_usart.o
    0x00005384   0x00005384   0x00000154   Code   RO         5446    i.USART_GetITStatus  vtm071x_usart.o
    0x000054d8   0x000054d8   0x00000118   Code   RO         5447    i.USART_ITConfig    vtm071x_usart.o
    0x000055f0   0x000055f0   0x00000258   Code   RO         5448    i.USART_Init        vtm071x_usart.o
    0x00005848   0x00005848   0x0000009c   Code   RO         5459    i.USART_RXTOCountConfig  vtm071x_usart.o
    0x000058e4   0x000058e4   0x00000068   Code   RO         5460    i.USART_ReceiveData  vtm071x_usart.o
    0x0000594c   0x0000594c   0x0000006c   Code   RO         5463    i.USART_SendData    vtm071x_usart.o
    0x000059b8   0x000059b8   0x0000002c   Code   RO         5464    i.USART_StructInit  vtm071x_usart.o
    0x000059e4   0x000059e4   0x0000010e   Code   RO          468    i.USART_printf      usart.o
    0x00005af2   0x00005af2   0x00000002   PAD
    0x00005af4   0x00005af4   0x00000064   Code   RO          469    i.UsartInit         usart.o
    0x00005b58   0x00005b58   0x00000020   Code   RO          470    i.UsartSendByte     usart.o
    0x00005b78   0x00005b78   0x00000020   Code   RO         5962    i.__0printf         mc_p.l(printfa.o)
    0x00005b98   0x00005b98   0x00000028   Code   RO         5964    i.__0sprintf        mc_p.l(printfa.o)
    0x00005bc0   0x00005bc0   0x00000030   Code   RO         5967    i.__0vsnprintf      mc_p.l(printfa.o)
    0x00005bf0   0x00005bf0   0x0000002e   Code   RO         6114    i.__ARM_clz         mf_p.l(depilogue.o)
    0x00005c1e   0x00005c1e   0x0000001c   Code   RO          603    i.__ARM_common_switch8  button.o
    0x00005c3a   0x00005c3a   0x00000002   PAD
    0x00005c3c   0x00005c3c   0x0000002c   Code   RO         6060    i.__ARM_fpclassify  m_ps.l(fpclassify.o)
    0x00005c68   0x00005c68   0x000000ac   Code   RO         6062    i.__kernel_poly     m_ps.l(poly.o)
    0x00005d14   0x00005d14   0x00000014   Code   RO         6046    i.__mathlib_dbl_divzero  m_ps.l(dunder.o)
    0x00005d28   0x00005d28   0x00000008   Code   RO         6048    i.__mathlib_dbl_infnan2  m_ps.l(dunder.o)
    0x00005d30   0x00005d30   0x00000010   Code   RO         6049    i.__mathlib_dbl_invalid  m_ps.l(dunder.o)
    0x00005d40   0x00005d40   0x00000014   Code   RO         6050    i.__mathlib_dbl_overflow  m_ps.l(dunder.o)
    0x00005d54   0x00005d54   0x00000014   Code   RO         6052    i.__mathlib_dbl_underflow  m_ps.l(dunder.o)
    0x00005d68   0x00005d68   0x0000005c   Code   RO         2836    i.__rt_ffs          kservice.o
    0x00005dc4   0x00005dc4   0x0000000e   Code   RO         6128    i.__scatterload_copy  mc_p.l(handlers.o)
    0x00005dd2   0x00005dd2   0x00000002   Code   RO         6129    i.__scatterload_null  mc_p.l(handlers.o)
    0x00005dd4   0x00005dd4   0x0000000e   Code   RO         6130    i.__scatterload_zeroinit  mc_p.l(handlers.o)
    0x00005de2   0x00005de2   0x00000002   PAD
    0x00005de4   0x00005de4   0x0000000c   Code   RO         6104    i.__set_errno       mc_p.l(errno.o)
    0x00005df0   0x00005df0   0x00000174   Code   RO         5969    i._fp_digits        mc_p.l(printfa.o)
    0x00005f64   0x00005f64   0x00000064   Code   RO         2133    i._msh_exec_cmd     msh.o
    0x00005fc8   0x00005fc8   0x000006f0   Code   RO         5970    i._printf_core      mc_p.l(printfa.o)
    0x000066b8   0x000066b8   0x00000020   Code   RO         5971    i._printf_post_padding  mc_p.l(printfa.o)
    0x000066d8   0x000066d8   0x0000002c   Code   RO         5972    i._printf_pre_padding  mc_p.l(printfa.o)
    0x00006704   0x00006704   0x000000a4   Code   RO         3356    i._rt_thread_init   thread.o
    0x000067a8   0x000067a8   0x0000003c   Code   RO         3508    i._rt_timer_init    timer.o
    0x000067e4   0x000067e4   0x0000001c   Code   RO         3509    i._rt_timer_remove  timer.o
    0x00006800   0x00006800   0x00000016   Code   RO         5973    i._snputc           mc_p.l(printfa.o)
    0x00006816   0x00006816   0x0000000a   Code   RO         5974    i._sputc            mc_p.l(printfa.o)
    0x00006820   0x00006820   0x00000022   Code   RO         3357    i._thread_cleanup_execute  thread.o
    0x00006842   0x00006842   0x00000002   PAD
    0x00006844   0x00006844   0x00000044   Code   RO          129    i.assert_failed     main.o
    0x00006888   0x00006888   0x0000003c   Code   RO          543    i.button_process_init  button.o
    0x000068c4   0x000068c4   0x000002d4   Code   RO          544    i.button_thread_entry  button.o
    0x00006b98   0x00006b98   0x00000068   Code   RO         1261    i.cJSON_Delete      cjson.o
    0x00006c00   0x00006c00   0x00000014   Code   RO         1267    i.cJSON_GetArrayItem  cjson.o
    0x00006c14   0x00006c14   0x00000012   Code   RO         1268    i.cJSON_GetArraySize  cjson.o
    0x00006c26   0x00006c26   0x00000002   PAD
    0x00006c28   0x00006c28   0x0000000c   Code   RO         1269    i.cJSON_GetErrorPtr  cjson.o
    0x00006c34   0x00006c34   0x00000020   Code   RO         1270    i.cJSON_GetObjectItem  cjson.o
    0x00006c54   0x00006c54   0x00000048   Code   RO         1271    i.cJSON_InitHooks   cjson.o
    0x00006c9c   0x00006c9c   0x00000020   Code   RO         1274    i.cJSON_New_Item    cjson.o
    0x00006cbc   0x00006cbc   0x00000280   Code   RO         1210    i.cJSON_NowWeatherParse  weatherinfo.o
    0x00006f3c   0x00006f3c   0x00000010   Code   RO         1275    i.cJSON_Parse       cjson.o
    0x00006f4c   0x00006f4c   0x0000006c   Code   RO         1276    i.cJSON_ParseWithOpts  cjson.o
    0x00006fb8   0x00006fb8   0x0000001c   Code   RO         1602    i.cJSON_hook_init   cjson_port.o
    0x00006fd4   0x00006fd4   0x00000050   Code   RO         1282    i.cJSON_strcasecmp  cjson.o
    0x00007024   0x00007024   0x0000000e   Code   RO         2134    i.cmd_free          msh.o
    0x00007032   0x00007032   0x0000000e   Code   RO         2135    i.cmd_ps            msh.o
    0x00007040   0x00007040   0x00000014   Code   RO            7    i.delay             system_vtm071x.o
    0x00007054   0x00007054   0x0000007c   Code   RO         2207    i.finsh_get_prompt  shell.o
    0x000070d0   0x000070d0   0x00000048   Code   RO         2209    i.finsh_getchar     shell.o
    0x00007118   0x00007118   0x00000018   Code   RO         2210    i.finsh_rx_ind      shell.o
    0x00007130   0x00007130   0x000000b8   Code   RO         2211    i.finsh_set_device  shell.o
    0x000071e8   0x000071e8   0x00000024   Code   RO         2214    i.finsh_set_prompt_mode  shell.o
    0x0000720c   0x0000720c   0x00000014   Code   RO         2215    i.finsh_system_function_init  shell.o
    0x00007220   0x00007220   0x000000a0   Code   RO         2216    i.finsh_system_init  shell.o
    0x000072c0   0x000072c0   0x00000400   Code   RO         2218    i.finsh_thread_entry  shell.o
    0x000076c0   0x000076c0   0x00000012   Code   RO         6089    i.fputc             mc_p.l(fputc.o)
    0x000076d2   0x000076d2   0x00000002   PAD
    0x000076d4   0x000076d4   0x00000054   Code   RO         5990    i.free              mc_p.l(malloc.o)
    0x00007728   0x00007728   0x000001c8   Code   RO          974    i.getAccelerometervalue  bmi160.o
    0x000078f0   0x000078f0   0x000001b8   Code   RO          975    i.getGyroscopeValue  bmi160.o
    0x00007aa8   0x00007aa8   0x00000020   Code   RO         2012    i.hello             cmd.o
    0x00007ac8   0x00007ac8   0x00000080   Code   RO          472    i.itoa              usart.o
    0x00007b48   0x00007b48   0x00000068   Code   RO         2013    i.list              cmd.o
    0x00007bb0   0x00007bb0   0x00000118   Code   RO         2014    i.list_device       cmd.o
    0x00007cc8   0x00007cc8   0x00000144   Code   RO         2015    i.list_event        cmd.o
    0x00007e0c   0x00007e0c   0x00000028   Code   RO         2016    i.list_find_init    cmd.o
    0x00007e34   0x00007e34   0x00000096   Code   RO         2017    i.list_get_next     cmd.o
    0x00007eca   0x00007eca   0x00000002   PAD
    0x00007ecc   0x00007ecc   0x0000015c   Code   RO         2018    i.list_mailbox      cmd.o
    0x00008028   0x00008028   0x00000078   Code   RO         3025    i.list_mem          mem.o
    0x000080a0   0x000080a0   0x00000174   Code   RO         2019    i.list_mempool      cmd.o
    0x00008214   0x00008214   0x00000144   Code   RO         2020    i.list_msgqueue     cmd.o
    0x00008358   0x00008358   0x00000110   Code   RO         2021    i.list_mutex        cmd.o
    0x00008468   0x00008468   0x00000138   Code   RO         2022    i.list_sem          cmd.o
    0x000085a0   0x000085a0   0x000001ec   Code   RO         2023    i.list_thread       cmd.o
    0x0000878c   0x0000878c   0x0000015c   Code   RO         2024    i.list_timer        cmd.o
    0x000088e8   0x000088e8   0x00000032   Code   RO          130    i.main              main.o
    0x0000891a   0x0000891a   0x0000000e   Code   RO         3634    i.main_thread_entry  components.o
    0x00008928   0x00008928   0x0000006c   Code   RO         5991    i.malloc            mc_p.l(malloc.o)
    0x00008994   0x00008994   0x000000a4   Code   RO         2136    i.msh_auto_complete  msh.o
    0x00008a38   0x00008a38   0x00000074   Code   RO         2137    i.msh_exec          msh.o
    0x00008aac   0x00008aac   0x00000060   Code   RO         2138    i.msh_get_cmd       msh.o
    0x00008b0c   0x00008b0c   0x00000080   Code   RO         2139    i.msh_help          msh.o
    0x00008b8c   0x00008b8c   0x00000004   Code   RO         2140    i.msh_is_used       msh.o
    0x00008b90   0x00008b90   0x000000f8   Code   RO         2141    i.msh_split         msh.o
    0x00008c88   0x00008c88   0x0000001c   Code   RO         2025    i.object_split      cmd.o
    0x00008ca4   0x00008ca4   0x000000a8   Code   RO         1286    i.parse_array       cjson.o
    0x00008d4c   0x00008d4c   0x00000114   Code   RO         1287    i.parse_hex4        cjson.o
    0x00008e60   0x00008e60   0x0000018c   Code   RO         1288    i.parse_number      cjson.o
    0x00008fec   0x00008fec   0x00000110   Code   RO         1289    i.parse_object      cjson.o
    0x000090fc   0x000090fc   0x000001ec   Code   RO         1290    i.parse_string      cjson.o
    0x000092e8   0x000092e8   0x000000c0   Code   RO         1291    i.parse_value       cjson.o
    0x000093a8   0x000093a8   0x0000007c   Code   RO         3026    i.plug_holes        mem.o
    0x00009424   0x00009424   0x000009fc   Code   RO         5685    i.pow               m_ps.l(pow.o)
    0x00009e20   0x00009e20   0x00000030   Code   RO         3635    i.rt_application_init  components.o
    0x00009e50   0x00009e50   0x00000028   Code   RO         3027    i.rt_calloc         mem.o
    0x00009e78   0x00009e78   0x0000001c   Code   RO         3636    i.rt_components_board_init  components.o
    0x00009e94   0x00009e94   0x0000001c   Code   RO         3637    i.rt_components_init  components.o
    0x00009eb0   0x00009eb0   0x0000000c   Code   RO         2839    i.rt_console_get_device  kservice.o
    0x00009ebc   0x00009ebc   0x00000048   Code   RO         2343    i.rt_device_close   device.o
    0x00009f04   0x00009f04   0x0000000e   Code   RO         2347    i.rt_device_find    device.o
    0x00009f12   0x00009f12   0x00000002   PAD
    0x00009f14   0x00009f14   0x000000c8   Code   RO         2350    i.rt_device_open    device.o
    0x00009fdc   0x00009fdc   0x0000003e   Code   RO         2351    i.rt_device_read    device.o
    0x0000a01a   0x0000a01a   0x00000008   Code   RO         2353    i.rt_device_set_rx_indicate  device.o
    0x0000a022   0x0000a022   0x0000003e   Code   RO         2356    i.rt_device_write   device.o
    0x0000a060   0x0000a060   0x00000020   Code   RO         3284    i.rt_enter_critical  scheduler.o
    0x0000a080   0x0000a080   0x00000048   Code   RO         3285    i.rt_exit_critical  scheduler.o
    0x0000a0c8   0x0000a0c8   0x00000100   Code   RO         3028    i.rt_free           mem.o
    0x0000a1c8   0x0000a1c8   0x00000008   Code   RO         1963    i.rt_heap_begin_get  board.o
    0x0000a1d0   0x0000a1d0   0x00000008   Code   RO         1964    i.rt_heap_end_get   board.o
    0x0000a1d8   0x0000a1d8   0x0000001e   Code   RO         1965    i.rt_hw_board_init  board.o
    0x0000a1f6   0x0000a1f6   0x00000002   PAD
    0x0000a1f8   0x0000a1f8   0x00000040   Code   RO          473    i.rt_hw_console_getchar  usart.o
    0x0000a238   0x0000a238   0x00000050   Code   RO          474    i.rt_hw_console_output  usart.o
    0x0000a288   0x0000a288   0x000000f4   Code   RO         2316    i.rt_hw_hard_fault_exception  cpuport.o
    0x0000a37c   0x0000a37c   0x00000040   Code   RO         2317    i.rt_hw_stack_init  cpuport.o
    0x0000a3bc   0x0000a3bc   0x00000040   Code   RO          401    i.rt_hw_us_delay    systick.o
    0x0000a3fc   0x0000a3fc   0x00000034   Code   RO         2797    i.rt_interrupt_enter  irq.o
    0x0000a430   0x0000a430   0x0000001c   Code   RO         2799    i.rt_interrupt_get_nest  irq.o
    0x0000a44c   0x0000a44c   0x00000034   Code   RO         2800    i.rt_interrupt_leave  irq.o
    0x0000a480   0x0000a480   0x00000014   Code   RO         2525    i.rt_ipc_list_resume  ipc.o
    0x0000a494   0x0000a494   0x00000064   Code   RO         2527    i.rt_ipc_list_suspend  ipc.o
    0x0000a4f8   0x0000a4f8   0x00000010   Code   RO         2528    i.rt_ipc_object_init  ipc.o
    0x0000a508   0x0000a508   0x0000006c   Code   RO         2844    i.rt_kprintf        kservice.o
    0x0000a574   0x0000a574   0x00000006   Code   RO         2529    i.rt_list_init      ipc.o
    0x0000a57a   0x0000a57a   0x00000006   Code   RO         3286    i.rt_list_init      scheduler.o
    0x0000a580   0x0000a580   0x00000006   Code   RO         3510    i.rt_list_init      timer.o
    0x0000a586   0x0000a586   0x0000000e   Code   RO         3165    i.rt_list_insert_after  object.o
    0x0000a594   0x0000a594   0x0000000e   Code   RO         3358    i.rt_list_insert_after  thread.o
    0x0000a5a2   0x0000a5a2   0x0000000e   Code   RO         3511    i.rt_list_insert_after  timer.o
    0x0000a5b0   0x0000a5b0   0x0000000e   Code   RO         2530    i.rt_list_insert_before  ipc.o
    0x0000a5be   0x0000a5be   0x00000010   Code   RO         2026    i.rt_list_isempty   cmd.o
    0x0000a5ce   0x0000a5ce   0x00000010   Code   RO         2531    i.rt_list_isempty   ipc.o
    0x0000a5de   0x0000a5de   0x00000010   Code   RO         3512    i.rt_list_isempty   timer.o
    0x0000a5ee   0x0000a5ee   0x00000014   Code   RO         2027    i.rt_list_len       cmd.o
    0x0000a602   0x0000a602   0x00000012   Code   RO         3166    i.rt_list_remove    object.o
    0x0000a614   0x0000a614   0x00000012   Code   RO         3359    i.rt_list_remove    thread.o
    0x0000a626   0x0000a626   0x00000012   Code   RO         3513    i.rt_list_remove    timer.o
    0x0000a638   0x0000a638   0x00000188   Code   RO         3030    i.rt_malloc         mem.o
    0x0000a7c0   0x0000a7c0   0x0000005e   Code   RO         2848    i.rt_memcpy         kservice.o
    0x0000a81e   0x0000a81e   0x00000042   Code   RO         2849    i.rt_memmove        kservice.o
    0x0000a860   0x0000a860   0x0000004c   Code   RO         2850    i.rt_memset         kservice.o
    0x0000a8ac   0x0000a8ac   0x00000084   Code   RO         2541    i.rt_mq_create      ipc.o
    0x0000a930   0x0000a930   0x00000170   Code   RO         2545    i.rt_mq_recv        ipc.o
    0x0000aaa0   0x0000aaa0   0x00000016   Code   RO         2546    i.rt_mq_send        ipc.o
    0x0000aab6   0x0000aab6   0x00000002   PAD
    0x0000aab8   0x0000aab8   0x00000150   Code   RO         2547    i.rt_mq_send_wait   ipc.o
    0x0000ac08   0x0000ac08   0x00000068   Code   RO         3167    i.rt_object_allocate  object.o
    0x0000ac70   0x0000ac70   0x0000003c   Code   RO         3169    i.rt_object_delete  object.o
    0x0000acac   0x0000acac   0x00000038   Code   RO         3170    i.rt_object_detach  object.o
    0x0000ace4   0x0000ace4   0x00000056   Code   RO         3172    i.rt_object_find    object.o
    0x0000ad3a   0x0000ad3a   0x00000002   PAD
    0x0000ad3c   0x0000ad3c   0x00000024   Code   RO         3173    i.rt_object_get_information  object.o
    0x0000ad60   0x0000ad60   0x0000006c   Code   RO         3177    i.rt_object_init    object.o
    0x0000adcc   0x0000adcc   0x00000014   Code   RO         3178    i.rt_object_is_systemobject  object.o
    0x0000ade0   0x0000ade0   0x0000009c   Code   RO         3287    i.rt_schedule       scheduler.o
    0x0000ae7c   0x0000ae7c   0x00000054   Code   RO         3288    i.rt_schedule_insert_thread  scheduler.o
    0x0000aed0   0x0000aed0   0x00000058   Code   RO         3289    i.rt_schedule_remove_thread  scheduler.o
    0x0000af28   0x0000af28   0x00000028   Code   RO         2557    i.rt_sem_create     ipc.o
    0x0000af50   0x0000af50   0x00000022   Code   RO         2560    i.rt_sem_init       ipc.o
    0x0000af72   0x0000af72   0x00000002   PAD
    0x0000af74   0x0000af74   0x00000070   Code   RO         2561    i.rt_sem_release    ipc.o
    0x0000afe4   0x0000afe4   0x000000a8   Code   RO         2562    i.rt_sem_take       ipc.o
    0x0000b08c   0x0000b08c   0x0000002c   Code   RO         2851    i.rt_set_errno      kservice.o
    0x0000b0b8   0x0000b0b8   0x000000b0   Code   RO         2852    i.rt_show_version   kservice.o
    0x0000b168   0x0000b168   0x0000001e   Code   RO         2856    i.rt_strcmp         kservice.o
    0x0000b186   0x0000b186   0x00000012   Code   RO         2858    i.rt_strlen         kservice.o
    0x0000b198   0x0000b198   0x0000002a   Code   RO         2859    i.rt_strncmp        kservice.o
    0x0000b1c2   0x0000b1c2   0x00000038   Code   RO         2860    i.rt_strncpy        kservice.o
    0x0000b1fa   0x0000b1fa   0x00000002   PAD
    0x0000b1fc   0x0000b1fc   0x000000f4   Code   RO         3034    i.rt_system_heap_init  mem.o
    0x0000b2f0   0x0000b2f0   0x0000004c   Code   RO         3291    i.rt_system_scheduler_init  scheduler.o
    0x0000b33c   0x0000b33c   0x00000030   Code   RO         3292    i.rt_system_scheduler_start  scheduler.o
    0x0000b36c   0x0000b36c   0x0000001c   Code   RO         3514    i.rt_system_timer_init  timer.o
    0x0000b388   0x0000b388   0x00000002   Code   RO         3515    i.rt_system_timer_thread_init  timer.o
    0x0000b38a   0x0000b38a   0x00000050   Code   RO         3361    i.rt_thread_create  thread.o
    0x0000b3da   0x0000b3da   0x00000002   PAD
    0x0000b3dc   0x0000b3dc   0x00000058   Code   RO         3366    i.rt_thread_exit    thread.o
    0x0000b434   0x0000b434   0x0000002c   Code   RO         2472    i.rt_thread_idle_entry  idle.o
    0x0000b460   0x0000b460   0x00000064   Code   RO         2473    i.rt_thread_idle_excute  idle.o
    0x0000b4c4   0x0000b4c4   0x0000003c   Code   RO         2475    i.rt_thread_idle_init  idle.o
    0x0000b500   0x0000b500   0x0000002c   Code   RO         3368    i.rt_thread_init    thread.o
    0x0000b52c   0x0000b52c   0x00000014   Code   RO         3370    i.rt_thread_mdelay  thread.o
    0x0000b540   0x0000b540   0x00000054   Code   RO         3371    i.rt_thread_resume  thread.o
    0x0000b594   0x0000b594   0x0000000c   Code   RO         3373    i.rt_thread_self    thread.o
    0x0000b5a0   0x0000b5a0   0x00000044   Code   RO         3374    i.rt_thread_sleep   thread.o
    0x0000b5e4   0x0000b5e4   0x00000030   Code   RO         3375    i.rt_thread_startup  thread.o
    0x0000b614   0x0000b614   0x0000005c   Code   RO         3376    i.rt_thread_suspend  thread.o
    0x0000b670   0x0000b670   0x00000020   Code   RO         3378    i.rt_thread_timeout  thread.o
    0x0000b690   0x0000b690   0x00000064   Code   RO         3379    i.rt_thread_yield   thread.o
    0x0000b6f4   0x0000b6f4   0x0000003e   Code   RO         2434    i.rt_tick_from_millisecond  clock.o
    0x0000b732   0x0000b732   0x00000002   PAD
    0x0000b734   0x0000b734   0x0000000c   Code   RO         2435    i.rt_tick_get       clock.o
    0x0000b740   0x0000b740   0x00000030   Code   RO         2436    i.rt_tick_increase  clock.o
    0x0000b770   0x0000b770   0x000000e0   Code   RO         3516    i.rt_timer_check    timer.o
    0x0000b850   0x0000b850   0x00000060   Code   RO         3517    i.rt_timer_control  timer.o
    0x0000b8b0   0x0000b8b0   0x0000002e   Code   RO         3518    i.rt_timer_create   timer.o
    0x0000b8de   0x0000b8de   0x00000028   Code   RO         3520    i.rt_timer_detach   timer.o
    0x0000b906   0x0000b906   0x00000026   Code   RO         3523    i.rt_timer_init     timer.o
    0x0000b92c   0x0000b92c   0x00000114   Code   RO         3526    i.rt_timer_start    timer.o
    0x0000ba40   0x0000ba40   0x00000048   Code   RO         3527    i.rt_timer_stop     timer.o
    0x0000ba88   0x0000ba88   0x00000004   Code   RO         3638    i.rti_board_end     components.o
    0x0000ba8c   0x0000ba8c   0x00000004   Code   RO         3639    i.rti_board_start   components.o
    0x0000ba90   0x0000ba90   0x00000004   Code   RO         3640    i.rti_end           components.o
    0x0000ba94   0x0000ba94   0x00000004   Code   RO         3641    i.rti_start         components.o
    0x0000ba98   0x0000ba98   0x0000002a   Code   RO         3642    i.rtthread_startup  components.o
    0x0000bac2   0x0000bac2   0x00000002   PAD
    0x0000bac4   0x0000bac4   0x00000038   Code   RO         2219    i.shell_auto_complete  shell.o
    0x0000bafc   0x0000bafc   0x00000030   Code   RO         2028    i.show_wait_queue   cmd.o
    0x0000bb2c   0x0000bb2c   0x00000016   Code   RO         1299    i.skip              cjson.o
    0x0000bb42   0x0000bb42   0x00000002   PAD
    0x0000bb44   0x0000bb44   0x00000048   Code   RO         6066    i.sqrt              m_ps.l(sqrt.o)
    0x0000bb8c   0x0000bb8c   0x00000024   Code   RO         2142    i.str_common        msh.o
    0x0000bbb0   0x0000bbb0   0x0000000a   Code   RO         2029    i.version           cmd.o
    0x0000bbba   0x0000bbba   0x00000002   PAD
    0x0000bbbc   0x0000bbbc   0x000002dc   Code   RO          349    i.weatherOLD_thread_entry  task.o
    0x0000be98   0x0000be98   0x00000007   Data   RO         1302    .constdata          cjson.o
    0x0000be9f   0x0000be9f   0x00002dd8   Data   RO         1698    .constdata          oled.o
    0x0000ec77   0x0000ec77   0x00000001   PAD
    0x0000ec78   0x0000ec78   0x00000058   Data   RO         2030    .constdata          cmd.o
    0x0000ecd0   0x0000ecd0   0x00000122   Data   RO         2867    .constdata          kservice.o
    0x0000edf2   0x0000edf2   0x00000006   PAD
    0x0000edf8   0x0000edf8   0x00000088   Data   RO         5686    .constdata          m_ps.l(pow.o)
    0x0000ee80   0x0000ee80   0x0000000c   Data   RO         5705    .constdata          mc_p.l(localtime.o)
    0x0000ee8c   0x0000ee8c   0x00000004   PAD
    0x0000ee90   0x0000ee90   0x00000008   Data   RO         6064    .constdata          m_ps.l(qnan.o)
    0x0000ee98   0x0000ee98   0x00000012   Data   RO          350    .conststring        task.o
    0x0000eeaa   0x0000eeaa   0x00000002   PAD
    0x0000eeac   0x0000eeac   0x000001fb   Data   RO         1212    .conststring        weatherinfo.o
    0x0000f0a7   0x0000f0a7   0x00000001   PAD
    0x0000f0a8   0x0000f0a8   0x00000014   Data   RO         1894    .conststring        vtm071x_eval_i2c_ee.o
    0x0000f0bc   0x0000f0bc   0x0000017d   Data   RO         2031    .conststring        cmd.o
    0x0000f239   0x0000f239   0x00000026   Data   RO          976    .rodata.name        bmi160.o
    0x0000f25f   0x0000f25f   0x0000001a   Data   RO         1117    .rodata.name        wificmdtest.o
    0x0000f279   0x0000f279   0x000000aa   Data   RO         1146    .rodata.name        temperatureuploadlocalser.o
    0x0000f323   0x0000f323   0x0000001f   Data   RO         1182    .rodata.name        ntpexample.o
    0x0000f342   0x0000f342   0x0000002c   Data   RO         1213    .rodata.name        weatherinfo.o
    0x0000f36e   0x0000f36e   0x0000032f   Data   RO         2032    .rodata.name        cmd.o
    0x0000f69d   0x0000f69d   0x00000076   Data   RO         2143    .rodata.name        msh.o
    0x0000f713   0x0000f713   0x00000027   Data   RO         3037    .rodata.name        mem.o
    0x0000f73a   0x0000f73a   0x00000002   PAD
    0x0000f73c   0x0000f73c   0x00000004   Data   RO         3643    .rti_fn.0           components.o
    0x0000f740   0x0000f740   0x00000004   Data   RO         3644    .rti_fn.0.end       components.o
    0x0000f744   0x0000f744   0x00000004   Data   RO         3645    .rti_fn.1.end       components.o
    0x0000f748   0x0000f748   0x00000004   Data   RO         1603    .rti_fn.4           cjson_port.o
    0x0000f74c   0x0000f74c   0x00000004   Data   RO          547    .rti_fn.6           button.o
    0x0000f750   0x0000f750   0x00000004   Data   RO          656    .rti_fn.6           adc.o
    0x0000f754   0x0000f754   0x00000004   Data   RO          837    .rti_fn.6           bspesp8266.o
    0x0000f758   0x0000f758   0x00000004   Data   RO          977    .rti_fn.6           bmi160.o
    0x0000f75c   0x0000f75c   0x00000004   Data   RO         2222    .rti_fn.6           shell.o
    0x0000f760   0x0000f760   0x00000004   Data   RO         3646    .rti_fn.6.end       components.o
    0x0000f764   0x0000f764   0x0000000c   Data   RO          978    FSymTab             bmi160.o
    0x0000f770   0x0000f770   0x0000000c   Data   RO         1118    FSymTab             wificmdtest.o
    0x0000f77c   0x0000f77c   0x00000024   Data   RO         1147    FSymTab             temperatureuploadlocalser.o
    0x0000f7a0   0x0000f7a0   0x0000000c   Data   RO         1183    FSymTab             ntpexample.o
    0x0000f7ac   0x0000f7ac   0x0000000c   Data   RO         1214    FSymTab             weatherinfo.o
    0x0000f7b8   0x0000f7b8   0x00000108   Data   RO         2033    FSymTab             cmd.o
    0x0000f8c0   0x0000f8c0   0x00000024   Data   RO         2144    FSymTab             msh.o
    0x0000f8e4   0x0000f8e4   0x0000000c   Data   RO         3038    FSymTab             mem.o
    0x0000f8f0   0x0000f8f0   0x00000020   Data   RO         6126    Region$$Table       anon$$obj.o


    Execution Region RW_IRAM1 (Exec base: 0x20000000, Load base: 0x0000f910, Size: 0x00003d60, Max: 0x00004000, ABSOLUTE, COMPRESSED[0x000000f0])

    Exec Addr    Load Addr    Size         Type   Attr      Idx    E Section Name        Object

    0x20000000   COMPRESSED   0x00000004   Data   RW            8    .data               system_vtm071x.o
    0x20000004   COMPRESSED   0x00000743   Data   RW          351    .data               task.o
    0x20000747   COMPRESSED   0x00000001   PAD
    0x20000748   COMPRESSED   0x00000004   Data   RW          546    .data               button.o
    0x2000074c   COMPRESSED   0x00000004   Data   RW          655    .data               adc.o
    0x20000750   COMPRESSED   0x00000008   Data   RW         1145    .data               temperatureuploadlocalser.o
    0x20000758   COMPRESSED   0x0000000c   Data   RW         1303    .data               cjson.o
    0x20000764   COMPRESSED   0x00000068   Data   RW         1895    .data               vtm071x_eval_i2c_ee.o
    0x200007cc   COMPRESSED   0x00000018   Data   RW         2221    .data               shell.o
    0x200007e4   COMPRESSED   0x0000000c   Data   RW         2318    .data               cpuport.o
    0x200007f0   COMPRESSED   0x00000004   Data   RW         2438    .data               clock.o
    0x200007f4   COMPRESSED   0x00000009   Data   RW         2802    .data               irq.o
    0x200007fd   COMPRESSED   0x00000003   PAD
    0x20000800   COMPRESSED   0x00000008   Data   RW         2868    .data               kservice.o
    0x20000808   COMPRESSED   0x00000020   Data   RW         3036    .data               mem.o
    0x20000828   COMPRESSED   0x000000a4   Data   RW         3183    .data               object.o
    0x200008cc   COMPRESSED   0x0000001c   Data   RW         3294    .data               scheduler.o
    0x200008e8   COMPRESSED   0x0000000c   Data   RW         3380    .data               thread.o
    0x200008f4   COMPRESSED   0x00000014   Data   RW         3528    .data               timer.o
    0x20000908   COMPRESSED   0x00000004   Data   RW         6091    .data               mc_p.l(stdout.o)
    0x2000090c   COMPRESSED   0x00000004   Data   RW         6100    .data               mc_p.l(mvars.o)
    0x20000910   COMPRESSED   0x00000004   Data   RW         6101    .data               mc_p.l(mvars.o)
    0x20000914   COMPRESSED   0x00000004   Data   RW         6105    .data               mc_p.l(errno.o)
    0x20000918        -       0x00000030   Zero   RW          545    .bss                button.o
    0x20000948        -       0x00000202   Zero   RW          836    .bss                bspesp8266.o
    0x20000b4a        -       0x0000001e   Zero   RW         1144    .bss                temperatureuploadlocalser.o
    0x20000b68        -       0x00000080   Zero   RW         1211    .bss                weatherinfo.o
    0x20000be8        -       0x00000480   Zero   RW         1697    .bss                oled.o
    0x20001068        -       0x00002000   Zero   RW         1966    .bss                board.o
    0x20003068        -       0x00000101   Zero   RW         2220    .bss                shell.o
    0x20003169   COMPRESSED   0x00000003   PAD
    0x2000316c        -       0x000001a0   Zero   RW         2477    .bss                idle.o
    0x2000330c        -       0x00000100   Zero   RW         2866    .bss                kservice.o
    0x2000340c        -       0x00000028   Zero   RW         3035    .bss                mem.o
    0x20003434        -       0x00000100   Zero   RW         3293    .bss                scheduler.o
    0x20003534        -       0x0000002c   Zero   RW         5704    .bss                mc_p.l(localtime.o)
    0x20003560        -       0x00000000   Zero   RW          121    HEAP                startup_vtm071x.o
    0x20003560        -       0x00000800   Zero   RW          120    STACK               startup_vtm071x.o


==============================================================================

Image component sizes


      Code (inc. data)   RO Data    RW Data    ZI Data      Debug   Object Name

       226         28          4          4          0       3013   adc.o
        60          0          0          0          0       1069   beep.o
      2002        678         54          0          0       7713   bmi160.o
        62          8          0          0       8192       2839   board.o
      1362        356          4          0        514      11610   bspesp8266.o
        32          4          0          0          0        516   bsptimer.o
      1296        476          4          4         48       7022   button.o
      2312        108          7         12          0      15805   cjson.o
        28          8          4          0          0       3058   cjson_port.o
       122         10          0          4          0       1964   clock.o
      3520       1242       1548          0          0      23446   cmd.o
       186         30         16          0          0       6436   components.o
       216         32          0          0          0        852   context_rvds.o
       308        166          0         12          0       3350   cpuport.o
       418         60          0          0          0       4603   device.o
       104         12          0          0          0       7423   exti.o
       204         34          0          0        416       5594   idle.o
      1384         34          0          0          0      13964   ipc.o
       132         22          0          9          0       2546   irq.o
       814        162        290          8        256      11506   kservice.o
       128          0          0          0          0       1151   led.o
       956        110          0          0          0       5626   lm75bd.o
       118         50          0          0          0      15524   main.o
      1176        322         51         32         40       5787   mem.o
       208         60          0          0          0       1284   misc.o
       920        162        154          0          0      10048   msh.o
       544        228         43          0          0       3122   ntpexample.o
       502         22          0        164          0      10189   object.o
      2444         96      11736          0       1152      16333   oled.o
       562         96          0         28        256       9046   scheduler.o
      1700        204          4         24        257      12435   shell.o
        28          8        192          0       2048        784   startup_vtm071x.o
        24          0          0          0          0        962   system.o
       168         32          0          4          0     148587   system_vtm071x.o
       256         26          0          0          0       8063   systick.o
      1008        154         18       1859          0       2977   task.o
       184         82        206          8         30       4124   temperatureuploadlocalser.o
       898         52          0         12          0      14143   thread.o
       964         52          0         20          0      13603   timer.o
       774         28          0          0          0       5366   usart.o
      1652        546          0          0          0       7617   vtm071x_adc.o
       416         24         20        104          0       3457   vtm071x_eval_i2c_ee.o
      2360        518          0          0          0       7032   vtm071x_gpio.o
       744        378          0          0          0       4378   vtm071x_i2c.o
         2          0          0          0          0        454   vtm071x_it.o
      1372        384          0          0          0       5280   vtm071x_rcc.o
       996        444          0          0          0       4963   vtm071x_spi.o
       572        168          0          0          0       2462   vtm071x_timer.o
      2368        784          0          0          0       9733   vtm071x_usart.o
       768        250        563          0        128       4810   weatherinfo.o
       560        178         38          0          0       1745   wificmdtest.o

    ----------------------------------------------------------------------
     40210       8928      15000       2312      13340     475414   Object Totals
         0          0         32          0          0          0   (incl. Generated)
        50          0         12          4          3          0   (incl. Padding)

    ----------------------------------------------------------------------

      Code (inc. data)   RO Data    RW Data    ZI Data      Debug   Library Member Name

        84         14          0          0          0        340   dunder.o
        44          4          0          0          0         60   fpclassify.o
       172          0          0          0          0         76   poly.o
      2556        196        136          0          0        240   pow.o
         0          0          8          0          0          0   qnan.o
        72          6          0          0          0         76   sqrt.o
        86          0          0          0          0          0   __dczerorl2.o
         0          0          0          0          0          0   entry.o
         0          0          0          0          0          0   entry10a.o
         0          0          0          0          0          0   entry11a.o
         4          0          0          0          0          0   entry12b.o
         8          4          0          0          0          0   entry2.o
         4          0          0          0          0          0   entry5.o
         0          0          0          0          0          0   entry7b.o
         0          0          0          0          0          0   entry8b.o
         8          4          0          0          0          0   entry9a.o
        12          6          0          4          0         60   errno.o
        18          0          0          0          0         72   fputc.o
        30          0          0          0          0          0   handlers.o
        40          0          0          0          0         72   idiv.o
        36          8          0          0          0         68   init.o
         0          0          0          0          0          0   iusefp.o
         0          0          0          0          0          0   iusesemip.o
        32          0          0          0          0         68   llshl.o
        38          0          0          0          0         68   llsshr.o
        34          0          0          0          0         68   llushr.o
       120         16         12          0         44         72   localtime.o
       192         20          0          0          0        144   malloc.o
        36          0          0          0          0         60   memcpya.o
        36          0          0          0          0        100   memseta.o
         0          0          0          8          0          0   mvars.o
      2376        106          0          0          0        688   printfa.o
         0          0          0          0          0          0   semi.o
         0          0          0          4          0          0   stdout.o
        24          0          0          0          0         60   strcat.o
        28          0          0          0          0         68   strcmp.o
        18          0          0          0          0         60   strcpy.o
        14          0          0          0          0         60   strlen.o
        30          0          0          0          0         72   strncmp.o
        26          0          0          0          0         68   strncpy.o
        40          0          0          0          0         72   strstr.o
        12          0          0          0          0         60   tolower.o
        44          0          0          0          0         72   uidiv.o
        96          0          0          0          0         84   uldiv.o
        40          2          0          0          0         68   cdrcmple.o
        56          0          0          0          0         68   d2f.o
       360          6          0          0          0        140   dadd.o
       240          6          0          0          0         84   ddiv.o
       236          0          0          0          0        216   depilogue.o
        72         10          0          0          0         72   dfixi.o
        64         10          0          0          0         68   dfixul.o
        40          6          0          0          0         68   dflti.o
       208          6          0          0          0         88   dmul.o
        44          0          0          0          0         72   dscalb.o
       162          0          0          0          0         80   dsqrt.o
        40          0          0          0          0         60   f2d.o
       124          0          0          0          0         72   fdiv.o
       130          0          0          0          0        144   fepilogue.o
        40          0          0          0          0         60   ffixui.o
        22          0          0          0          0         68   fflti.o
        14          0          0          0          0         68   ffltui.o
       122          0          0          0          0         72   fmul.o

    ----------------------------------------------------------------------
      8390        430        160         16         44       4576   Library Totals
         6          0          4          0          0          0   (incl. Padding)

    ----------------------------------------------------------------------

      Code (inc. data)   RO Data    RW Data    ZI Data      Debug   Library Name

      2928        220        144          0          0        792   m_ps.l
      3442        164         12         16         44       2216   mc_p.l
      2014         46          0          0          0       1568   mf_p.l

    ----------------------------------------------------------------------
      8390        430        160         16         44       4576   Library Totals

    ----------------------------------------------------------------------

==============================================================================


      Code (inc. data)   RO Data    RW Data    ZI Data      Debug   

     48600       9358      15160       2328      13384     463962   Grand Totals
     48600       9358      15160        240      13384     463962   ELF Image Totals (compressed)
     48600       9358      15160        240          0          0   ROM Totals

==============================================================================

    Total RO  Size (Code + RO Data)                63760 (  62.27kB)
    Total RW  Size (RW Data + ZI Data)             15712 (  15.34kB)
    Total ROM Size (Code + RO Data + RW Data)      64000 (  62.50kB)

==============================================================================

