<html>
<body>
<pre>
<h1>µVision Build Log</h1>
<h2>Tool Versions:</h2>
IDE-Version: ¦ÌVision V5.36.0.0
Copyright (C) 2021 ARM Ltd and ARM Germany GmbH. All rights reserved.
License Information: jnyan DELL, yunlink, LIC=KRMW3-A9J2V-PC9J8-36F5D-RZ7PX-UMWUI
 
Tool Versions:
Toolchain:       MDK-ARM Plus  Version: 5.36.0.0
Toolchain Path:  C:\Keil_v5\ARM\ARMCC\Bin
C Compiler:      Armcc.exe V5.06 update 7 (build 960)
Assembler:       Armasm.exe V5.06 update 7 (build 960)
Linker/Locator:  ArmLink.exe V5.06 update 7 (build 960)
Library Manager: ArmAr.exe V5.06 update 7 (build 960)
Hex Converter:   FromElf.exe V5.06 update 7 (build 960)
CPU DLL:         SARMCM3.DLL V5.36.0.0
Dialog DLL:      DARMCM1.DLL V1.19.4.0
Target DLL:      Segger\JL2CM3.dll V2.99.40.0
Dialog DLL:      TARMCM1.DLL V1.14.4.0
 
<h2>Project:</h2>
E:\VTM071xx\Software\VTM071x_StdPeriph_Lib_V1.35\VTM071x_StdPeriph_Rt_Wjonas\Projects\VTM071x_StdPeriph_Templates\MDK-ARM\Project.uvprojx
Project File Date:  04/07/2022

<h2>Output:</h2>
*** Using Compiler 'V5.06 update 7 (build 960)', folder: 'C:\Keil_v5\ARM\ARMCC\Bin'
Rebuild target 'MT071x'
assembling startup_VTM071x.s...
compiling system_VTM071x.c...
compiling VTM071x_it.c...
compiling VTM071x_acmp.c...
compiling VTM071x_dac.c...
compiling main.c...
compiling VTM071x_flash.c...
compiling VTM071x_dma.c...
compiling VTM071x_gpio.c...
compiling VTM071x_adc.c...
compiling VTM071x_i2c.c...
compiling misc.c...
compiling VTM071x_iwdg.c...
compiling VTM071x_eval_spi.c...
compiling VTM071x_rtc.c...
compiling VTM071x_spi.c...
compiling VTM071x_maths.c...
compiling VTM071x_wwdg.c...
compiling VTM071x_rcc.c...
compiling VTM071x_mcpwm.c...
compiling VTM071x_eval.c...
compiling VTM071x_tsc.c...
compiling VTM071x_usart.c...
compiling VTM071x_timer.c...
compiling VTM071x_eval_i2c_ee.c...
linking...
Program Size: Code=7444 RO-data=244 RW-data=120 ZI-data=2048  
FromELF: creating hex file...
After Build - User command #1: fromelf --bin ".\Objects\Project.axf" --output ".\Objects\Project.bin"
".\Objects\Project.axf" - 0 Error(s), 0 Warning(s).

<h2>Software Packages used:</h2>

Package Vendor: ARM
                http://www.keil.com/pack/ARM.CMSIS.5.8.0.pack
                ARM.CMSIS.5.8.0
                CMSIS (Common Microcontroller Software Interface Standard)

<h2>Collection of Component include folders:</h2>
  C:\Keil_v5\ARM\PACK\ARM\CMSIS\5.8.0\Device\ARM\ARMCM0\Include

<h2>Collection of Component Files used:</h2>
Build Time Elapsed:  00:00:01
</pre>
</body>
</html>
