Component: ARM Compiler 5.06 update 7 (build 960) Tool: armlink [4d3601]

==============================================================================

Section Cross References

    app.o(i.main) refers to usbd_core.o(i.USBD_Init) for USBD_Init
    app.o(i.main) refers to usbd_usr.o(.data) for USR_cb
    app.o(i.main) refers to usbd_custom_hid_core.o(.data) for USBD_HID_cb
    app.o(i.main) refers to usbd_desc.o(.data) for USR_desc
    app.o(i.main) refers to app.o(.bss) for .bss
    vtm071x_it.o(i.SysTick_Handler) refers to usbd_custom_hid_core.o(i.USBD_HID_SendReport) for USBD_HID_SendReport
    vtm071x_it.o(i.SysTick_Handler) refers to vtm071x_it.o(.data) for .data
    vtm071x_it.o(i.SysTick_Handler) refers to app.o(.bss) for USB_Device_dev
    vtm071x_it.o(i.USB_IRQHandler) refers to usb_dcd_int.o(i.USB_Isr) for USB_Isr
    usb_bsp.o(i.USB_BSP_EnableInterrupt) refers to misc.o(i.NVIC_Init) for NVIC_Init
    usb_bsp.o(i.USB_BSP_Init) refers to vtm071x_gpio.o(i.GPIO_Init) for GPIO_Init
    usb_bsp.o(i.USB_BSP_Init) refers to vtm071x_rcc.o(i.RCC_APBPeriphClockCmd) for RCC_APBPeriphClockCmd
    usb_bsp.o(i.USB_BSP_Init) refers to vtm071x_rcc.o(i.RCC_APBPeriphResetCmd) for RCC_APBPeriphResetCmd
    usb_bsp.o(i.USB_BSP_Init) refers to usb_bsp.o(i.delay) for delay
    usbd_desc.o(i.Get_SerialNum) refers to usbd_desc.o(i.IntToUnicode) for IntToUnicode
    usbd_desc.o(i.Get_SerialNum) refers to usbd_desc.o(.data) for .data
    usbd_desc.o(i.USBD_USR_ConfigStrDescriptor) refers to usbd_req.o(i.USBD_GetString) for USBD_GetString
    usbd_desc.o(i.USBD_USR_ConfigStrDescriptor) refers to usbd_req.o(.bss) for USBD_StrDesc
    usbd_desc.o(i.USBD_USR_DeviceDescriptor) refers to usbd_desc.o(.constdata) for .constdata
    usbd_desc.o(i.USBD_USR_InterfaceStrDescriptor) refers to usbd_req.o(i.USBD_GetString) for USBD_GetString
    usbd_desc.o(i.USBD_USR_InterfaceStrDescriptor) refers to usbd_req.o(.bss) for USBD_StrDesc
    usbd_desc.o(i.USBD_USR_LangIDStrDescriptor) refers to usbd_desc.o(.constdata) for .constdata
    usbd_desc.o(i.USBD_USR_ManufacturerStrDescriptor) refers to usbd_req.o(i.USBD_GetString) for USBD_GetString
    usbd_desc.o(i.USBD_USR_ManufacturerStrDescriptor) refers to usbd_req.o(.bss) for USBD_StrDesc
    usbd_desc.o(i.USBD_USR_ProductStrDescriptor) refers to usbd_req.o(i.USBD_GetString) for USBD_GetString
    usbd_desc.o(i.USBD_USR_ProductStrDescriptor) refers to usbd_req.o(.bss) for USBD_StrDesc
    usbd_desc.o(i.USBD_USR_SerialStrDescriptor) refers to usbd_desc.o(.data) for .data
    usbd_desc.o(.data) refers to usbd_desc.o(i.USBD_USR_DeviceDescriptor) for USBD_USR_DeviceDescriptor
    usbd_desc.o(.data) refers to usbd_desc.o(i.USBD_USR_LangIDStrDescriptor) for USBD_USR_LangIDStrDescriptor
    usbd_desc.o(.data) refers to usbd_desc.o(i.USBD_USR_ManufacturerStrDescriptor) for USBD_USR_ManufacturerStrDescriptor
    usbd_desc.o(.data) refers to usbd_desc.o(i.USBD_USR_ProductStrDescriptor) for USBD_USR_ProductStrDescriptor
    usbd_desc.o(.data) refers to usbd_desc.o(i.USBD_USR_SerialStrDescriptor) for USBD_USR_SerialStrDescriptor
    usbd_desc.o(.data) refers to usbd_desc.o(i.USBD_USR_ConfigStrDescriptor) for USBD_USR_ConfigStrDescriptor
    usbd_desc.o(.data) refers to usbd_desc.o(i.USBD_USR_InterfaceStrDescriptor) for USBD_USR_InterfaceStrDescriptor
    usbd_usr.o(i.USBD_USR_Init) refers to uidiv.o(.text) for __aeabi_uidivmod
    usbd_usr.o(i.USBD_USR_Init) refers to system_vtm071x.o(.data) for SystemCoreClock
    usbd_usr.o(.data) refers to usbd_usr.o(i.USBD_USR_Init) for USBD_USR_Init
    usbd_usr.o(.data) refers to usbd_usr.o(i.USBD_USR_DeviceReset) for USBD_USR_DeviceReset
    usbd_usr.o(.data) refers to usbd_usr.o(i.USBD_USR_DeviceConfigured) for USBD_USR_DeviceConfigured
    usbd_usr.o(.data) refers to usbd_usr.o(i.USBD_USR_DeviceSuspended) for USBD_USR_DeviceSuspended
    usbd_usr.o(.data) refers to usbd_usr.o(i.USBD_USR_DeviceResumed) for USBD_USR_DeviceResumed
    usbd_custom_hid_core.o(i.USBD_HID_DeInit) refers to usb_dcd.o(i.DCD_EP_Close) for DCD_EP_Close
    usbd_custom_hid_core.o(i.USBD_HID_GetCfgDesc) refers to usbd_custom_hid_core.o(.constdata) for .constdata
    usbd_custom_hid_core.o(i.USBD_HID_Init) refers to usb_dcd.o(i.DCD_PMA_Config) for DCD_PMA_Config
    usbd_custom_hid_core.o(i.USBD_HID_Init) refers to usb_dcd.o(i.DCD_EP_Open) for DCD_EP_Open
    usbd_custom_hid_core.o(i.USBD_HID_Init) refers to usb_dcd.o(i.DCD_EP_PrepareRx) for DCD_EP_PrepareRx
    usbd_custom_hid_core.o(i.USBD_HID_Init) refers to usbd_custom_hid_core.o(.bss) for .bss
    usbd_custom_hid_core.o(i.USBD_HID_SendReport) refers to uread4.o(.text) for __aeabi_uread4
    usbd_custom_hid_core.o(i.USBD_HID_SendReport) refers to usb_dcd.o(i.DCD_EP_Tx) for DCD_EP_Tx
    usbd_custom_hid_core.o(i.USBD_HID_SendReport) refers to usbd_custom_hid_core.o(.data) for .data
    usbd_custom_hid_core.o(i.USBD_HID_Setup) refers to usbd_custom_hid_core.o(i.__ARM_common_switch8) for __ARM_common_switch8
[...]
    Removing usbd_pwr.o(i.Leave_LowPowerMode), (2 bytes).
    Removing usbd_pwr.o(i.Resume), (2 bytes).
    Removing usbd_pwr.o(i.Resume_Init), (2 bytes).
    Removing usbd_pwr.o(i.Suspend), (2 bytes).
    Removing usbd_pwr.o(.data), (4 bytes).
    Removing usbd_pwr.o(.data), (2 bytes).
    Removing usbd_usr.o(.rev16_text), (4 bytes).
    Removing usbd_usr.o(.revsh_text), (4 bytes).
    Removing usbd_custom_hid_core.o(.rev16_text), (4 bytes).
    Removing usbd_custom_hid_core.o(.revsh_text), (4 bytes).
    Removing usb_core.o(.rev16_text), (4 bytes).
    Removing usb_core.o(.revsh_text), (4 bytes).
    Removing usb_core.o(i.ClearEP0RxPktRdy), (16 bytes).
    Removing usb_core.o(i.ClearEPnRxAutoClear), (16 bytes).
    Removing usb_core.o(i.ClearEPnRxDMAEnab), (16 bytes).
    Removing usb_core.o(i.ClearEPnRxPktRdy), (16 bytes).
    Removing usb_core.o(i.ClearEPnRxSendStall), (16 bytes).
    Removing usb_core.o(i.ClearEPnTxAutoSet), (16 bytes).
    Removing usb_core.o(i.ClearEPnTxDMAEnab), (16 bytes).
    Removing usb_core.o(i.GetDevCtl), (12 bytes).
    Removing usb_core.o(i.GetEP0CSR2), (12 bytes).
    Removing usb_core.o(i.GetEPnRxCSR2), (12 bytes).
    Removing usb_core.o(i.GetEPnRxDataError), (20 bytes).
    Removing usb_core.o(i.GetEPnRxMAXP), (12 bytes).
    Removing usb_core.o(i.GetEPnTxMAXP), (12 bytes).
    Removing usb_core.o(i.GetEPnTxRdyState), (16 bytes).
    Removing usb_core.o(i.GetFrame), (20 bytes).
    Removing usb_core.o(i.GetIndex), (12 bytes).
    Removing usb_core.o(i.GetIntrRxE), (12 bytes).
    Removing usb_core.o(i.GetIntrTxE), (12 bytes).
    Removing usb_core.o(i.GetIntrUSBE), (12 bytes).
    Removing usb_core.o(i.SetDevCtl), (12 bytes).
    Removing usb_core.o(i.SetEP0CSR1), (12 bytes).
    Removing usb_core.o(i.SetEP0CSR2), (12 bytes).
    Removing usb_core.o(i.SetEP0TxPktRdy), (16 bytes).
    Removing usb_core.o(i.SetEPnRxAutoClear), (16 bytes).
    Removing usb_core.o(i.SetEPnRxCSR1), (12 bytes).
    Removing usb_core.o(i.SetEPnRxCSR2), (12 bytes).
    Removing usb_core.o(i.SetEPnRxDMAEnab), (16 bytes).
    Removing usb_core.o(i.SetEPnRxDMAMode), (28 bytes).
    Removing usb_core.o(i.SetEPnTxAutoSet), (16 bytes).
    Removing usb_core.o(i.SetEPnTxCSR1), (12 bytes).
    Removing usb_core.o(i.SetEPnTxCSR2), (12 bytes).
    Removing usb_core.o(i.SetEPnTxDMAEnab), (16 bytes).
    Removing usb_core.o(i.SetEPnTxDMAMode), (28 bytes).
    Removing usb_core.o(i.SetEPnTxPktRdy), (16 bytes).
    Removing usb_dcd.o(.rev16_text), (4 bytes).
    Removing usb_dcd.o(.revsh_text), (4 bytes).
    Removing usb_dcd.o(i.DCD_DevDisconnect), (6 bytes).
    Removing usb_dcd.o(i.DCD_StopDevice), (34 bytes).
    Removing usb_dcd_int.o(.rev16_text), (4 bytes).
    Removing usb_dcd_int.o(.revsh_text), (4 bytes).
    Removing usbd_core.o(.rev16_text), (4 bytes).
    Removing usbd_core.o(.revsh_text), (4 bytes).
    Removing usbd_core.o(i.USBD_DeInit), (4 bytes).
    Removing usbd_ioreq.o(.rev16_text), (4 bytes).
    Removing usbd_ioreq.o(.revsh_text), (4 bytes).
    Removing usbd_ioreq.o(i.USBD_GetRxCount), (18 bytes).
    Removing usbd_req.o(.rev16_text), (4 bytes).
    Removing usbd_req.o(.revsh_text), (4 bytes).
    Removing system_vtm071x.o(.rev16_text), (4 bytes).
    Removing system_vtm071x.o(.revsh_text), (4 bytes).
    Removing system_vtm071x.o(i.SystemCoreClockUpdate), (8 bytes).
    Removing startup_vtm071x.o(HEAP), (2048 bytes).
    Removing misc.o(.rev16_text), (4 bytes).
    Removing misc.o(.revsh_text), (4 bytes).
    Removing misc.o(i.NVIC_SystemLPConfig), (24 bytes).
    Removing misc.o(i.SysTick_CLKSourceConfig), (24 bytes).
    Removing vtm071x_acmp.o(.rev16_text), (4 bytes).
    Removing vtm071x_acmp.o(.revsh_text), (4 bytes).
    Removing vtm071x_acmp.o(i.ACMP0_PinConfig), (24 bytes).
    Removing vtm071x_acmp.o(i.ACMP1_PinConfig), (24 bytes).
    Removing vtm071x_acmp.o(i.ACMP2_PinConfig), (24 bytes).
    Removing vtm071x_acmp.o(i.ACMP_ClearITPendingBit), (40 bytes).
    Removing vtm071x_acmp.o(i.ACMP_Cmd), (92 bytes).
    Removing vtm071x_acmp.o(i.ACMP_DeInit), (22 bytes).
    Removing vtm071x_acmp.o(i.ACMP_GetITStatus), (68 bytes).
    Removing vtm071x_acmp.o(i.ACMP_GetResult), (48 bytes).
    Removing vtm071x_acmp.o(i.ACMP_ITConfig), (80 bytes).
    Removing vtm071x_acmp.o(i.ACMP_Init), (52 bytes).
    Removing vtm071x_adc.o(.rev16_text), (4 bytes).
    Removing vtm071x_adc.o(.revsh_text), (4 bytes).
    Removing vtm071x_adc.o(i.ADC_AnalogWatchdogCmd), (28 bytes).
    Removing vtm071x_adc.o(i.ADC_AnalogWatchdogSingleChannelCmd), (28 bytes).
    Removing vtm071x_adc.o(i.ADC_AnalogWatchdogSingleChannelConfig), (20 bytes).
    Removing vtm071x_adc.o(i.ADC_AnalogWatchdogThresholdsConfig), (16 bytes).
    Removing vtm071x_adc.o(i.ADC_ChannelConfig), (16 bytes).
    Removing vtm071x_adc.o(i.ADC_ClearFlag), (12 bytes).
    Removing vtm071x_adc.o(i.ADC_ClearITPendingBit), (12 bytes).
    Removing vtm071x_adc.o(i.ADC_ClockModeConfig), (12 bytes).
    Removing vtm071x_adc.o(i.ADC_ContinuousModeCmd), (24 bytes).
    Removing vtm071x_adc.o(i.ADC_DeInit), (22 bytes).
    Removing vtm071x_adc.o(i.ADC_DiscModeCmd), (28 bytes).
    Removing vtm071x_adc.o(i.ADC_GetConversionValue), (160 bytes).
    Removing vtm071x_adc.o(i.ADC_GetFlagStatus), (32 bytes).
    Removing vtm071x_adc.o(i.ADC_GetITStatus), (28 bytes).
    Removing vtm071x_adc.o(i.ADC_ITConfig), (24 bytes).
    Removing vtm071x_adc.o(i.ADC_Init), (84 bytes).
    Removing vtm071x_adc.o(i.ADC_InternalVrefCmd), (28 bytes).
    Removing vtm071x_adc.o(i.ADC_OverrunModeCmd), (24 bytes).
    Removing vtm071x_adc.o(i.ADC_StartOfConversion), (16 bytes).
    Removing vtm071x_adc.o(i.ADC_StopOfConversion), (16 bytes).
    Removing vtm071x_adc.o(i.ADC_StructInit), (22 bytes).
    Removing vtm071x_adc.o(i.ADC_TempSensorCmd), (28 bytes).
    Removing vtm071x_adc.o(i.ADC_VrefConfig), (20 bytes).
    Removing vtm071x_adc.o(i.ADC_WaitModeCmd), (24 bytes).
    Removing vtm071x_dac.o(.rev16_text), (4 bytes).
    Removing vtm071x_dac.o(.revsh_text), (4 bytes).
    Removing vtm071x_dac.o(i.DAC_ClearITPendingBit), (10 bytes).
    Removing vtm071x_dac.o(i.DAC_Cmd), (20 bytes).
    Removing vtm071x_dac.o(i.DAC_DeInit), (20 bytes).
    Removing vtm071x_dac.o(i.DAC_GetFlagStatus), (14 bytes).
    Removing vtm071x_dac.o(i.DAC_GetITStatus), (24 bytes).
    Removing vtm071x_dac.o(i.DAC_GroupCmd), (24 bytes).
    Removing vtm071x_dac.o(i.DAC_ITConfig), (18 bytes).
    Removing vtm071x_dac.o(i.DAC_Init), (14 bytes).
    Removing vtm071x_dac.o(i.DAC_SetData), (4 bytes).
    Removing vtm071x_dac.o(i.DAC_StructInit), (10 bytes).
    Removing vtm071x_dma.o(.rev16_text), (4 bytes).
    Removing vtm071x_dma.o(.revsh_text), (4 bytes).
    Removing vtm071x_dma.o(i.DMAChannelBlockTsBits), (12 bytes).
    Removing vtm071x_dma.o(i.DmaChannelCFGset), (20 bytes).
    Removing vtm071x_dma.o(i.DmaChannelClearInterruptStatus), (20 bytes).
    Removing vtm071x_dma.o(i.DmaChannelInterrupt), (28 bytes).
    Removing vtm071x_dma.o(i.DmaChannelInterruptStatusBit), (28 bytes).
    Removing vtm071x_dma.o(i.DmaFreeChain), (36 bytes).
    Removing vtm071x_dma.o(i.DmaInit), (64 bytes).
    Removing vtm071x_dma.o(i.DmaIsBusy), (24 bytes).
    Removing vtm071x_dma.o(i.DmaRequestChain), (152 bytes).
    Removing vtm071x_dma.o(i.DmaStart), (104 bytes).
    Removing vtm071x_dma.o(i.DmaStartRoutine), (62 bytes).
    Removing vtm071x_dma.o(i.DmaStop), (84 bytes).
    Removing vtm071x_dma.o(.constdata), (32 bytes).
    Removing vtm071x_dma.o(.data), (4 bytes).
    Removing vtm071x_flash.o(.rev16_text), (4 bytes).
    Removing vtm071x_flash.o(.revsh_text), (4 bytes).
    Removing vtm071x_flash.o(i.FLASH_CacheCmd), (24 bytes).
    Removing vtm071x_flash.o(i.FLASH_ClearFlag), (16 bytes).
    Removing vtm071x_flash.o(i.FLASH_EraseAPROM), (80 bytes).
    Removing vtm071x_flash.o(i.FLASH_EraseLDROM), (80 bytes).
    Removing vtm071x_flash.o(i.FLASH_FlushCacheCmd), (28 bytes).
    Removing vtm071x_flash.o(i.FLASH_GetFlagStatus), (20 bytes).
    Removing vtm071x_flash.o(i.FLASH_ITConfig), (24 bytes).
    Removing vtm071x_flash.o(i.FLASH_Lock), (16 bytes).
    Removing vtm071x_flash.o(i.FLASH_ProgramAPROM), (88 bytes).
    Removing vtm071x_flash.o(i.FLASH_ProgramLDROM), (88 bytes).
    Removing vtm071x_flash.o(i.FLASH_SetLatency), (20 bytes).
    Removing vtm071x_flash.o(i.FLASH_Unlock), (32 bytes).
    Removing vtm071x_gpio.o(.rev16_text), (4 bytes).
    Removing vtm071x_gpio.o(.revsh_text), (4 bytes).
    Removing vtm071x_gpio.o(i.GPIO_ANAConfig), (32 bytes).
    Removing vtm071x_gpio.o(i.GPIO_ClearITPendingBit), (36 bytes).
    Removing vtm071x_gpio.o(i.GPIO_DeInit), (20 bytes).
    Removing vtm071x_gpio.o(i.GPIO_FilterConfig), (28 bytes).
    Removing vtm071x_gpio.o(i.GPIO_GetITStatus), (72 bytes).
    Removing vtm071x_gpio.o(i.GPIO_ITConfig), (168 bytes).
    Removing vtm071x_gpio.o(i.GPIO_ReadData), (32 bytes).
    Removing vtm071x_gpio.o(i.GPIO_ReadDataBit), (36 bytes).
    Removing vtm071x_gpio.o(i.GPIO_Write), (40 bytes).
    Removing vtm071x_gpio.o(i.GPIO_WriteBit), (60 bytes).
    Removing vtm071x_gpio.o(i.GPIO_Write_Port0_1), (16 bytes).
    Removing vtm071x_gpio.o(i.GPIO_Write_Port2_3), (16 bytes).
    Removing vtm071x_gpio.o(i.GPIO_Write_Port4_5), (16 bytes).
    Removing vtm071x_gpio.o(i.GPIO_Write_Port6_7), (16 bytes).
    Removing vtm071x_i2c.o(.rev16_text), (4 bytes).
    Removing vtm071x_i2c.o(.revsh_text), (4 bytes).
    Removing vtm071x_i2c.o(i.I2C_ACKGenCallCmd), (12 bytes).
    Removing vtm071x_i2c.o(i.I2C_ClearITPendingBit), (36 bytes).
    Removing vtm071x_i2c.o(i.I2C_Cmd), (20 bytes).
    Removing vtm071x_i2c.o(i.I2C_DeInit), (48 bytes).
    Removing vtm071x_i2c.o(i.I2C_GetFlagStatus), (80 bytes).
    Removing vtm071x_i2c.o(i.I2C_GetITFlag), (14 bytes).
    Removing vtm071x_i2c.o(i.I2C_GetRawITFlag), (14 bytes).
    Removing vtm071x_i2c.o(i.I2C_GetReceptionFIFONum), (8 bytes).
    Removing vtm071x_i2c.o(i.I2C_GetSpeedMode), (8 bytes).
    Removing vtm071x_i2c.o(i.I2C_GetTXAbortSource), (6 bytes).
    Removing vtm071x_i2c.o(i.I2C_GetTransmissionFIFONum), (8 bytes).
    Removing vtm071x_i2c.o(i.I2C_HSMasterCodeConfig), (4 bytes).
    Removing vtm071x_i2c.o(i.I2C_ITConfig), (16 bytes).
    Removing vtm071x_i2c.o(i.I2C_Init), (32 bytes).
    Removing vtm071x_i2c.o(i.I2C_NACKCmd), (12 bytes).
    Removing vtm071x_i2c.o(i.I2C_ReceiveData), (6 bytes).
    Removing vtm071x_i2c.o(i.I2C_RxFIFOThresholdConfig), (6 bytes).
    Removing vtm071x_i2c.o(i.I2C_SARConfig), (12 bytes).
    Removing vtm071x_i2c.o(i.I2C_SCLKCountConfig), (26 bytes).
    Removing vtm071x_i2c.o(i.I2C_SDASetupConfig), (8 bytes).
    Removing vtm071x_i2c.o(i.I2C_SendData), (4 bytes).
    Removing vtm071x_i2c.o(i.I2C_SpecialCmdConfig), (14 bytes).
    Removing vtm071x_i2c.o(i.I2C_TARConfig), (12 bytes).
    Removing vtm071x_i2c.o(i.I2C_TriggerRecData), (8 bytes).
    Removing vtm071x_i2c.o(i.I2C_TxFIFOThresholdConfig), (4 bytes).
    Removing vtm071x_iwdg.o(.rev16_text), (4 bytes).
    Removing vtm071x_iwdg.o(.revsh_text), (4 bytes).
    Removing vtm071x_iwdg.o(i.IWDG_DeInit), (22 bytes).
    Removing vtm071x_iwdg.o(i.IWDG_Enable), (16 bytes).
    Removing vtm071x_iwdg.o(i.IWDG_GetFlagStatus), (20 bytes).
    Removing vtm071x_iwdg.o(i.IWDG_ReloadCounter), (16 bytes).
    Removing vtm071x_iwdg.o(i.IWDG_SetPrescaler), (12 bytes).
    Removing vtm071x_iwdg.o(i.IWDG_SetReload), (12 bytes).
    Removing vtm071x_iwdg.o(i.IWDG_WriteAccessCmd), (12 bytes).
    Removing vtm071x_maths.o(.rev16_text), (4 bytes).
    Removing vtm071x_maths.o(.revsh_text), (4 bytes).
    Removing vtm071x_maths.o(i.CRC_Reset), (12 bytes).
    Removing vtm071x_maths.o(i.CRC_WriteWord), (12 bytes).
    Removing vtm071x_maths.o(i.Cordic_GetFlagStatus), (20 bytes).
    Removing vtm071x_maths.o(i.Cordic_Go), (76 bytes).
    Removing vtm071x_maths.o(i.Cordic_Init), (24 bytes).
    Removing vtm071x_maths.o(i.DIV_GetFlagStatus), (20 bytes).
    Removing vtm071x_maths.o(i.DIV_GetITStatus), (32 bytes).
    Removing vtm071x_maths.o(i.DIV_GetQuotient), (12 bytes).
    Removing vtm071x_maths.o(i.DIV_GetRemainder), (12 bytes).
    Removing vtm071x_maths.o(i.DIV_ITConfig), (24 bytes).
    Removing vtm071x_maths.o(i.DIV_SetDividend), (12 bytes).
    Removing vtm071x_maths.o(i.DIV_SetDivisor), (12 bytes).
    Removing vtm071x_maths.o(i.DIV_Start), (16 bytes).
    Removing vtm071x_maths.o(i.Division_Init), (32 bytes).
    Removing vtm071x_maths.o(i.MATHS_DeInit), (20 bytes).
    Removing vtm071x_mcpwm.o(.rev16_text), (4 bytes).
    Removing vtm071x_mcpwm.o(.revsh_text), (4 bytes).
    Removing vtm071x_mcpwm.o(i.MCPWM_ACCmd), (24 bytes).
    Removing vtm071x_mcpwm.o(i.MCPWM_CaptureConfig), (148 bytes).
    Removing vtm071x_mcpwm.o(i.MCPWM_ChangeMATAndLIM), (36 bytes).
    Removing vtm071x_mcpwm.o(i.MCPWM_ClearCAP), (36 bytes).
    Removing vtm071x_mcpwm.o(i.MCPWM_ClearITPendingBit), (12 bytes).
    Removing vtm071x_mcpwm.o(i.MCPWM_Cmd), (20 bytes).
    Removing vtm071x_mcpwm.o(i.MCPWM_CounterConfig), (44 bytes).
    Removing vtm071x_mcpwm.o(i.MCPWM_DCCmd), (24 bytes).
    Removing vtm071x_mcpwm.o(i.MCPWM_DCConfig), (48 bytes).
    Removing vtm071x_mcpwm.o(i.MCPWM_DeInit), (22 bytes).
    Removing vtm071x_mcpwm.o(i.MCPWM_GetCAP), (28 bytes).
    Removing vtm071x_mcpwm.o(i.MCPWM_GetHALLStat), (16 bytes).
    Removing vtm071x_mcpwm.o(i.MCPWM_GetITStatus), (36 bytes).
    Removing vtm071x_mcpwm.o(i.MCPWM_GetVelocity), (12 bytes).
    Removing vtm071x_mcpwm.o(i.MCPWM_HALLCmd), (24 bytes).
    Removing vtm071x_mcpwm.o(i.MCPWM_HALLPolarityConfig), (40 bytes).
    Removing vtm071x_mcpwm.o(i.MCPWM_HALLStatusConfig), (24 bytes).
    Removing vtm071x_mcpwm.o(i.MCPWM_INSConfig), (56 bytes).
    Removing vtm071x_mcpwm.o(i.MCPWM_ITConfig), (20 bytes).
    Removing vtm071x_mcpwm.o(i.MCPWM_Init), (232 bytes).
    Removing vtm071x_mcpwm.o(i.MCPWM_SetPrescale), (12 bytes).
    Removing vtm071x_mcpwm.o(i.MCPWM_TimerorCounter), (44 bytes).
    Removing vtm071x_mcpwm.o(i.MCPWM_VelocityDetectCmd), (24 bytes).
    Removing vtm071x_mcpwm.o(i.MCPWM_VelocityDetectConfig), (12 bytes).
    Removing vtm071x_rcc.o(.rev16_text), (4 bytes).
    Removing vtm071x_rcc.o(.revsh_text), (4 bytes).
    Removing vtm071x_rcc.o(i.DBGMCU_APB1PeriphConfig), (24 bytes).
    Removing vtm071x_rcc.o(i.RCC_AHBPeriphClockCmd), (16 bytes).
    Removing vtm071x_rcc.o(i.RCC_AHBPeriphResetCmd), (16 bytes).
    Removing vtm071x_rcc.o(i.RCC_BODConfig), (16 bytes).
    Removing vtm071x_rcc.o(i.RCC_BORConfig), (32 bytes).
    Removing vtm071x_rcc.o(i.RCC_ClearFlag), (16 bytes).
    Removing vtm071x_rcc.o(i.RCC_DMAChannelConfig), (28 bytes).
    Removing vtm071x_rcc.o(i.RCC_GetANAStatus), (20 bytes).
    Removing vtm071x_rcc.o(i.RCC_GetBootMode), (18 bytes).
    Removing vtm071x_rcc.o(i.RCC_GetClocksFreq), (412 bytes).
    Removing vtm071x_rcc.o(i.RCC_GetFlagStatus), (20 bytes).
    Removing vtm071x_rcc.o(i.RCC_GetID), (12 bytes).
    Removing vtm071x_rcc.o(i.RCC_GetProtectStatus), (18 bytes).
    Removing vtm071x_rcc.o(i.RCC_GetResetSourceStatus), (20 bytes).
    Removing vtm071x_rcc.o(i.RCC_LDROMRemapCmd), (30 bytes).
    Removing vtm071x_rcc.o(i.RCC_MAINCLKSel), (20 bytes).
    Removing vtm071x_rcc.o(i.RCC_OUTCLKSel), (20 bytes).
    Removing vtm071x_rcc.o(i.RCC_PDAWAKEConfig), (24 bytes).
    Removing vtm071x_rcc.o(i.RCC_PDRUNConfig), (24 bytes).
    Removing vtm071x_rcc.o(i.RCC_PDSLEEPConfig), (24 bytes).
    Removing vtm071x_rcc.o(i.RCC_PowerDownCmd), (32 bytes).
    Removing vtm071x_rcc.o(i.RCC_SETCLKDivider), (10 bytes).
    Removing vtm071x_rcc.o(i.RCC_SRAMRemapCmd), (28 bytes).
    Removing vtm071x_rcc.o(i.RCC_SetSystickCalibrationValue), (12 bytes).
    Removing vtm071x_rcc.o(i.RCC_SwitchLDO), (24 bytes).
    Removing vtm071x_rcc.o(i.RCC_USARTCLKSel), (20 bytes).
    Removing vtm071x_rcc.o(i.RCC_USBCLKSel), (20 bytes).
    Removing vtm071x_rcc.o(i.RCC_WWDGCLKSel), (20 bytes).
    Removing vtm071x_rcc.o(i.RCC_WakeupPinCmd), (24 bytes).
    Removing vtm071x_rtc.o(.rev16_text), (4 bytes).
    Removing vtm071x_rtc.o(.revsh_text), (4 bytes).
    Removing vtm071x_rtc.o(i.RTC_AlarmConfig), (12 bytes).
    Removing vtm071x_rtc.o(i.RTC_CLOCKSourceSelect), (24 bytes).
    Removing vtm071x_rtc.o(i.RTC_ClearITPendingBit), (20 bytes).
    Removing vtm071x_rtc.o(i.RTC_Cmd), (28 bytes).
    Removing vtm071x_rtc.o(i.RTC_CountConfig), (12 bytes).
    Removing vtm071x_rtc.o(i.RTC_DeInit), (22 bytes).
    Removing vtm071x_rtc.o(i.RTC_GetITStatus), (44 bytes).
    Removing vtm071x_rtc.o(i.RTC_GetTime), (12 bytes).
    Removing vtm071x_rtc.o(i.RTC_ITConfig), (24 bytes).
    Removing vtm071x_rtc.o(i.RTC_Init), (32 bytes).
    Removing vtm071x_rtc.o(i.RTC_LoadCmd), (28 bytes).
    Removing vtm071x_spi.o(.rev16_text), (4 bytes).
    Removing vtm071x_spi.o(.revsh_text), (4 bytes).
    Removing vtm071x_spi.o(i.SPI_ClearITPendingBit), (4 bytes).
    Removing vtm071x_spi.o(i.SPI_Cmd), (18 bytes).
    Removing vtm071x_spi.o(i.SPI_DataSizeConfig), (12 bytes).
    Removing vtm071x_spi.o(i.SPI_DeInit), (40 bytes).
    Removing vtm071x_spi.o(i.SPI_GetDataSize), (10 bytes).
    Removing vtm071x_spi.o(i.SPI_GetFlagStatus), (14 bytes).
    Removing vtm071x_spi.o(i.SPI_GetITStatusAfterMasking), (14 bytes).
    Removing vtm071x_spi.o(i.SPI_GetITStatusPriorToMasking), (14 bytes).
    Removing vtm071x_spi.o(i.SPI_ITConfig), (16 bytes).
    Removing vtm071x_spi.o(i.SPI_Init), (28 bytes).
    Removing vtm071x_spi.o(i.SPI_LoopBackCmd), (20 bytes).
    Removing vtm071x_spi.o(i.SPI_ReceiveData), (6 bytes).
    Removing vtm071x_spi.o(i.SPI_RxDMACmd), (20 bytes).
    Removing vtm071x_spi.o(i.SPI_SendData), (4 bytes).
    Removing vtm071x_spi.o(i.SPI_SlaveOutputCmd), (18 bytes).
    Removing vtm071x_spi.o(i.SPI_StructInit), (22 bytes).
    Removing vtm071x_spi.o(i.SPI_TxDMACmd), (18 bytes).
    Removing vtm071x_timer.o(.rev16_text), (4 bytes).
    Removing vtm071x_timer.o(.revsh_text), (4 bytes).
    Removing vtm071x_timer.o(i.COUNTER_Init), (412 bytes).
    Removing vtm071x_timer.o(i.PWM_Cmd), (20 bytes).
    Removing vtm071x_timer.o(i.PWM_Init), (158 bytes).
    Removing vtm071x_timer.o(i.PWM_InvertCmd), (22 bytes).
    Removing vtm071x_timer.o(i.PWM_PulseCounterCmd), (22 bytes).
    Removing vtm071x_timer.o(i.PWM_SetPWMTHandMATCH), (46 bytes).
    Removing vtm071x_timer.o(i.PWM_SetPulseCounterValue), (32 bytes).
    Removing vtm071x_timer.o(i.TIMER_ClearITPendingBit), (4 bytes).
    Removing vtm071x_timer.o(i.TIMER_Cmd), (16 bytes).
    Removing vtm071x_timer.o(i.TIMER_DeInit), (80 bytes).
    Removing vtm071x_timer.o(i.TIMER_GetCR), (34 bytes).
    Removing vtm071x_timer.o(i.TIMER_GetExternalMatchState), (18 bytes).
    Removing vtm071x_timer.o(i.TIMER_GetITStatus), (144 bytes).
    Removing vtm071x_timer.o(i.TIMER_GetMatchLevel), (50 bytes).
    Removing vtm071x_timer.o(i.TIMER_GetPrescale), (4 bytes).
    Removing vtm071x_timer.o(i.TIMER_GetTC), (28 bytes).
    Removing vtm071x_timer.o(i.TIMER_ITConfig), (86 bytes).
    Removing vtm071x_timer.o(i.TIMER_Init), (252 bytes).
    Removing vtm071x_timer.o(i.TIMER_ResetCmd), (18 bytes).
    Removing vtm071x_timer.o(i.TIMER_SetIdleLevel), (58 bytes).
    Removing vtm071x_timer.o(i.TIMER_SetMatchAction), (58 bytes).
    Removing vtm071x_timer.o(i.TIMER_SetMatchDefaultLevel), (62 bytes).
    Removing vtm071x_timer.o(i.TIMER_SetPrescale), (4 bytes).
    Removing vtm071x_timer.o(i.TIMER_StopTC), (44 bytes).
    Removing vtm071x_tsc.o(.rev16_text), (4 bytes).
    Removing vtm071x_tsc.o(.revsh_text), (4 bytes).
    Removing vtm071x_tsc.o(i.TSC_ClearITPendingBit), (16 bytes).
    Removing vtm071x_tsc.o(i.TSC_Cmd), (28 bytes).
    Removing vtm071x_tsc.o(i.TSC_DeInit), (20 bytes).
    Removing vtm071x_tsc.o(i.TSC_GetFlagStatus), (20 bytes).
    Removing vtm071x_tsc.o(i.TSC_GetITStatus), (28 bytes).
    Removing vtm071x_tsc.o(i.TSC_GetSampleValue), (76 bytes).
    Removing vtm071x_tsc.o(i.TSC_IOInit), (148 bytes).
    Removing vtm071x_tsc.o(i.TSC_ITConfig), (24 bytes).
    Removing vtm071x_tsc.o(i.TSC_Init), (36 bytes).
    Removing vtm071x_tsc.o(i.TSC_StartCmd), (24 bytes).
    Removing vtm071x_usart.o(.rev16_text), (4 bytes).
    Removing vtm071x_usart.o(.revsh_text), (4 bytes).
    Removing vtm071x_usart.o(i.USART_AUTOBAUDCmd), (22 bytes).
    Removing vtm071x_usart.o(i.USART_AUTOBAUDConfig), (14 bytes).
    Removing vtm071x_usart.o(i.USART_BRKCmd), (14 bytes).
    Removing vtm071x_usart.o(i.USART_ClearFlag), (8 bytes).
    Removing vtm071x_usart.o(i.USART_ClearITPendingBit), (72 bytes).
    Removing vtm071x_usart.o(i.USART_Cmd), (14 bytes).
    Removing vtm071x_usart.o(i.USART_DeInit), (44 bytes).
    Removing vtm071x_usart.o(i.USART_GetFlagStatus), (14 bytes).
    Removing vtm071x_usart.o(i.USART_GetITStatus), (108 bytes).
    Removing vtm071x_usart.o(i.USART_ITConfig), (72 bytes).
    Removing vtm071x_usart.o(i.USART_Init), (120 bytes).
    Removing vtm071x_usart.o(i.USART_IrDACmd), (14 bytes).
    Removing vtm071x_usart.o(i.USART_IrDAConfig), (12 bytes).
    Removing vtm071x_usart.o(i.USART_LBECmd), (14 bytes).
    Removing vtm071x_usart.o(i.USART_LINCmd), (24 bytes).
    Removing vtm071x_usart.o(i.USART_RETTOCmd), (24 bytes).
    Removing vtm071x_usart.o(i.USART_RS485Init), (16 bytes).
    Removing vtm071x_usart.o(i.USART_RS485SetAddress), (6 bytes).
    Removing vtm071x_usart.o(i.USART_RS485SetDelay), (6 bytes).
    Removing vtm071x_usart.o(i.USART_RS485StructInit), (14 bytes).
    Removing vtm071x_usart.o(i.USART_RXDMACmd), (16 bytes).
    Removing vtm071x_usart.o(i.USART_RXTOCountConfig), (16 bytes).
    Removing vtm071x_usart.o(i.USART_ReceiveData), (4 bytes).
    Removing vtm071x_usart.o(i.USART_STTTOCmd), (24 bytes).
    Removing vtm071x_usart.o(i.USART_SendBreak), (14 bytes).
    Removing vtm071x_usart.o(i.USART_SendData), (4 bytes).
    Removing vtm071x_usart.o(i.USART_StructInit), (42 bytes).
    Removing vtm071x_usart.o(i.USART_TXDMACmd), (16 bytes).
    Removing vtm071x_wwdg.o(.rev16_text), (4 bytes).
    Removing vtm071x_wwdg.o(.revsh_text), (4 bytes).
    Removing vtm071x_wwdg.o(i.WWDG_ClearFlag), (12 bytes).
    Removing vtm071x_wwdg.o(i.WWDG_DeInit), (22 bytes).
    Removing vtm071x_wwdg.o(i.WWDG_Enable), (16 bytes).
    Removing vtm071x_wwdg.o(i.WWDG_EnableIT), (16 bytes).
    Removing vtm071x_wwdg.o(i.WWDG_GetFlagStatus), (20 bytes).
    Removing vtm071x_wwdg.o(i.WWDG_SetCounter), (16 bytes).
    Removing vtm071x_wwdg.o(i.WWDG_SetPrescaler), (20 bytes).
    Removing vtm071x_wwdg.o(i.WWDG_SetWindowValue), (28 bytes).

401 unused section(s) (total 12528 bytes) removed from the image.

==============================================================================

Image Symbol Table

    Local Symbols

    Symbol Name                              Value     Ov Type        Size  Object(Section)

    RESET                                    0x00000000   Section      192  startup_vtm071x.o(RESET)
    ../clib/microlib/division.c              0x00000000   Number         0  uidiv.o ABSOLUTE
    ../clib/microlib/init/entry.s            0x00000000   Number         0  entry10b.o ABSOLUTE
    ../clib/microlib/init/entry.s            0x00000000   Number         0  entry5.o ABSOLUTE
    ../clib/microlib/init/entry.s            0x00000000   Number         0  entry11a.o ABSOLUTE
    ../clib/microlib/init/entry.s            0x00000000   Number         0  entry8b.o ABSOLUTE
    ../clib/microlib/init/entry.s            0x00000000   Number         0  entry11b.o ABSOLUTE
    ../clib/microlib/init/entry.s            0x00000000   Number         0  entry10a.o ABSOLUTE
    ../clib/microlib/init/entry.s            0x00000000   Number         0  entry12a.o ABSOLUTE
    ../clib/microlib/init/entry.s            0x00000000   Number         0  entry12b.o ABSOLUTE
    ../clib/microlib/init/entry.s            0x00000000   Number         0  entry2.o ABSOLUTE
    ../clib/microlib/init/entry.s            0x00000000   Number         0  entry8a.o ABSOLUTE
    ../clib/microlib/init/entry.s            0x00000000   Number         0  entry7b.o ABSOLUTE
    ../clib/microlib/init/entry.s            0x00000000   Number         0  entry7a.o ABSOLUTE
    ../clib/microlib/init/entry.s            0x00000000   Number         0  entry.o ABSOLUTE
    ../clib/microlib/init/entry.s            0x00000000   Number         0  entry9b.o ABSOLUTE
    ../clib/microlib/init/entry.s            0x00000000   Number         0  entry9a.o ABSOLUTE
    ../clib/microlib/malloc/malloc.c         0x00000000   Number         0  mallocra.o ABSOLUTE
    ../clib/microlib/malloc/malloc.c         0x00000000   Number         0  malloca.o ABSOLUTE
    ../clib/microlib/malloc/malloc.c         0x00000000   Number         0  mallocr.o ABSOLUTE
    ../clib/microlib/malloc/malloc.c         0x00000000   Number         0  malloc.o ABSOLUTE
    ../clib/microlib/malloc/mvars.c          0x00000000   Number         0  mvars.o ABSOLUTE
    ../clib/microlib/string/memcpy.c         0x00000000   Number         0  memcpyb.o ABSOLUTE
    ../clib/microlib/string/memcpy.c         0x00000000   Number         0  memcpya.o ABSOLUTE
    ../clib/microlib/string/memset.c         0x00000000   Number         0  memseta.o ABSOLUTE
    ../clib/microlib/unhosted.c              0x00000000   Number         0  uwrite4.o ABSOLUTE
    ../clib/microlib/unhosted.c              0x00000000   Number         0  uread4.o ABSOLUTE
    ..\..\..\Libraries\CMSIS\Device\MIC\VTM071x\Source\Templates\ARM\startup_VTM071x.s 0x00000000   Number         0  startup_vtm071x.o ABSOLUTE
    ..\..\..\Libraries\CMSIS\Device\MIC\VTM071x\Source\Templates\system_VTM071x.c 0x00000000   Number         0  system_vtm071x.o ABSOLUTE
    ..\..\..\Libraries\VTM071x_StdPeriph_Driver\src\VTM071x_acmp.c 0x00000000   Number         0  vtm071x_acmp.o ABSOLUTE
    ..\..\..\Libraries\VTM071x_StdPeriph_Driver\src\VTM071x_adc.c 0x00000000   Number         0  vtm071x_adc.o ABSOLUTE
    ..\..\..\Libraries\VTM071x_StdPeriph_Driver\src\VTM071x_dac.c 0x00000000   Number         0  vtm071x_dac.o ABSOLUTE
    ..\..\..\Libraries\VTM071x_StdPeriph_Driver\src\VTM071x_dma.c 0x00000000   Number         0  vtm071x_dma.o ABSOLUTE
    ..\..\..\Libraries\VTM071x_StdPeriph_Driver\src\VTM071x_flash.c 0x00000000   Number         0  vtm071x_flash.o ABSOLUTE
    ..\..\..\Libraries\VTM071x_StdPeriph_Driver\src\VTM071x_gpio.c 0x00000000   Number         0  vtm071x_gpio.o ABSOLUTE
    ..\..\..\Libraries\VTM071x_StdPeriph_Driver\src\VTM071x_i2c.c 0x00000000   Number         0  vtm071x_i2c.o ABSOLUTE
    ..\..\..\Libraries\VTM071x_StdPeriph_Driver\src\VTM071x_iwdg.c 0x00000000   Number         0  vtm071x_iwdg.o ABSOLUTE
    ..\..\..\Libraries\VTM071x_StdPeriph_Driver\src\VTM071x_maths.c 0x00000000   Number         0  vtm071x_maths.o ABSOLUTE
    ..\..\..\Libraries\VTM071x_StdPeriph_Driver\src\VTM071x_mcpwm.c 0x00000000   Number         0  vtm071x_mcpwm.o ABSOLUTE
    ..\..\..\Libraries\VTM071x_StdPeriph_Driver\src\VTM071x_rcc.c 0x00000000   Number         0  vtm071x_rcc.o ABSOLUTE
    ..\..\..\Libraries\VTM071x_StdPeriph_Driver\src\VTM071x_rtc.c 0x00000000   Number         0  vtm071x_rtc.o ABSOLUTE
    ..\..\..\Libraries\VTM071x_StdPeriph_Driver\src\VTM071x_spi.c 0x00000000   Number         0  vtm071x_spi.o ABSOLUTE
    ..\..\..\Libraries\VTM071x_StdPeriph_Driver\src\VTM071x_timer.c 0x00000000   Number         0  vtm071x_timer.o ABSOLUTE
    ..\..\..\Libraries\VTM071x_StdPeriph_Driver\src\VTM071x_tsc.c 0x00000000   Number         0  vtm071x_tsc.o ABSOLUTE
    ..\..\..\Libraries\VTM071x_StdPeriph_Driver\src\VTM071x_usart.c 0x00000000   Number         0  vtm071x_usart.o ABSOLUTE
    ..\..\..\Libraries\VTM071x_StdPeriph_Driver\src\VTM071x_wwdg.c 0x00000000   Number         0  vtm071x_wwdg.o ABSOLUTE
    ..\..\..\Libraries\VTM071x_StdPeriph_Driver\src\misc.c 0x00000000   Number         0  misc.o ABSOLUTE
    ..\..\..\Libraries\VTM071x_USB_Device_Driver\src\usb_core.c 0x00000000   Number         0  usb_core.o ABSOLUTE
    ..\..\..\Libraries\VTM071x_USB_Device_Driver\src\usb_dcd.c 0x00000000   Number         0  usb_dcd.o ABSOLUTE
    ..\..\..\Libraries\VTM071x_USB_Device_Driver\src\usb_dcd_int.c 0x00000000   Number         0  usb_dcd_int.o ABSOLUTE
    ..\..\..\Libraries\VTM071x_USB_Device_Library\Class\hid\src\usbd_custom_hid_core.c 0x00000000   Number         0  usbd_custom_hid_core.o ABSOLUTE
    ..\..\..\Libraries\VTM071x_USB_Device_Library\Core\src\usbd_core.c 0x00000000   Number         0  usbd_core.o ABSOLUTE
    ..\..\..\Libraries\VTM071x_USB_Device_Library\Core\src\usbd_ioreq.c 0x00000000   Number         0  usbd_ioreq.o ABSOLUTE
    ..\..\..\Libraries\VTM071x_USB_Device_Library\Core\src\usbd_req.c 0x00000000   Number         0  usbd_req.o ABSOLUTE
    ..\\..\\..\\Libraries\\CMSIS\\Device\\MIC\\VTM071x\\Source\\Templates\\system_VTM071x.c 0x00000000   Number         0  system_vtm071x.o ABSOLUTE
    ..\\..\\..\\Libraries\\VTM071x_StdPeriph_Driver\\src\\VTM071x_acmp.c 0x00000000   Number         0  vtm071x_acmp.o ABSOLUTE
    ..\\..\\..\\Libraries\\VTM071x_StdPeriph_Driver\\src\\VTM071x_adc.c 0x00000000   Number         0  vtm071x_adc.o ABSOLUTE
    ..\\..\\..\\Libraries\\VTM071x_StdPeriph_Driver\\src\\VTM071x_dac.c 0x00000000   Number         0  vtm071x_dac.o ABSOLUTE
    ..\\..\\..\\Libraries\\VTM071x_StdPeriph_Driver\\src\\VTM071x_dma.c 0x00000000   Number         0  vtm071x_dma.o ABSOLUTE
    ..\\..\\..\\Libraries\\VTM071x_StdPeriph_Driver\\src\\VTM071x_flash.c 0x00000000   Number         0  vtm071x_flash.o ABSOLUTE
    ..\\..\\..\\Libraries\\VTM071x_StdPeriph_Driver\\src\\VTM071x_gpio.c 0x00000000   Number         0  vtm071x_gpio.o ABSOLUTE
    ..\\..\\..\\Libraries\\VTM071x_StdPeriph_Driver\\src\\VTM071x_i2c.c 0x00000000   Number         0  vtm071x_i2c.o ABSOLUTE
    ..\\..\\..\\Libraries\\VTM071x_StdPeriph_Driver\\src\\VTM071x_iwdg.c 0x00000000   Number         0  vtm071x_iwdg.o ABSOLUTE
    ..\\..\\..\\Libraries\\VTM071x_StdPeriph_Driver\\src\\VTM071x_maths.c 0x00000000   Number         0  vtm071x_maths.o ABSOLUTE
    ..\\..\\..\\Libraries\\VTM071x_StdPeriph_Driver\\src\\VTM071x_mcpwm.c 0x00000000   Number         0  vtm071x_mcpwm.o ABSOLUTE
    ..\\..\\..\\Libraries\\VTM071x_StdPeriph_Driver\\src\\VTM071x_rcc.c 0x00000000   Number         0  vtm071x_rcc.o ABSOLUTE
    ..\\..\\..\\Libraries\\VTM071x_StdPeriph_Driver\\src\\VTM071x_rtc.c 0x00000000   Number         0  vtm071x_rtc.o ABSOLUTE
    ..\\..\\..\\Libraries\\VTM071x_StdPeriph_Driver\\src\\VTM071x_spi.c 0x00000000   Number         0  vtm071x_spi.o ABSOLUTE
    ..\\..\\..\\Libraries\\VTM071x_StdPeriph_Driver\\src\\VTM071x_timer.c 0x00000000   Number         0  vtm071x_timer.o ABSOLUTE
    ..\\..\\..\\Libraries\\VTM071x_StdPeriph_Driver\\src\\VTM071x_tsc.c 0x00000000   Number         0  vtm071x_tsc.o ABSOLUTE
    ..\\..\\..\\Libraries\\VTM071x_StdPeriph_Driver\\src\\VTM071x_usart.c 0x00000000   Number         0  vtm071x_usart.o ABSOLUTE
    ..\\..\\..\\Libraries\\VTM071x_StdPeriph_Driver\\src\\VTM071x_wwdg.c 0x00000000   Number         0  vtm071x_wwdg.o ABSOLUTE
    ..\\..\\..\\Libraries\\VTM071x_StdPeriph_Driver\\src\\misc.c 0x00000000   Number         0  misc.o ABSOLUTE
    ..\\..\\..\\Libraries\\VTM071x_USB_Device_Driver\\src\\usb_core.c 0x00000000   Number         0  usb_core.o ABSOLUTE
    ..\\..\\..\\Libraries\\VTM071x_USB_Device_Driver\\src\\usb_dcd.c 0x00000000   Number         0  usb_dcd.o ABSOLUTE
    ..\\..\\..\\Libraries\\VTM071x_USB_Device_Driver\\src\\usb_dcd_int.c 0x00000000   Number         0  usb_dcd_int.o ABSOLUTE
    ..\\..\\..\\Libraries\\VTM071x_USB_Device_Library\\Class\\hid\\src\\usbd_custom_hid_core.c 0x00000000   Number         0  usbd_custom_hid_core.o ABSOLUTE
    ..\\..\\..\\Libraries\\VTM071x_USB_Device_Library\\Core\\src\\usbd_core.c 0x00000000   Number         0  usbd_core.o ABSOLUTE
    ..\\..\\..\\Libraries\\VTM071x_USB_Device_Library\\Core\\src\\usbd_ioreq.c 0x00000000   Number         0  usbd_ioreq.o ABSOLUTE
    ..\\..\\..\\Libraries\\VTM071x_USB_Device_Library\\Core\\src\\usbd_req.c 0x00000000   Number         0  usbd_req.o ABSOLUTE
    ..\\src\\VTM071x_it.c                    0x00000000   Number         0  vtm071x_it.o ABSOLUTE
    ..\\src\\app.c                           0x00000000   Number         0  app.o ABSOLUTE
    ..\\src\\usb_bsp.c                       0x00000000   Number         0  usb_bsp.o ABSOLUTE
    ..\\src\\usbd_desc.c                     0x00000000   Number         0  usbd_desc.o ABSOLUTE
    ..\\src\\usbd_pwr.c                      0x00000000   Number         0  usbd_pwr.o ABSOLUTE
    ..\\src\\usbd_usr.c                      0x00000000   Number         0  usbd_usr.o ABSOLUTE
    ..\src\VTM071x_it.c                      0x00000000   Number         0  vtm071x_it.o ABSOLUTE
    ..\src\app.c                             0x00000000   Number         0  app.o ABSOLUTE
    ..\src\usb_bsp.c                         0x00000000   Number         0  usb_bsp.o ABSOLUTE
    ..\src\usbd_desc.c                       0x00000000   Number         0  usbd_desc.o ABSOLUTE
    ..\src\usbd_pwr.c                        0x00000000   Number         0  usbd_pwr.o ABSOLUTE
    ..\src\usbd_usr.c                        0x00000000   Number         0  usbd_usr.o ABSOLUTE
    dc.s                                     0x00000000   Number         0  dc.o ABSOLUTE
    handlers.s                               0x00000000   Number         0  handlers.o ABSOLUTE
    init.s                                   0x00000000   Number         0  init.o ABSOLUTE
    .ARM.Collect$$$$00000000                 0x000000c0   Section        0  entry.o(.ARM.Collect$$$$00000000)
    .ARM.Collect$$$$00000001                 0x000000c0   Section        4  entry2.o(.ARM.Collect$$$$00000001)
    .ARM.Collect$$$$00000004                 0x000000c4   Section        4  entry5.o(.ARM.Collect$$$$00000004)
    .ARM.Collect$$$$00000008                 0x000000c8   Section        0  entry7b.o(.ARM.Collect$$$$00000008)
    .ARM.Collect$$$$0000000A                 0x000000c8   Section        0  entry8b.o(.ARM.Collect$$$$0000000A)
    .ARM.Collect$$$$0000000B                 0x000000c8   Section        8  entry9a.o(.ARM.Collect$$$$0000000B)
    .ARM.Collect$$$$0000000E                 0x000000d0   Section        4  entry12b.o(.ARM.Collect$$$$0000000E)
    .ARM.Collect$$$$0000000F                 0x000000d4   Section        0  entry10a.o(.ARM.Collect$$$$0000000F)
    .ARM.Collect$$$$00000011                 0x000000d4   Section        0  entry11a.o(.ARM.Collect$$$$00000011)
    .ARM.Collect$$$$00002712                 0x000000d4   Section        4  entry2.o(.ARM.Collect$$$$00002712)
    __lit__00000000                          0x000000d4   Data           4  entry2.o(.ARM.Collect$$$$00002712)
    .text                                    0x000000d8   Section       28  startup_vtm071x.o(.text)
    .text                                    0x000000f4   Section        0  uidiv.o(.text)
    .text                                    0x00000120   Section        0  uread4.o(.text)
    .text                                    0x00000134   Section        0  uwrite4.o(.text)
    .text                                    0x00000148   Section       36  init.o(.text)
    i.ClearEP0SentStall                      0x0000016c   Section        0  usb_core.o(i.ClearEP0SentStall)
    i.ClearEP0SetupEnd                       0x0000017c   Section        0  usb_core.o(i.ClearEP0SetupEnd)
    i.ClearEPRxPktRdy                        0x0000018c   Section        0  usb_core.o(i.ClearEPRxPktRdy)
    i.ClearEPnRxDataTog                      0x000001ac   Section        0  usb_core.o(i.ClearEPnRxDataTog)
    i.ClearEPnRxOverRun                      0x000001bc   Section        0  usb_core.o(i.ClearEPnRxOverRun)
    i.ClearEPnRxSentStall                    0x000001cc   Section        0  usb_core.o(i.ClearEPnRxSentStall)
    i.ClearEPnTxDataTog                      0x000001dc   Section        0  usb_core.o(i.ClearEPnTxDataTog)
    i.ClearEPnTxFrcDataTog                   0x000001ec   Section        0  usb_core.o(i.ClearEPnTxFrcDataTog)
    i.ClearEPnTxSendStall                    0x000001fc   Section        0  usb_core.o(i.ClearEPnTxSendStall)
    i.ClearEPnTxSentStall                    0x0000020c   Section        0  usb_core.o(i.ClearEPnTxSentStall)
    i.ClearEPnTxUnderRun                     0x0000021c   Section        0  usb_core.o(i.ClearEPnTxUnderRun)
    i.CopyDataFromEP                         0x0000022c   Section        0  usb_core.o(i.CopyDataFromEP)
    i.CopyDataToEP                           0x00000248   Section        0  usb_core.o(i.CopyDataToEP)
    i.DCD_DevConnect                         0x00000264   Section        0  usb_dcd.o(i.DCD_DevConnect)
    i.DCD_EP_Close                           0x0000026a   Section        0  usb_dcd.o(i.DCD_EP_Close)
    i.DCD_EP_ClrStall                        0x0000028a   Section        0  usb_dcd.o(i.DCD_EP_ClrStall)
    i.DCD_EP_Open                            0x000002c4   Section        0  usb_dcd.o(i.DCD_EP_Open)
    i.DCD_EP_PrepareRx                       0x000003f4   Section        0  usb_dcd.o(i.DCD_EP_PrepareRx)
    i.DCD_EP_SetAddress                      0x00000454   Section        0  usb_dcd.o(i.DCD_EP_SetAddress)
    i.DCD_EP_Stall                           0x00000460   Section        0  usb_dcd.o(i.DCD_EP_Stall)
    i.DCD_EP_Tx                              0x000004a8   Section        0  usb_dcd.o(i.DCD_EP_Tx)
    i.DCD_Init                               0x00000568   Section        0  usb_dcd.o(i.DCD_Init)
    i.DCD_PMA_Config                         0x000005b0   Section        0  usb_dcd.o(i.DCD_PMA_Config)
    i.EP0_IdleProcess                        0x000005d8   Section        0  usb_dcd_int.o(i.EP0_IdleProcess)
    i.EP0_RxProcess                          0x00000614   Section        0  usb_dcd_int.o(i.EP0_RxProcess)
    i.EP0_TxProcess                          0x0000067c   Section        0  usb_dcd_int.o(i.EP0_TxProcess)
    i.EP_Isr                                 0x00000690   Section        0  usb_dcd_int.o(i.EP_Isr)
    i.FlushEPnRxFIFO                         0x000008a4   Section        0  usb_core.o(i.FlushEPnRxFIFO)
    i.FlushEPnTxFIFO                         0x000008b4   Section        0  usb_core.o(i.FlushEPnTxFIFO)
    i.GPIO_Init                              0x000008c4   Section        0  vtm071x_gpio.o(i.GPIO_Init)
    i.GetEP0CSR1                             0x00000948   Section        0  usb_core.o(i.GetEP0CSR1)
    i.GetEP0RxCount                          0x00000954   Section        0  usb_core.o(i.GetEP0RxCount)
    i.GetEPnRxCSR1                           0x00000960   Section        0  usb_core.o(i.GetEPnRxCSR1)
    i.GetEPnRxCount                          0x0000096c   Section        0  usb_core.o(i.GetEPnRxCount)
    i.GetEPnRxFIFOFull                       0x00000980   Section        0  usb_core.o(i.GetEPnRxFIFOFull)
    i.GetEPnTxCSR1                           0x00000994   Section        0  usb_core.o(i.GetEPnTxCSR1)
    i.GetEPnTxCSR2                           0x000009a0   Section        0  usb_core.o(i.GetEPnTxCSR2)
    i.GetEPnTxFIFONotEmpty                   0x000009ac   Section        0  usb_core.o(i.GetEPnTxFIFONotEmpty)
    i.GetIntrRx                              0x000009c0   Section        0  usb_core.o(i.GetIntrRx)
    i.GetIntrTx                              0x000009cc   Section        0  usb_core.o(i.GetIntrTx)
    i.GetIntrUSB                             0x000009d8   Section        0  usb_core.o(i.GetIntrUSB)
    i.GetPower                               0x000009e4   Section        0  usb_core.o(i.GetPower)
    i.Get_SerialNum                          0x000009f0   Section        0  usbd_desc.o(i.Get_SerialNum)
    i.HardFault_Handler                      0x00000a20   Section        0  vtm071x_it.o(i.HardFault_Handler)
    i.IntToUnicode                           0x00000a22   Section        0  usbd_desc.o(i.IntToUnicode)
    IntToUnicode                             0x00000a23   Thumb Code    44  usbd_desc.o(i.IntToUnicode)
    i.NMI_Handler                            0x00000a4e   Section        0  vtm071x_it.o(i.NMI_Handler)
    i.NVIC_Init                              0x00000a50   Section        0  misc.o(i.NVIC_Init)
    i.PendSV_Handler                         0x00000aa0   Section        0  vtm071x_it.o(i.PendSV_Handler)
    i.RCC_APBPeriphClockCmd                  0x00000aa4   Section        0  vtm071x_rcc.o(i.RCC_APBPeriphClockCmd)
    i.RCC_APBPeriphResetCmd                  0x00000adc   Section        0  vtm071x_rcc.o(i.RCC_APBPeriphResetCmd)
    i.SVC_Handler                            0x00000b14   Section        0  vtm071x_it.o(i.SVC_Handler)
    i.SetEP0DataEnd                          0x00000b18   Section        0  usb_core.o(i.SetEP0DataEnd)
    i.SetEP0SendStall                        0x00000b30   Section        0  usb_core.o(i.SetEP0SendStall)
    i.SetEPnRxAddrAndSize                    0x00000b40   Section        0  usb_core.o(i.SetEPnRxAddrAndSize)
    i.SetEPnRxMAXP                           0x00000ba0   Section        0  usb_core.o(i.SetEPnRxMAXP)
    i.SetEPnRxSendStall                      0x00000bac   Section        0  usb_core.o(i.SetEPnRxSendStall)
    i.SetEPnRxType                           0x00000bbc   Section        0  usb_core.o(i.SetEPnRxType)
    i.SetEPnTxAddrAndSize                    0x00000bd8   Section        0  usb_core.o(i.SetEPnTxAddrAndSize)
    i.SetEPnTxFrcDataTog                     0x00000c38   Section        0  usb_core.o(i.SetEPnTxFrcDataTog)
    i.SetEPnTxMAXP                           0x00000c48   Section        0  usb_core.o(i.SetEPnTxMAXP)
    i.SetEPnTxMode                           0x00000c54   Section        0  usb_core.o(i.SetEPnTxMode)
    i.SetEPnTxSendStall                      0x00000c70   Section        0  usb_core.o(i.SetEPnTxSendStall)
    i.SetEPnTxType                           0x00000c80   Section        0  usb_core.o(i.SetEPnTxType)
    i.SetFADDR                               0x00000cb4   Section        0  usb_core.o(i.SetFADDR)
    i.SetIndex                               0x00000cc4   Section        0  usb_core.o(i.SetIndex)
    i.SetIntrRxE                             0x00000cd0   Section        0  usb_core.o(i.SetIntrRxE)
    i.SetIntrTxE                             0x00000ce0   Section        0  usb_core.o(i.SetIntrTxE)
    i.SetIntrUSBE                            0x00000cf0   Section        0  usb_core.o(i.SetIntrUSBE)
    i.SetPower                               0x00000cfc   Section        0  usb_core.o(i.SetPower)
    i.SetSysClockTo84                        0x00000d08   Section        0  system_vtm071x.o(i.SetSysClockTo84)
    SetSysClockTo84                          0x00000d09   Thumb Code    86  system_vtm071x.o(i.SetSysClockTo84)
    i.SetTxPktRdy                            0x00000d74   Section        0  usb_core.o(i.SetTxPktRdy)
    i.SysTick_Handler                        0x00000d8c   Section        0  vtm071x_it.o(i.SysTick_Handler)
    i.SystemInit                             0x00000da4   Section        0  system_vtm071x.o(i.SystemInit)
    i.USBD_ClrCfg                            0x00000dbc   Section        0  usbd_core.o(i.USBD_ClrCfg)
    i.USBD_CtlContinueRx                     0x00000dd4   Section        0  usbd_ioreq.o(i.USBD_CtlContinueRx)
    i.USBD_CtlContinueSendData               0x00000de6   Section        0  usbd_ioreq.o(i.USBD_CtlContinueSendData)
    i.USBD_CtlError                          0x00000df8   Section        0  usbd_req.o(i.USBD_CtlError)
    i.USBD_CtlPrepareRx                      0x00000e02   Section        0  usbd_ioreq.o(i.USBD_CtlPrepareRx)
    i.USBD_CtlSendData                       0x00000e36   Section        0  usbd_ioreq.o(i.USBD_CtlSendData)
    i.USBD_CtlSendStatus                     0x00000e6a   Section        0  usbd_ioreq.o(i.USBD_CtlSendStatus)
    i.USBD_DataInStage                       0x00000e76   Section        0  usbd_core.o(i.USBD_DataInStage)
    USBD_DataInStage                         0x00000e77   Thumb Code   172  usbd_core.o(i.USBD_DataInStage)
    i.USBD_DataOutStage                      0x00000f22   Section        0  usbd_core.o(i.USBD_DataOutStage)
    USBD_DataOutStage                        0x00000f23   Thumb Code   144  usbd_core.o(i.USBD_DataOutStage)
    i.USBD_GetDescriptor                     0x00000fb2   Section        0  usbd_req.o(i.USBD_GetDescriptor)
    USBD_GetDescriptor                       0x00000fb3   Thumb Code   262  usbd_req.o(i.USBD_GetDescriptor)
    i.USBD_GetString                         0x000010b8   Section        0  usbd_req.o(i.USBD_GetString)
    i.USBD_HID_DataIn                        0x000010fc   Section        0  usbd_custom_hid_core.o(i.USBD_HID_DataIn)
    i.USBD_HID_DataOut                       0x00001100   Section        0  usbd_custom_hid_core.o(i.USBD_HID_DataOut)
    i.USBD_HID_DeInit                        0x00001104   Section        0  usbd_custom_hid_core.o(i.USBD_HID_DeInit)
    i.USBD_HID_EP0_RxReady                   0x0000111a   Section        0  usbd_custom_hid_core.o(i.USBD_HID_EP0_RxReady)
    i.USBD_HID_GetCfgDesc                    0x00001120   Section        0  usbd_custom_hid_core.o(i.USBD_HID_GetCfgDesc)
    i.USBD_HID_Init                          0x0000112c   Section        0  usbd_custom_hid_core.o(i.USBD_HID_Init)
    i.USBD_HID_SendReport                    0x00001174   Section        0  usbd_custom_hid_core.o(i.USBD_HID_SendReport)
    i.USBD_HID_Setup                         0x000011ac   Section        0  usbd_custom_hid_core.o(i.USBD_HID_Setup)
    i.USBD_HID_Suspend                       0x0000126c   Section        0  usbd_custom_hid_core.o(i.USBD_HID_Suspend)
    i.USBD_Init                              0x000012a0   Section        0  usbd_core.o(i.USBD_Init)
    i.USBD_ParseSetupRequest                 0x000012f0   Section        0  usbd_req.o(i.USBD_ParseSetupRequest)
    i.USBD_Reset                             0x00001326   Section        0  usbd_core.o(i.USBD_Reset)
    USBD_Reset                               0x00001327   Thumb Code    90  usbd_core.o(i.USBD_Reset)
    i.USBD_Resume                            0x00001380   Section        0  usbd_core.o(i.USBD_Resume)
    USBD_Resume                              0x00001381   Thumb Code    22  usbd_core.o(i.USBD_Resume)
    i.USBD_SOF                               0x00001396   Section        0  usbd_core.o(i.USBD_SOF)
    USBD_SOF                                 0x00001397   Thumb Code    24  usbd_core.o(i.USBD_SOF)
    i.USBD_SetCfg                            0x000013ae   Section        0  usbd_core.o(i.USBD_SetCfg)
    i.USBD_SetConfig                         0x000013d4   Section        0  usbd_req.o(i.USBD_SetConfig)
    USBD_SetConfig                           0x000013d5   Thumb Code    96  usbd_req.o(i.USBD_SetConfig)
    i.USBD_SetupStage                        0x00001438   Section        0  usbd_core.o(i.USBD_SetupStage)
    USBD_SetupStage                          0x00001439   Thumb Code    72  usbd_core.o(i.USBD_SetupStage)
    i.USBD_StdDevReq                         0x00001480   Section        0  usbd_req.o(i.USBD_StdDevReq)
    i.USBD_StdEPReq                          0x0000157c   Section        0  usbd_req.o(i.USBD_StdEPReq)
    i.USBD_StdItfReq                         0x0000164c   Section        0  usbd_req.o(i.USBD_StdItfReq)
    i.USBD_Suspend                           0x00001680   Section        0  usbd_core.o(i.USBD_Suspend)
    USBD_Suspend                             0x00001681   Thumb Code    44  usbd_core.o(i.USBD_Suspend)
    i.USBD_USR_ConfigStrDescriptor           0x000016ac   Section        0  usbd_desc.o(i.USBD_USR_ConfigStrDescriptor)
    i.USBD_USR_DeviceConfigured              0x000016cc   Section        0  usbd_usr.o(i.USBD_USR_DeviceConfigured)
    i.USBD_USR_DeviceDescriptor              0x000016d0   Section        0  usbd_desc.o(i.USBD_USR_DeviceDescriptor)
    i.USBD_USR_DeviceReset                   0x000016dc   Section        0  usbd_usr.o(i.USBD_USR_DeviceReset)
    i.USBD_USR_DeviceResumed                 0x000016de   Section        0  usbd_usr.o(i.USBD_USR_DeviceResumed)
    i.USBD_USR_DeviceSuspended               0x000016e0   Section        0  usbd_usr.o(i.USBD_USR_DeviceSuspended)
    i.USBD_USR_Init                          0x000016e4   Section        0  usbd_usr.o(i.USBD_USR_Init)
    i.USBD_USR_InterfaceStrDescriptor        0x00001724   Section        0  usbd_desc.o(i.USBD_USR_InterfaceStrDescriptor)
    i.USBD_USR_LangIDStrDescriptor           0x00001748   Section        0  usbd_desc.o(i.USBD_USR_LangIDStrDescriptor)
    i.USBD_USR_ManufacturerStrDescriptor     0x00001754   Section        0  usbd_desc.o(i.USBD_USR_ManufacturerStrDescriptor)
    i.USBD_USR_ProductStrDescriptor          0x0000176c   Section        0  usbd_desc.o(i.USBD_USR_ProductStrDescriptor)
    i.USBD_USR_SerialStrDescriptor           0x0000178c   Section        0  usbd_desc.o(i.USBD_USR_SerialStrDescriptor)
    i.USB_BSP_EnableInterrupt                0x00001798   Section        0  usb_bsp.o(i.USB_BSP_EnableInterrupt)
    i.USB_BSP_Init                           0x000017b0   Section        0  usb_bsp.o(i.USB_BSP_Init)
    i.USB_IRQHandler                         0x0000181c   Section        0  vtm071x_it.o(i.USB_IRQHandler)
    i.USB_Isr                                0x00001824   Section        0  usb_dcd_int.o(i.USB_Isr)
    i.__ARM_common_switch8                   0x000018dc   Section        0  usbd_custom_hid_core.o(i.__ARM_common_switch8)
    i.__scatterload_copy                     0x000018f6   Section       14  handlers.o(i.__scatterload_copy)
    i.__scatterload_null                     0x00001904   Section        2  handlers.o(i.__scatterload_null)
    i.__scatterload_zeroinit                 0x00001906   Section       14  handlers.o(i.__scatterload_zeroinit)
    i.delay                                  0x00001914   Section        0  usb_bsp.o(i.delay)
    i.main                                   0x00001924   Section        0  app.o(i.main)
    .constdata                               0x00001944   Section       22  usbd_desc.o(.constdata)
    .constdata                               0x0000195c   Section       83  usbd_custom_hid_core.o(.constdata)
    .data                                    0x20000000   Section       64  vtm071x_it.o(.data)
    .data                                    0x20000040   Section       28  usbd_desc.o(.data)
    .data                                    0x2000005c   Section       26  usbd_desc.o(.data)
    .data                                    0x20000078   Section       20  usbd_usr.o(.data)
    .data                                    0x2000008c   Section       40  usbd_custom_hid_core.o(.data)
    .data                                    0x200000b4   Section       20  usbd_custom_hid_core.o(.data)
    USBD_HID_AltSet                          0x200000b8   Data           4  usbd_custom_hid_core.o(.data)
    USBD_HID_Protocol                        0x200000bc   Data           4  usbd_custom_hid_core.o(.data)
    USBD_HID_IdleState                       0x200000c0   Data           4  usbd_custom_hid_core.o(.data)
    USBD_HID_ReportDescState                 0x200000c4   Data           4  usbd_custom_hid_core.o(.data)
    .data                                    0x200000c8   Section        4  usb_dcd.o(.data)
    .data                                    0x200000cc   Section       28  usbd_core.o(.data)
    .data                                    0x200000e8   Section        4  usbd_core.o(.data)
    .data                                    0x200000ec   Section        8  usbd_req.o(.data)
    cfgidx                                   0x200000ec   Data           1  usbd_req.o(.data)
    .data                                    0x200000f4   Section        4  system_vtm071x.o(.data)
    .bss                                     0x200000f8   Section      184  app.o(.bss)
    .bss                                     0x200001b0   Section      128  usbd_custom_hid_core.o(.bss)
    .bss                                     0x20000230   Section       64  usbd_req.o(.bss)
    STACK                                    0x20000270   Section     2048  startup_vtm071x.o(STACK)

    Global Symbols

    Symbol Name                              Value     Ov Type        Size  Object(Section)

    BuildAttributes$$THM_ISAv3M$S$PE$A:L22$X:L11$S22$IEEE1$IW$USESV6$~STKCKD$USESV7$~SHL$OSPACE$EBA8$MICROLIB$REQ8$PRES8$EABIv2 0x00000000   Number         0  anon$$obj.o ABSOLUTE
    __ARM_use_no_argv                        0x00000000   Number         0  app.o ABSOLUTE
    __Vectors                                0x00000000   Data           4  startup_vtm071x.o(RESET)
    __arm_fini_                               - Undefined Weak Reference
    __cpp_initialize__aeabi_                  - Undefined Weak Reference
    __cxa_finalize                            - Undefined Weak Reference
    __decompress                              - Undefined Weak Reference
    _clock_init                               - Undefined Weak Reference
    _microlib_exit                            - Undefined Weak Reference
    __Vectors_End                            0x000000c0   Data           0  startup_vtm071x.o(RESET)
    __Vectors_Size                           0x000000c0   Number         0  startup_vtm071x.o ABSOLUTE
    __main                                   0x000000c1   Thumb Code     0  entry.o(.ARM.Collect$$$$00000000)
    _main_stk                                0x000000c1   Thumb Code     0  entry2.o(.ARM.Collect$$$$00000001)
    _main_scatterload                        0x000000c5   Thumb Code     0  entry5.o(.ARM.Collect$$$$00000004)
    __main_after_scatterload                 0x000000c9   Thumb Code     0  entry5.o(.ARM.Collect$$$$00000004)
    _main_clock                              0x000000c9   Thumb Code     0  entry7b.o(.ARM.Collect$$$$00000008)
    _main_cpp_init                           0x000000c9   Thumb Code     0  entry8b.o(.ARM.Collect$$$$0000000A)
    _main_init                               0x000000c9   Thumb Code     0  entry9a.o(.ARM.Collect$$$$0000000B)
    __rt_lib_shutdown_fini                   0x000000d1   Thumb Code     0  entry12b.o(.ARM.Collect$$$$0000000E)
    __rt_final_cpp                           0x000000d5   Thumb Code     0  entry10a.o(.ARM.Collect$$$$0000000F)
    __rt_final_exit                          0x000000d5   Thumb Code     0  entry11a.o(.ARM.Collect$$$$00000011)
    Reset_Handler                            0x000000d9   Thumb Code     8  startup_vtm071x.o(.text)
    ACMP_IRQHandler                          0x000000eb   Thumb Code     0  startup_vtm071x.o(.text)
    ADC_IRQHandler                           0x000000eb   Thumb Code     0  startup_vtm071x.o(.text)
    BOD_IRQHandler                           0x000000eb   Thumb Code     0  startup_vtm071x.o(.text)
    BOR_IRQHandler                           0x000000eb   Thumb Code     0  startup_vtm071x.o(.text)
    CORDIC_IRQHandler                        0x000000eb   Thumb Code     0  startup_vtm071x.o(.text)
    DAC_IRQHandler                           0x000000eb   Thumb Code     0  startup_vtm071x.o(.text)
    DMA_IRQHandler                           0x000000eb   Thumb Code     0  startup_vtm071x.o(.text)
    FLASH_IRQHandler                         0x000000eb   Thumb Code     0  startup_vtm071x.o(.text)
    GPIO0_TO_GPIO3_IRQHandler                0x000000eb   Thumb Code     0  startup_vtm071x.o(.text)
    GPIO4_TO_GPIO6_IRQHandler                0x000000eb   Thumb Code     0  startup_vtm071x.o(.text)
    I2C0_IRQHandler                          0x000000eb   Thumb Code     0  startup_vtm071x.o(.text)
    I2C1_IRQHandler                          0x000000eb   Thumb Code     0  startup_vtm071x.o(.text)
    MCPWM_IRQHandler                         0x000000eb   Thumb Code     0  startup_vtm071x.o(.text)
    RTC_IRQHandler                           0x000000eb   Thumb Code     0  startup_vtm071x.o(.text)
    SPI0_IRQHandler                          0x000000eb   Thumb Code     0  startup_vtm071x.o(.text)
    SPI1_IRQHandler                          0x000000eb   Thumb Code     0  startup_vtm071x.o(.text)
    TIMER0_IRQHandler                        0x000000eb   Thumb Code     0  startup_vtm071x.o(.text)
    TIMER1_IRQHandler                        0x000000eb   Thumb Code     0  startup_vtm071x.o(.text)
    TIMER2_IRQHandler                        0x000000eb   Thumb Code     0  startup_vtm071x.o(.text)
    TIMER3_IRQHandler                        0x000000eb   Thumb Code     0  startup_vtm071x.o(.text)
    TSC_IRQHandler                           0x000000eb   Thumb Code     0  startup_vtm071x.o(.text)
    USART0_IRQHandler                        0x000000eb   Thumb Code     0  startup_vtm071x.o(.text)
    USART1_IRQHandler                        0x000000eb   Thumb Code     0  startup_vtm071x.o(.text)
    USB_DMA_IRQHandler                       0x000000eb   Thumb Code     0  startup_vtm071x.o(.text)
    __aeabi_uidiv                            0x000000f5   Thumb Code     0  uidiv.o(.text)
    __aeabi_uidivmod                         0x000000f5   Thumb Code    44  uidiv.o(.text)
    __aeabi_uread4                           0x00000121   Thumb Code    20  uread4.o(.text)
    __rt_uread4                              0x00000121   Thumb Code     0  uread4.o(.text)
    _uread4                                  0x00000121   Thumb Code     0  uread4.o(.text)
    __aeabi_uwrite4                          0x00000135   Thumb Code    18  uwrite4.o(.text)
    __rt_uwrite4                             0x00000135   Thumb Code     0  uwrite4.o(.text)
    _uwrite4                                 0x00000135   Thumb Code     0  uwrite4.o(.text)
    __scatterload                            0x00000149   Thumb Code    28  init.o(.text)
    __scatterload_rt2                        0x00000149   Thumb Code     0  init.o(.text)
    ClearEP0SentStall                        0x0000016d   Thumb Code    12  usb_core.o(i.ClearEP0SentStall)
    ClearEP0SetupEnd                         0x0000017d   Thumb Code    12  usb_core.o(i.ClearEP0SetupEnd)
    ClearEPRxPktRdy                          0x0000018d   Thumb Code    26  usb_core.o(i.ClearEPRxPktRdy)
    ClearEPnRxDataTog                        0x000001ad   Thumb Code    12  usb_core.o(i.ClearEPnRxDataTog)
    ClearEPnRxOverRun                        0x000001bd   Thumb Code    12  usb_core.o(i.ClearEPnRxOverRun)
    ClearEPnRxSentStall                      0x000001cd   Thumb Code    12  usb_core.o(i.ClearEPnRxSentStall)
    ClearEPnTxDataTog                        0x000001dd   Thumb Code    12  usb_core.o(i.ClearEPnTxDataTog)
    ClearEPnTxFrcDataTog                     0x000001ed   Thumb Code    12  usb_core.o(i.ClearEPnTxFrcDataTog)
    ClearEPnTxSendStall                      0x000001fd   Thumb Code    12  usb_core.o(i.ClearEPnTxSendStall)
    ClearEPnTxSentStall                      0x0000020d   Thumb Code    12  usb_core.o(i.ClearEPnTxSentStall)
    ClearEPnTxUnderRun                       0x0000021d   Thumb Code    12  usb_core.o(i.ClearEPnTxUnderRun)
    CopyDataFromEP                           0x0000022d   Thumb Code    24  usb_core.o(i.CopyDataFromEP)
    CopyDataToEP                             0x00000249   Thumb Code    24  usb_core.o(i.CopyDataToEP)
    DCD_DevConnect                           0x00000265   Thumb Code     6  usb_dcd.o(i.DCD_DevConnect)
    DCD_EP_Close                             0x0000026b   Thumb Code    32  usb_dcd.o(i.DCD_EP_Close)
    DCD_EP_ClrStall                          0x0000028b   Thumb Code    58  usb_dcd.o(i.DCD_EP_ClrStall)
    DCD_EP_Open                              0x000002c5   Thumb Code   304  usb_dcd.o(i.DCD_EP_Open)
    DCD_EP_PrepareRx                         0x000003f5   Thumb Code    96  usb_dcd.o(i.DCD_EP_PrepareRx)
    DCD_EP_SetAddress                        0x00000455   Thumb Code    12  usb_dcd.o(i.DCD_EP_SetAddress)
    DCD_EP_Stall                             0x00000461   Thumb Code    72  usb_dcd.o(i.DCD_EP_Stall)
    DCD_EP_Tx                                0x000004a9   Thumb Code   190  usb_dcd.o(i.DCD_EP_Tx)
    DCD_Init                                 0x00000569   Thumb Code    68  usb_dcd.o(i.DCD_Init)
    DCD_PMA_Config                           0x000005b1   Thumb Code    40  usb_dcd.o(i.DCD_PMA_Config)
    EP0_IdleProcess                          0x000005d9   Thumb Code    52  usb_dcd_int.o(i.EP0_IdleProcess)
    EP0_RxProcess                            0x00000615   Thumb Code    94  usb_dcd_int.o(i.EP0_RxProcess)
    EP0_TxProcess                            0x0000067d   Thumb Code    12  usb_dcd_int.o(i.EP0_TxProcess)
    EP_Isr                                   0x00000691   Thumb Code   518  usb_dcd_int.o(i.EP_Isr)
    FlushEPnRxFIFO                           0x000008a5   Thumb Code    12  usb_core.o(i.FlushEPnRxFIFO)
    FlushEPnTxFIFO                           0x000008b5   Thumb Code    12  usb_core.o(i.FlushEPnTxFIFO)
    GPIO_Init                                0x000008c5   Thumb Code   120  vtm071x_gpio.o(i.GPIO_Init)
    GetEP0CSR1                               0x00000949   Thumb Code     6  usb_core.o(i.GetEP0CSR1)
    GetEP0RxCount                            0x00000955   Thumb Code     6  usb_core.o(i.GetEP0RxCount)
    GetEPnRxCSR1                             0x00000961   Thumb Code     6  usb_core.o(i.GetEPnRxCSR1)
    GetEPnRxCount                            0x0000096d   Thumb Code    14  usb_core.o(i.GetEPnRxCount)
    GetEPnRxFIFOFull                         0x00000981   Thumb Code    16  usb_core.o(i.GetEPnRxFIFOFull)
    GetEPnTxCSR1                             0x00000995   Thumb Code     6  usb_core.o(i.GetEPnTxCSR1)
    GetEPnTxCSR2                             0x000009a1   Thumb Code     6  usb_core.o(i.GetEPnTxCSR2)
    GetEPnTxFIFONotEmpty                     0x000009ad   Thumb Code    16  usb_core.o(i.GetEPnTxFIFONotEmpty)
    GetIntrRx                                0x000009c1   Thumb Code     6  usb_core.o(i.GetIntrRx)
    GetIntrTx                                0x000009cd   Thumb Code     6  usb_core.o(i.GetIntrTx)
    GetIntrUSB                               0x000009d9   Thumb Code     6  usb_core.o(i.GetIntrUSB)
    GetPower                                 0x000009e5   Thumb Code     6  usb_core.o(i.GetPower)
    Get_SerialNum                            0x000009f1   Thumb Code    40  usbd_desc.o(i.Get_SerialNum)
    HardFault_Handler                        0x00000a21   Thumb Code     2  vtm071x_it.o(i.HardFault_Handler)
    NMI_Handler                              0x00000a4f   Thumb Code     2  vtm071x_it.o(i.NMI_Handler)
    NVIC_Init                                0x00000a51   Thumb Code    70  misc.o(i.NVIC_Init)
    PendSV_Handler                           0x00000aa1   Thumb Code     2  vtm071x_it.o(i.PendSV_Handler)
    RCC_APBPeriphClockCmd                    0x00000aa5   Thumb Code    50  vtm071x_rcc.o(i.RCC_APBPeriphClockCmd)
    RCC_APBPeriphResetCmd                    0x00000add   Thumb Code    50  vtm071x_rcc.o(i.RCC_APBPeriphResetCmd)
    SVC_Handler                              0x00000b15   Thumb Code     2  vtm071x_it.o(i.SVC_Handler)
    SetEP0DataEnd                            0x00000b19   Thumb Code    18  usb_core.o(i.SetEP0DataEnd)
    SetEP0SendStall                          0x00000b31   Thumb Code    12  usb_core.o(i.SetEP0SendStall)
    SetEPnRxAddrAndSize                      0x00000b41   Thumb Code    90  usb_core.o(i.SetEPnRxAddrAndSize)
    SetEPnRxMAXP                             0x00000ba1   Thumb Code     6  usb_core.o(i.SetEPnRxMAXP)
    SetEPnRxSendStall                        0x00000bad   Thumb Code    12  usb_core.o(i.SetEPnRxSendStall)
    SetEPnRxType                             0x00000bbd   Thumb Code    22  usb_core.o(i.SetEPnRxType)
    SetEPnTxAddrAndSize                      0x00000bd9   Thumb Code    90  usb_core.o(i.SetEPnTxAddrAndSize)
    SetEPnTxFrcDataTog                       0x00000c39   Thumb Code    12  usb_core.o(i.SetEPnTxFrcDataTog)
    SetEPnTxMAXP                             0x00000c49   Thumb Code     6  usb_core.o(i.SetEPnTxMAXP)
    SetEPnTxMode                             0x00000c55   Thumb Code    22  usb_core.o(i.SetEPnTxMode)
    SetEPnTxSendStall                        0x00000c71   Thumb Code    12  usb_core.o(i.SetEPnTxSendStall)
    SetEPnTxType                             0x00000c81   Thumb Code    48  usb_core.o(i.SetEPnTxType)
    SetFADDR                                 0x00000cb5   Thumb Code    10  usb_core.o(i.SetFADDR)
    SetIndex                                 0x00000cc5   Thumb Code     6  usb_core.o(i.SetIndex)
    SetIntrRxE                               0x00000cd1   Thumb Code    10  usb_core.o(i.SetIntrRxE)
    SetIntrTxE                               0x00000ce1   Thumb Code    10  usb_core.o(i.SetIntrTxE)
    SetIntrUSBE                              0x00000cf1   Thumb Code     6  usb_core.o(i.SetIntrUSBE)
    SetPower                                 0x00000cfd   Thumb Code     6  usb_core.o(i.SetPower)
    SetTxPktRdy                              0x00000d75   Thumb Code    20  usb_core.o(i.SetTxPktRdy)
    SysTick_Handler                          0x00000d8d   Thumb Code    14  vtm071x_it.o(i.SysTick_Handler)
    SystemInit                               0x00000da5   Thumb Code    14  system_vtm071x.o(i.SystemInit)
    USBD_ClrCfg                              0x00000dbd   Thumb Code    24  usbd_core.o(i.USBD_ClrCfg)
    USBD_CtlContinueRx                       0x00000dd5   Thumb Code    18  usbd_ioreq.o(i.USBD_CtlContinueRx)
    USBD_CtlContinueSendData                 0x00000de7   Thumb Code    18  usbd_ioreq.o(i.USBD_CtlContinueSendData)
    USBD_CtlError                            0x00000df9   Thumb Code    10  usbd_req.o(i.USBD_CtlError)
    USBD_CtlPrepareRx                        0x00000e03   Thumb Code    52  usbd_ioreq.o(i.USBD_CtlPrepareRx)
    USBD_CtlSendData                         0x00000e37   Thumb Code    52  usbd_ioreq.o(i.USBD_CtlSendData)
    USBD_CtlSendStatus                       0x00000e6b   Thumb Code    12  usbd_ioreq.o(i.USBD_CtlSendStatus)
    USBD_GetString                           0x000010b9   Thumb Code    68  usbd_req.o(i.USBD_GetString)
    USBD_HID_DataIn                          0x000010fd   Thumb Code     4  usbd_custom_hid_core.o(i.USBD_HID_DataIn)
    USBD_HID_DataOut                         0x00001101   Thumb Code     4  usbd_custom_hid_core.o(i.USBD_HID_DataOut)
    USBD_HID_DeInit                          0x00001105   Thumb Code    22  usbd_custom_hid_core.o(i.USBD_HID_DeInit)
    USBD_HID_EP0_RxReady                     0x0000111b   Thumb Code     4  usbd_custom_hid_core.o(i.USBD_HID_EP0_RxReady)
    USBD_HID_GetCfgDesc                      0x00001121   Thumb Code     8  usbd_custom_hid_core.o(i.USBD_HID_GetCfgDesc)
    USBD_HID_Init                            0x0000112d   Thumb Code    66  usbd_custom_hid_core.o(i.USBD_HID_Init)
    USBD_HID_SendReport                      0x00001175   Thumb Code    52  usbd_custom_hid_core.o(i.USBD_HID_SendReport)
    USBD_HID_Setup                           0x000011ad   Thumb Code   180  usbd_custom_hid_core.o(i.USBD_HID_Setup)
    USBD_HID_Suspend                         0x0000126d   Thumb Code    46  usbd_custom_hid_core.o(i.USBD_HID_Suspend)
    USBD_Init                                0x000012a1   Thumb Code    80  usbd_core.o(i.USBD_Init)
    USBD_ParseSetupRequest                   0x000012f1   Thumb Code    54  usbd_req.o(i.USBD_ParseSetupRequest)
    USBD_SetCfg                              0x000013af   Thumb Code    36  usbd_core.o(i.USBD_SetCfg)
    USBD_StdDevReq                           0x00001481   Thumb Code   248  usbd_req.o(i.USBD_StdDevReq)
    USBD_StdEPReq                            0x0000157d   Thumb Code   208  usbd_req.o(i.USBD_StdEPReq)
    USBD_StdItfReq                           0x0000164d   Thumb Code    52  usbd_req.o(i.USBD_StdItfReq)
    USBD_USR_ConfigStrDescriptor             0x000016ad   Thumb Code    16  usbd_desc.o(i.USBD_USR_ConfigStrDescriptor)
    USBD_USR_DeviceConfigured                0x000016cd   Thumb Code     2  usbd_usr.o(i.USBD_USR_DeviceConfigured)
    USBD_USR_DeviceDescriptor                0x000016d1   Thumb Code     8  usbd_desc.o(i.USBD_USR_DeviceDescriptor)
    USBD_USR_DeviceReset                     0x000016dd   Thumb Code     2  usbd_usr.o(i.USBD_USR_DeviceReset)
    USBD_USR_DeviceResumed                   0x000016df   Thumb Code     2  usbd_usr.o(i.USBD_USR_DeviceResumed)
    USBD_USR_DeviceSuspended                 0x000016e1   Thumb Code     2  usbd_usr.o(i.USBD_USR_DeviceSuspended)
    USBD_USR_Init                            0x000016e5   Thumb Code    48  usbd_usr.o(i.USBD_USR_Init)
    USBD_USR_InterfaceStrDescriptor          0x00001725   Thumb Code    16  usbd_desc.o(i.USBD_USR_InterfaceStrDescriptor)
    USBD_USR_LangIDStrDescriptor             0x00001749   Thumb Code     8  usbd_desc.o(i.USBD_USR_LangIDStrDescriptor)
    USBD_USR_ManufacturerStrDescriptor       0x00001755   Thumb Code    16  usbd_desc.o(i.USBD_USR_ManufacturerStrDescriptor)
    USBD_USR_ProductStrDescriptor            0x0000176d   Thumb Code    16  usbd_desc.o(i.USBD_USR_ProductStrDescriptor)
    USBD_USR_SerialStrDescriptor             0x0000178d   Thumb Code     8  usbd_desc.o(i.USBD_USR_SerialStrDescriptor)
    USB_BSP_EnableInterrupt                  0x00001799   Thumb Code    22  usb_bsp.o(i.USB_BSP_EnableInterrupt)
    USB_BSP_Init                             0x000017b1   Thumb Code    98  usb_bsp.o(i.USB_BSP_Init)
    USB_IRQHandler                           0x0000181d   Thumb Code     8  vtm071x_it.o(i.USB_IRQHandler)
    USB_Isr                                  0x00001825   Thumb Code   172  usb_dcd_int.o(i.USB_Isr)
    __ARM_common_switch8                     0x000018dd   Thumb Code    26  usbd_custom_hid_core.o(i.__ARM_common_switch8)
    __scatterload_copy                       0x000018f7   Thumb Code    14  handlers.o(i.__scatterload_copy)
    __scatterload_null                       0x00001905   Thumb Code     2  handlers.o(i.__scatterload_null)
    __scatterload_zeroinit                   0x00001907   Thumb Code    14  handlers.o(i.__scatterload_zeroinit)
    delay                                    0x00001915   Thumb Code    14  usb_bsp.o(i.delay)
    main                                     0x00001925   Thumb Code    14  app.o(i.main)
    USBD_LangIDDesc                          0x00001944   Data           4  usbd_desc.o(.constdata)
    USBD_DeviceDesc                          0x00001948   Data          18  usbd_desc.o(.constdata)
    USBD_HID_CfgDesc                         0x0000195c   Data          41  usbd_custom_hid_core.o(.constdata)
    CustomHID_ReportDescriptor               0x00001988   Data          39  usbd_custom_hid_core.o(.constdata)
    Region$$Table$$Base                      0x000019b0   Number         0  anon$$obj.o(Region$$Table)
    Region$$Table$$Limit                     0x000019d0   Number         0  anon$$obj.o(Region$$Table)
    buf                                      0x20000000   Data          64  vtm071x_it.o(.data)
    USR_desc                                 0x20000040   Data          28  usbd_desc.o(.data)
    USBD_StringSerial                        0x2000005c   Data          26  usbd_desc.o(.data)
    USR_cb                                   0x20000078   Data          20  usbd_usr.o(.data)
    USBD_HID_cb                              0x2000008c   Data          40  usbd_custom_hid_core.o(.data)
    USBD_HID_Report_ID                       0x200000b4   Data           1  usbd_custom_hid_core.o(.data)
    wInterrupt_Mask                          0x200000c8   Data           4  usb_dcd.o(.data)
    USBD_DCD_INT_cb                          0x200000cc   Data          28  usbd_core.o(.data)
    USBD_DCD_INT_fops                        0x200000e8   Data           4  usbd_core.o(.data)
    ADDRESS                                  0x200000f0   Data           4  usbd_req.o(.data)
    SystemCoreClock                          0x200000f4   Data           4  system_vtm071x.o(.data)
    USB_Device_dev                           0x200000f8   Data         184  app.o(.bss)
    Report_buf                               0x200001b0   Data         128  usbd_custom_hid_core.o(.bss)
    USBD_StrDesc                             0x20000230   Data          64  usbd_req.o(.bss)
    __initial_sp                             0x20000a70   Data           0  startup_vtm071x.o(STACK)



==============================================================================

Memory Map of the image

  Image Entry point : 0x000000c1

  Load Region LR_IROM1 (Base: 0x00000000, Size: 0x00001ac8, Max: 0x00020000, ABSOLUTE)

    Execution Region ER_IROM1 (Exec base: 0x00000000, Load base: 0x00000000, Size: 0x000019d0, Max: 0x00020000, ABSOLUTE)

    Exec Addr    Load Addr    Size         Type   Attr      Idx    E Section Name        Object

    0x00000000   0x00000000   0x000000c0   Data   RO         1386    RESET               startup_vtm071x.o
    0x000000c0   0x000000c0   0x00000000   Code   RO         3380  * .ARM.Collect$$$$00000000  mc_p.l(entry.o)
    0x000000c0   0x000000c0   0x00000004   Code   RO         3419    .ARM.Collect$$$$00000001  mc_p.l(entry2.o)
    0x000000c4   0x000000c4   0x00000004   Code   RO         3422    .ARM.Collect$$$$00000004  mc_p.l(entry5.o)
    0x000000c8   0x000000c8   0x00000000   Code   RO         3424    .ARM.Collect$$$$00000008  mc_p.l(entry7b.o)
    0x000000c8   0x000000c8   0x00000000   Code   RO         3426    .ARM.Collect$$$$0000000A  mc_p.l(entry8b.o)
    0x000000c8   0x000000c8   0x00000008   Code   RO         3427    .ARM.Collect$$$$0000000B  mc_p.l(entry9a.o)
    0x000000d0   0x000000d0   0x00000004   Code   RO         3434    .ARM.Collect$$$$0000000E  mc_p.l(entry12b.o)
    0x000000d4   0x000000d4   0x00000000   Code   RO         3429    .ARM.Collect$$$$0000000F  mc_p.l(entry10a.o)
    0x000000d4   0x000000d4   0x00000000   Code   RO         3431    .ARM.Collect$$$$00000011  mc_p.l(entry11a.o)
    0x000000d4   0x000000d4   0x00000004   Code   RO         3420    .ARM.Collect$$$$00002712  mc_p.l(entry2.o)
    0x000000d8   0x000000d8   0x0000001c   Code   RO         1387    .text               startup_vtm071x.o
    0x000000f4   0x000000f4   0x0000002c   Code   RO         3383    .text               mc_p.l(uidiv.o)
    0x00000120   0x00000120   0x00000014   Code   RO         3415    .text               mc_p.l(uread4.o)
    0x00000134   0x00000134   0x00000012   Code   RO         3417    .text               mc_p.l(uwrite4.o)
    0x00000146   0x00000146   0x00000002   PAD
    0x00000148   0x00000148   0x00000024   Code   RO         3441    .text               mc_p.l(init.o)
    0x0000016c   0x0000016c   0x00000010   Code   RO          526    i.ClearEP0SentStall  usb_core.o
    0x0000017c   0x0000017c   0x00000010   Code   RO          527    i.ClearEP0SetupEnd  usb_core.o
    0x0000018c   0x0000018c   0x00000020   Code   RO          528    i.ClearEPRxPktRdy   usb_core.o
    0x000001ac   0x000001ac   0x00000010   Code   RO          531    i.ClearEPnRxDataTog  usb_core.o
    0x000001bc   0x000001bc   0x00000010   Code   RO          532    i.ClearEPnRxOverRun  usb_core.o
    0x000001cc   0x000001cc   0x00000010   Code   RO          535    i.ClearEPnRxSentStall  usb_core.o
    0x000001dc   0x000001dc   0x00000010   Code   RO          538    i.ClearEPnTxDataTog  usb_core.o
    0x000001ec   0x000001ec   0x00000010   Code   RO          539    i.ClearEPnTxFrcDataTog  usb_core.o
    0x000001fc   0x000001fc   0x00000010   Code   RO          540    i.ClearEPnTxSendStall  usb_core.o
    0x0000020c   0x0000020c   0x00000010   Code   RO          541    i.ClearEPnTxSentStall  usb_core.o
    0x0000021c   0x0000021c   0x00000010   Code   RO          542    i.ClearEPnTxUnderRun  usb_core.o
    0x0000022c   0x0000022c   0x0000001c   Code   RO          543    i.CopyDataFromEP    usb_core.o
    0x00000248   0x00000248   0x0000001c   Code   RO          544    i.CopyDataToEP      usb_core.o
    0x00000264   0x00000264   0x00000006   Code   RO         1018    i.DCD_DevConnect    usb_dcd.o
    0x0000026a   0x0000026a   0x00000020   Code   RO         1020    i.DCD_EP_Close      usb_dcd.o
    0x0000028a   0x0000028a   0x0000003a   Code   RO         1021    i.DCD_EP_ClrStall   usb_dcd.o
    0x000002c4   0x000002c4   0x00000130   Code   RO         1022    i.DCD_EP_Open       usb_dcd.o
    0x000003f4   0x000003f4   0x00000060   Code   RO         1023    i.DCD_EP_PrepareRx  usb_dcd.o
    0x00000454   0x00000454   0x0000000c   Code   RO         1024    i.DCD_EP_SetAddress  usb_dcd.o
    0x00000460   0x00000460   0x00000048   Code   RO         1025    i.DCD_EP_Stall      usb_dcd.o
    0x000004a8   0x000004a8   0x000000be   Code   RO         1026    i.DCD_EP_Tx         usb_dcd.o
    0x00000566   0x00000566   0x00000002   PAD
    0x00000568   0x00000568   0x00000048   Code   RO         1027    i.DCD_Init          usb_dcd.o
    0x000005b0   0x000005b0   0x00000028   Code   RO         1028    i.DCD_PMA_Config    usb_dcd.o
    0x000005d8   0x000005d8   0x0000003c   Code   RO         1107    i.EP0_IdleProcess   usb_dcd_int.o
    0x00000614   0x00000614   0x00000068   Code   RO         1108    i.EP0_RxProcess     usb_dcd_int.o
    0x0000067c   0x0000067c   0x00000014   Code   RO         1109    i.EP0_TxProcess     usb_dcd_int.o
    0x00000690   0x00000690   0x00000214   Code   RO         1110    i.EP_Isr            usb_dcd_int.o
    0x000008a4   0x000008a4   0x00000010   Code   RO          545    i.FlushEPnRxFIFO    usb_core.o
    0x000008b4   0x000008b4   0x00000010   Code   RO          546    i.FlushEPnTxFIFO    usb_core.o
    0x000008c4   0x000008c4   0x00000084   Code   RO         1921    i.GPIO_Init         vtm071x_gpio.o
    0x00000948   0x00000948   0x0000000c   Code   RO          548    i.GetEP0CSR1        usb_core.o
    0x00000954   0x00000954   0x0000000c   Code   RO          550    i.GetEP0RxCount     usb_core.o
    0x00000960   0x00000960   0x0000000c   Code   RO          551    i.GetEPnRxCSR1      usb_core.o
    0x0000096c   0x0000096c   0x00000014   Code   RO          553    i.GetEPnRxCount     usb_core.o
    0x00000980   0x00000980   0x00000014   Code   RO          555    i.GetEPnRxFIFOFull  usb_core.o
    0x00000994   0x00000994   0x0000000c   Code   RO          557    i.GetEPnTxCSR1      usb_core.o
    0x000009a0   0x000009a0   0x0000000c   Code   RO          558    i.GetEPnTxCSR2      usb_core.o
    0x000009ac   0x000009ac   0x00000014   Code   RO          559    i.GetEPnTxFIFONotEmpty  usb_core.o
    0x000009c0   0x000009c0   0x0000000c   Code   RO          564    i.GetIntrRx         usb_core.o
    0x000009cc   0x000009cc   0x0000000c   Code   RO          566    i.GetIntrTx         usb_core.o
    0x000009d8   0x000009d8   0x0000000c   Code   RO          568    i.GetIntrUSB        usb_core.o
    0x000009e4   0x000009e4   0x0000000c   Code   RO          570    i.GetPower          usb_core.o
    0x000009f0   0x000009f0   0x00000030   Code   RO          273    i.Get_SerialNum     usbd_desc.o
    0x00000a20   0x00000a20   0x00000002   Code   RO          145    i.HardFault_Handler  vtm071x_it.o
    0x00000a22   0x00000a22   0x0000002c   Code   RO          274    i.IntToUnicode      usbd_desc.o
    0x00000a4e   0x00000a4e   0x00000002   Code   RO          147    i.NMI_Handler       vtm071x_it.o
    0x00000a50   0x00000a50   0x00000050   Code   RO         1393    i.NVIC_Init         misc.o
    0x00000aa0   0x00000aa0   0x00000002   Code   RO          148    i.PendSV_Handler    vtm071x_it.o
    0x00000aa2   0x00000aa2   0x00000002   PAD
    0x00000aa4   0x00000aa4   0x00000038   Code   RO         2507    i.RCC_APBPeriphClockCmd  vtm071x_rcc.o
    0x00000adc   0x00000adc   0x00000038   Code   RO         2508    i.RCC_APBPeriphResetCmd  vtm071x_rcc.o
    0x00000b14   0x00000b14   0x00000002   Code   RO          149    i.SVC_Handler       vtm071x_it.o
    0x00000b16   0x00000b16   0x00000002   PAD
    0x00000b18   0x00000b18   0x00000018   Code   RO          574    i.SetEP0DataEnd     usb_core.o
    0x00000b30   0x00000b30   0x00000010   Code   RO          575    i.SetEP0SendStall   usb_core.o
    0x00000b40   0x00000b40   0x00000060   Code   RO          577    i.SetEPnRxAddrAndSize  usb_core.o
    0x00000ba0   0x00000ba0   0x0000000c   Code   RO          583    i.SetEPnRxMAXP      usb_core.o
    0x00000bac   0x00000bac   0x00000010   Code   RO          584    i.SetEPnRxSendStall  usb_core.o
    0x00000bbc   0x00000bbc   0x0000001c   Code   RO          585    i.SetEPnRxType      usb_core.o
    0x00000bd8   0x00000bd8   0x00000060   Code   RO          586    i.SetEPnTxAddrAndSize  usb_core.o
    0x00000c38   0x00000c38   0x00000010   Code   RO          592    i.SetEPnTxFrcDataTog  usb_core.o
    0x00000c48   0x00000c48   0x0000000c   Code   RO          593    i.SetEPnTxMAXP      usb_core.o
    0x00000c54   0x00000c54   0x0000001c   Code   RO          594    i.SetEPnTxMode      usb_core.o
    0x00000c70   0x00000c70   0x00000010   Code   RO          596    i.SetEPnTxSendStall  usb_core.o
    0x00000c80   0x00000c80   0x00000034   Code   RO          597    i.SetEPnTxType      usb_core.o
    0x00000cb4   0x00000cb4   0x00000010   Code   RO          598    i.SetFADDR          usb_core.o
    0x00000cc4   0x00000cc4   0x0000000c   Code   RO          599    i.SetIndex          usb_core.o
    0x00000cd0   0x00000cd0   0x00000010   Code   RO          600    i.SetIntrRxE        usb_core.o
    0x00000ce0   0x00000ce0   0x00000010   Code   RO          601    i.SetIntrTxE        usb_core.o
    0x00000cf0   0x00000cf0   0x0000000c   Code   RO          602    i.SetIntrUSBE       usb_core.o
    0x00000cfc   0x00000cfc   0x0000000c   Code   RO          603    i.SetPower          usb_core.o
    0x00000d08   0x00000d08   0x0000006c   Code   RO         1349    i.SetSysClockTo84   system_vtm071x.o
    0x00000d74   0x00000d74   0x00000018   Code   RO          604    i.SetTxPktRdy       usb_core.o
    0x00000d8c   0x00000d8c   0x00000018   Code   RO          150    i.SysTick_Handler   vtm071x_it.o
    0x00000da4   0x00000da4   0x00000018   Code   RO         1351    i.SystemInit        system_vtm071x.o
    0x00000dbc   0x00000dbc   0x00000018   Code   RO         1151    i.USBD_ClrCfg       usbd_core.o
    0x00000dd4   0x00000dd4   0x00000012   Code   RO         1231    i.USBD_CtlContinueRx  usbd_ioreq.o
    0x00000de6   0x00000de6   0x00000012   Code   RO         1232    i.USBD_CtlContinueSendData  usbd_ioreq.o
    0x00000df8   0x00000df8   0x0000000a   Code   RO         1281    i.USBD_CtlError     usbd_req.o
    0x00000e02   0x00000e02   0x00000034   Code   RO         1233    i.USBD_CtlPrepareRx  usbd_ioreq.o
    0x00000e36   0x00000e36   0x00000034   Code   RO         1234    i.USBD_CtlSendData  usbd_ioreq.o
    0x00000e6a   0x00000e6a   0x0000000c   Code   RO         1235    i.USBD_CtlSendStatus  usbd_ioreq.o
    0x00000e76   0x00000e76   0x000000ac   Code   RO         1152    i.USBD_DataInStage  usbd_core.o
    0x00000f22   0x00000f22   0x00000090   Code   RO         1153    i.USBD_DataOutStage  usbd_core.o
    0x00000fb2   0x00000fb2   0x00000106   Code   RO         1282    i.USBD_GetDescriptor  usbd_req.o
    0x000010b8   0x000010b8   0x00000044   Code   RO         1283    i.USBD_GetString    usbd_req.o
    0x000010fc   0x000010fc   0x00000004   Code   RO          446    i.USBD_HID_DataIn   usbd_custom_hid_core.o
    0x00001100   0x00001100   0x00000004   Code   RO          447    i.USBD_HID_DataOut  usbd_custom_hid_core.o
    0x00001104   0x00001104   0x00000016   Code   RO          448    i.USBD_HID_DeInit   usbd_custom_hid_core.o
    0x0000111a   0x0000111a   0x00000004   Code   RO          449    i.USBD_HID_EP0_RxReady  usbd_custom_hid_core.o
    0x0000111e   0x0000111e   0x00000002   PAD
    0x00001120   0x00001120   0x0000000c   Code   RO          450    i.USBD_HID_GetCfgDesc  usbd_custom_hid_core.o
    0x0000112c   0x0000112c   0x00000048   Code   RO          451    i.USBD_HID_Init     usbd_custom_hid_core.o
    0x00001174   0x00001174   0x00000038   Code   RO          452    i.USBD_HID_SendReport  usbd_custom_hid_core.o
    0x000011ac   0x000011ac   0x000000c0   Code   RO          453    i.USBD_HID_Setup    usbd_custom_hid_core.o
    0x0000126c   0x0000126c   0x00000034   Code   RO          454    i.USBD_HID_Suspend  usbd_custom_hid_core.o
    0x000012a0   0x000012a0   0x00000050   Code   RO         1155    i.USBD_Init         usbd_core.o
    0x000012f0   0x000012f0   0x00000036   Code   RO         1284    i.USBD_ParseSetupRequest  usbd_req.o
    0x00001326   0x00001326   0x0000005a   Code   RO         1156    i.USBD_Reset        usbd_core.o
    0x00001380   0x00001380   0x00000016   Code   RO         1157    i.USBD_Resume       usbd_core.o
    0x00001396   0x00001396   0x00000018   Code   RO         1158    i.USBD_SOF          usbd_core.o
    0x000013ae   0x000013ae   0x00000024   Code   RO         1159    i.USBD_SetCfg       usbd_core.o
    0x000013d2   0x000013d2   0x00000002   PAD
    0x000013d4   0x000013d4   0x00000064   Code   RO         1285    i.USBD_SetConfig    usbd_req.o
    0x00001438   0x00001438   0x00000048   Code   RO         1160    i.USBD_SetupStage   usbd_core.o
    0x00001480   0x00001480   0x000000fc   Code   RO         1286    i.USBD_StdDevReq    usbd_req.o
    0x0000157c   0x0000157c   0x000000d0   Code   RO         1287    i.USBD_StdEPReq     usbd_req.o
    0x0000164c   0x0000164c   0x00000034   Code   RO         1288    i.USBD_StdItfReq    usbd_req.o
    0x00001680   0x00001680   0x0000002c   Code   RO         1161    i.USBD_Suspend      usbd_core.o
    0x000016ac   0x000016ac   0x00000020   Code   RO          275    i.USBD_USR_ConfigStrDescriptor  usbd_desc.o
    0x000016cc   0x000016cc   0x00000002   Code   RO          393    i.USBD_USR_DeviceConfigured  usbd_usr.o
    0x000016ce   0x000016ce   0x00000002   PAD
    0x000016d0   0x000016d0   0x0000000c   Code   RO          276    i.USBD_USR_DeviceDescriptor  usbd_desc.o
    0x000016dc   0x000016dc   0x00000002   Code   RO          394    i.USBD_USR_DeviceReset  usbd_usr.o
    0x000016de   0x000016de   0x00000002   Code   RO          395    i.USBD_USR_DeviceResumed  usbd_usr.o
    0x000016e0   0x000016e0   0x00000002   Code   RO          396    i.USBD_USR_DeviceSuspended  usbd_usr.o
    0x000016e2   0x000016e2   0x00000002   PAD
    0x000016e4   0x000016e4   0x00000040   Code   RO          397    i.USBD_USR_Init     usbd_usr.o
    0x00001724   0x00001724   0x00000024   Code   RO          277    i.USBD_USR_InterfaceStrDescriptor  usbd_desc.o
    0x00001748   0x00001748   0x0000000c   Code   RO          278    i.USBD_USR_LangIDStrDescriptor  usbd_desc.o
    0x00001754   0x00001754   0x00000018   Code   RO          279    i.USBD_USR_ManufacturerStrDescriptor  usbd_desc.o
    0x0000176c   0x0000176c   0x00000020   Code   RO          280    i.USBD_USR_ProductStrDescriptor  usbd_desc.o
    0x0000178c   0x0000178c   0x0000000c   Code   RO          281    i.USBD_USR_SerialStrDescriptor  usbd_desc.o
    0x00001798   0x00001798   0x00000016   Code   RO          236    i.USB_BSP_EnableInterrupt  usb_bsp.o
    0x000017ae   0x000017ae   0x00000002   PAD
    0x000017b0   0x000017b0   0x0000006c   Code   RO          237    i.USB_BSP_Init      usb_bsp.o
    0x0000181c   0x0000181c   0x00000008   Code   RO          151    i.USB_IRQHandler    vtm071x_it.o
    0x00001824   0x00001824   0x000000b8   Code   RO         1111    i.USB_Isr           usb_dcd_int.o
    0x000018dc   0x000018dc   0x0000001a   Code   RO          515    i.__ARM_common_switch8  usbd_custom_hid_core.o
    0x000018f6   0x000018f6   0x0000000e   Code   RO         3445    i.__scatterload_copy  mc_p.l(handlers.o)
    0x00001904   0x00001904   0x00000002   Code   RO         3446    i.__scatterload_null  mc_p.l(handlers.o)
    0x00001906   0x00001906   0x0000000e   Code   RO         3447    i.__scatterload_zeroinit  mc_p.l(handlers.o)
    0x00001914   0x00001914   0x0000000e   Code   RO          238    i.delay             usb_bsp.o
    0x00001922   0x00001922   0x00000002   PAD
    0x00001924   0x00001924   0x00000020   Code   RO            3    i.main              app.o
    0x00001944   0x00001944   0x00000016   Data   RO          283    .constdata          usbd_desc.o
    0x0000195a   0x0000195a   0x00000002   PAD
    0x0000195c   0x0000195c   0x00000053   Data   RO          456    .constdata          usbd_custom_hid_core.o
    0x000019af   0x000019af   0x00000001   PAD
    0x000019b0   0x000019b0   0x00000020   Data   RO         3443    Region$$Table       anon$$obj.o


    Execution Region RW_IRAM1 (Exec base: 0x20000000, Load base: 0x000019d0, Size: 0x00000a70, Max: 0x00004000, ABSOLUTE)

    Exec Addr    Load Addr    Size         Type   Attr      Idx    E Section Name        Object

    0x20000000   0x000019d0   0x00000040   Data   RW          153    .data               vtm071x_it.o
    0x20000040   0x00001a10   0x0000001c   Data   RW          285    .data               usbd_desc.o
    0x2000005c   0x00001a2c   0x0000001a   Data   RW          286    .data               usbd_desc.o
    0x20000076   0x00001a46   0x00000002   PAD
    0x20000078   0x00001a48   0x00000014   Data   RW          398    .data               usbd_usr.o
    0x2000008c   0x00001a5c   0x00000028   Data   RW          457    .data               usbd_custom_hid_core.o
    0x200000b4   0x00001a84   0x00000014   Data   RW          458    .data               usbd_custom_hid_core.o
    0x200000c8   0x00001a98   0x00000004   Data   RW         1030    .data               usb_dcd.o
    0x200000cc   0x00001a9c   0x0000001c   Data   RW         1162    .data               usbd_core.o
    0x200000e8   0x00001ab8   0x00000004   Data   RW         1163    .data               usbd_core.o
    0x200000ec   0x00001abc   0x00000008   Data   RW         1290    .data               usbd_req.o
    0x200000f4   0x00001ac4   0x00000004   Data   RW         1352    .data               system_vtm071x.o
    0x200000f8        -       0x000000b8   Zero   RW            4    .bss                app.o
    0x200001b0        -       0x00000080   Zero   RW          455    .bss                usbd_custom_hid_core.o
    0x20000230        -       0x00000040   Zero   RW         1289    .bss                usbd_req.o
    0x20000270        -       0x00000800   Zero   RW         1384    STACK               startup_vtm071x.o


==============================================================================

Image component sizes


      Code (inc. data)   RO Data    RW Data    ZI Data      Debug   Object Name

        32         18          0          0        184     113372   app.o
        80         10          0          0          0       1060   misc.o
        28          8        192          0       2048        740   startup_vtm071x.o
       132         32          0          4          0       2239   system_vtm071x.o
       144         10          0          0          0       1913   usb_bsp.o
       968        232          0          0          0      25996   usb_core.o
       882          4          0          4          0       8096   usb_dcd.o
       900         52          0          0          0       4561   usb_dcd_int.o
       708          0          0         32          0       8522   usbd_core.o
       444         44         83         60        128       8002   usbd_custom_hid_core.o
       252         80         22         54          0       6310   usbd_desc.o
       152          0          0          0          0       4068   usbd_ioreq.o
      1006         34          0          8         64       8399   usbd_req.o
        72         16          0         20          0       8820   usbd_usr.o
       132         12          0          0          0       1376   vtm071x_gpio.o
        40         10          0         64          0       3190   vtm071x_it.o
       112         12          0          0          0       1424   vtm071x_rcc.o

    ----------------------------------------------------------------------
      6102        574        332        248       2424     208088   Object Totals
         0          0         32          0          0          0   (incl. Generated)
        18          0          3          2          0          0   (incl. Padding)

    ----------------------------------------------------------------------

      Code (inc. data)   RO Data    RW Data    ZI Data      Debug   Library Member Name

         0          0          0          0          0          0   entry.o
         0          0          0          0          0          0   entry10a.o
         0          0          0          0          0          0   entry11a.o
         4          0          0          0          0          0   entry12b.o
         8          4          0          0          0          0   entry2.o
         4          0          0          0          0          0   entry5.o
         0          0          0          0          0          0   entry7b.o
         0          0          0          0          0          0   entry8b.o
         8          4          0          0          0          0   entry9a.o
        30          0          0          0          0          0   handlers.o
        36          8          0          0          0         68   init.o
        44          0          0          0          0         72   uidiv.o
        20          0          0          0          0         60   uread4.o
        18          0          0          0          0         60   uwrite4.o

    ----------------------------------------------------------------------
       174         16          0          0          0        260   Library Totals
         2          0          0          0          0          0   (incl. Padding)

    ----------------------------------------------------------------------

      Code (inc. data)   RO Data    RW Data    ZI Data      Debug   Library Name

       172         16          0          0          0        260   mc_p.l

    ----------------------------------------------------------------------
       174         16          0          0          0        260   Library Totals

    ----------------------------------------------------------------------

==============================================================================


      Code (inc. data)   RO Data    RW Data    ZI Data      Debug   

      6276        590        332        248       2424     203176   Grand Totals
      6276        590        332        248       2424     203176   ELF Image Totals
      6276        590        332        248          0          0   ROM Totals

==============================================================================

    Total RO  Size (Code + RO Data)                 6608 (   6.45kB)
    Total RW  Size (RW Data + ZI Data)              2672 (   2.61kB)
    Total ROM Size (Code + RO Data + RW Data)       6856 (   6.70kB)

==============================================================================

