<html>
<body>
<pre>
<h1>µVision Build Log</h1>
<h2>Tool Versions:</h2>
IDE-Version: ¦ÌVision V5.36.0.0
Copyright (C) 2021 ARM Ltd and ARM Germany GmbH. All rights reserved.
License Information: jnyan DELL, yunlink, LIC=KRMW3-A9J2V-PC9J8-36F5D-RZ7PX-UMWUI
 
Tool Versions:
Toolchain:       MDK-ARM Plus  Version: 5.36.0.0
Toolchain Path:  C:\Keil_v5\ARM\ARMCC\Bin
C Compiler:      Armcc.exe V5.06 update 7 (build 960)
Assembler:       Armasm.exe V5.06 update 7 (build 960)
Linker/Locator:  ArmLink.exe V5.06 update 7 (build 960)
Library Manager: ArmAr.exe V5.06 update 7 (build 960)
Hex Converter:   FromElf.exe V5.06 update 7 (build 960)
CPU DLL:         SARMCM3.DLL V5.36.0.0
Dialog DLL:      DARMCM1.DLL V1.19.4.0
Target DLL:      Segger\JL2CM3.dll V2.99.40.0
Dialog DLL:      TARMCM1.DLL V1.14.4.0
 
<h2>Project:</h2>
E:\VTM071xx\Software\VTM071x_StdPeriph_Lib_USB_V1.00\Projects\MSC\MDK-ARM\usbd_msc.uvprojx
Project File Date:  02/14/2022

<h2>Output:</h2>
*** Using Compiler 'V5.06 update 7 (build 960)', folder: 'C:\Keil_v5\ARM\ARMCC\Bin'
Rebuild target 'USBD_MSC_VTM071x'
compiling usbd_msc_data.c...
compiling usbd_msc_core.c...
compiling VTM071x_it.c...
compiling usbd_storage_msd.c...
compiling usbd_pwr.c...
compiling usbd_desc.c...
compiling usbd_usr.c...
compiling usbd_msc_scsi.c...
compiling app.c...
compiling usb_bsp.c...
compiling usbd_msc_bot.c...
compiling usb_core.c...
assembling startup_VTM071x.s...
compiling usb_dcd.c...
compiling usbd_ioreq.c...
compiling usb_dcd_int.c...
compiling system_VTM071x.c...
compiling misc.c...
compiling usbd_req.c...
compiling VTM071x_acmp.c...
compiling VTM071x_dac.c...
compiling usbd_core.c...
compiling VTM071x_dma.c...
compiling VTM071x_adc.c...
compiling VTM071x_flash.c...
compiling VTM071x_maths.c...
compiling VTM071x_iwdg.c...
compiling VTM071x_i2c.c...
compiling VTM071x_gpio.c...
compiling VTM071x_mcpwm.c...
compiling VTM071x_spi.c...
compiling VTM071x_rtc.c...
compiling VTM071x_tsc.c...
compiling VTM071x_wwdg.c...
compiling VTM071x_rcc.c...
compiling VTM071x_usart.c...
compiling VTM071x_timer.c...
compiling VTM071x_eval.c...
compiling VTM071x_eval_spi.c...
linking...
Program Size: Code=12160 RO-data=344 RW-data=236 ZI-data=6548  
After Build - User command #1: fromelf --bin ".\Objects\usbd_hid.axf" --output ".\Objects\usbd_hid.bin"
".\Objects\usbd_hid.axf" - 0 Error(s), 0 Warning(s).

<h2>Software Packages used:</h2>

Package Vendor: ARM
                http://www.keil.com/pack/ARM.CMSIS.5.8.0.pack
                ARM.CMSIS.5.8.0
                CMSIS (Common Microcontroller Software Interface Standard)

<h2>Collection of Component include folders:</h2>
  C:\Keil_v5\ARM\PACK\ARM\CMSIS\5.8.0\Device\ARM\ARMCM0\Include

<h2>Collection of Component Files used:</h2>
Build Time Elapsed:  00:00:01
</pre>
</body>
</html>
