Component: ARM Compiler 5.06 update 7 (build 960) Tool: armlink [4d3601]

==============================================================================

Section Cross References

    app.o(i.main) refers to usbd_core.o(i.USBD_Init) for USBD_Init
    app.o(i.main) refers to usbd_usr.o(.data) for USR_cb
    app.o(i.main) refers to usbd_msc_core.o(.data) for USBD_MSC_cb
    app.o(i.main) refers to usbd_desc.o(.data) for USR_desc
    app.o(i.main) refers to app.o(.bss) for USB_Device_dev
    usb_bsp.o(i.USB_BSP_EnableInterrupt) refers to misc.o(i.NVIC_Init) for NVIC_Init
    usb_bsp.o(i.USB_BSP_Init) refers to vtm071x_rcc.o(i.RCC_APBPeriphClockCmd) for RCC_APBPeriphClockCmd
    usb_bsp.o(i.USB_BSP_Init) refers to vtm071x_rcc.o(i.RCC_APBPeriphResetCmd) for RCC_APBPeriphResetCmd
    usb_bsp.o(i.USB_BSP_Init) refers to usb_bsp.o(i.delay) for delay
    usbd_desc.o(i.Get_SerialNum) refers to usbd_desc.o(i.IntToUnicode) for IntToUnicode
    usbd_desc.o(i.Get_SerialNum) refers to usbd_desc.o(.data) for USBD_StringSerial
    usbd_desc.o(i.USBD_USR_ConfigStrDescriptor) refers to usbd_req.o(i.USBD_GetString) for USBD_GetString
    usbd_desc.o(i.USBD_USR_ConfigStrDescriptor) refers to usbd_req.o(.bss) for USBD_StrDesc
    usbd_desc.o(i.USBD_USR_DeviceDescriptor) refers to usbd_desc.o(.constdata) for USBD_DeviceDesc
    usbd_desc.o(i.USBD_USR_InterfaceStrDescriptor) refers to usbd_req.o(i.USBD_GetString) for USBD_GetString
    usbd_desc.o(i.USBD_USR_InterfaceStrDescriptor) refers to usbd_req.o(.bss) for USBD_StrDesc
    usbd_desc.o(i.USBD_USR_LangIDStrDescriptor) refers to usbd_desc.o(.constdata) for USBD_LangIDDesc
    usbd_desc.o(i.USBD_USR_ManufacturerStrDescriptor) refers to usbd_req.o(i.USBD_GetString) for USBD_GetString
    usbd_desc.o(i.USBD_USR_ManufacturerStrDescriptor) refers to usbd_req.o(.bss) for USBD_StrDesc
    usbd_desc.o(i.USBD_USR_ProductStrDescriptor) refers to usbd_req.o(i.USBD_GetString) for USBD_GetString
    usbd_desc.o(i.USBD_USR_ProductStrDescriptor) refers to usbd_req.o(.bss) for USBD_StrDesc
    usbd_desc.o(i.USBD_USR_SerialStrDescriptor) refers to usbd_desc.o(.data) for USBD_StringSerial
    usbd_desc.o(.data) refers to usbd_desc.o(i.USBD_USR_DeviceDescriptor) for USBD_USR_DeviceDescriptor
    usbd_desc.o(.data) refers to usbd_desc.o(i.USBD_USR_LangIDStrDescriptor) for USBD_USR_LangIDStrDescriptor
    usbd_desc.o(.data) refers to usbd_desc.o(i.USBD_USR_ManufacturerStrDescriptor) for USBD_USR_ManufacturerStrDescriptor
    usbd_desc.o(.data) refers to usbd_desc.o(i.USBD_USR_ProductStrDescriptor) for USBD_USR_ProductStrDescriptor
    usbd_desc.o(.data) refers to usbd_desc.o(i.USBD_USR_SerialStrDescriptor) for USBD_USR_SerialStrDescriptor
    usbd_desc.o(.data) refers to usbd_desc.o(i.USBD_USR_ConfigStrDescriptor) for USBD_USR_ConfigStrDescriptor
    usbd_desc.o(.data) refers to usbd_desc.o(i.USBD_USR_InterfaceStrDescriptor) for USBD_USR_InterfaceStrDescriptor
    usbd_usr.o(.data) refers to usbd_usr.o(i.USBD_USR_Init) for USBD_USR_Init
    usbd_usr.o(.data) refers to usbd_usr.o(i.USBD_USR_DeviceReset) for USBD_USR_DeviceReset
    usbd_usr.o(.data) refers to usbd_usr.o(i.USBD_USR_DeviceConfigured) for USBD_USR_DeviceConfigured
    usbd_usr.o(.data) refers to usbd_usr.o(i.USBD_USR_DeviceSuspended) for USBD_USR_DeviceSuspended
    usbd_usr.o(.data) refers to usbd_usr.o(i.USBD_USR_DeviceResumed) for USBD_USR_DeviceResumed
    usbd_storage_msd.o(i.STORAGE_GetCapacity) refers to vtm071x_eval_spi.o(i.SPI_FLASH_Detect) for SPI_FLASH_Detect
    usbd_storage_msd.o(i.STORAGE_Init) refers to vtm071x_eval_spi.o(i.SPI_FLASH_Init) for SPI_FLASH_Init
    usbd_storage_msd.o(i.STORAGE_IsReady) refers to vtm071x_eval_spi.o(i.SPI_FLASH_Detect) for SPI_FLASH_Detect
    usbd_storage_msd.o(i.STORAGE_IsReady) refers to vtm071x_eval_spi.o(i.SPI_FLASH_Init) for SPI_FLASH_Init
    usbd_storage_msd.o(i.STORAGE_IsReady) refers to usbd_storage_msd.o(.data) for status
    usbd_storage_msd.o(i.STORAGE_Read) refers to vtm071x_eval_spi.o(i.SPI_FLASH_Detect) for SPI_FLASH_Detect
    usbd_storage_msd.o(i.STORAGE_Read) refers to vtm071x_eval_spi.o(i.SPI_FLASH_Read) for SPI_FLASH_Read
    usbd_storage_msd.o(i.STORAGE_Write) refers to vtm071x_eval_spi.o(i.SPI_FLASH_Detect) for SPI_FLASH_Detect
    usbd_storage_msd.o(i.STORAGE_Write) refers to vtm071x_eval_spi.o(i.SPI_FLASH_EraseSector4K) for SPI_FLASH_EraseSector4K
    usbd_storage_msd.o(i.STORAGE_Write) refers to vtm071x_eval_spi.o(i.SPI_FLASH_Write) for SPI_FLASH_Write
    usbd_storage_msd.o(.data) refers to usbd_storage_msd.o(i.STORAGE_Init) for STORAGE_Init
    usbd_storage_msd.o(.data) refers to usbd_storage_msd.o(i.STORAGE_GetCapacity) for STORAGE_GetCapacity
    usbd_storage_msd.o(.data) refers to usbd_storage_msd.o(i.STORAGE_IsReady) for STORAGE_IsReady
    usbd_storage_msd.o(.data) refers to usbd_storage_msd.o(i.STORAGE_IsWriteProtected) for STORAGE_IsWriteProtected
    usbd_storage_msd.o(.data) refers to usbd_storage_msd.o(i.STORAGE_Read) for STORAGE_Read
[...]
    ../clib/microlib/malloc/malloc.c         0x00000000   Number         0  mallocra.o ABSOLUTE
    ../clib/microlib/malloc/malloc.c         0x00000000   Number         0  malloc.o ABSOLUTE
    ../clib/microlib/malloc/malloc.c         0x00000000   Number         0  malloca.o ABSOLUTE
    ../clib/microlib/malloc/mvars.c          0x00000000   Number         0  mvars.o ABSOLUTE
    ../clib/microlib/string/memcpy.c         0x00000000   Number         0  memcpyb.o ABSOLUTE
    ../clib/microlib/string/memcpy.c         0x00000000   Number         0  memcpya.o ABSOLUTE
    ../clib/microlib/string/memset.c         0x00000000   Number         0  memseta.o ABSOLUTE
    ../clib/microlib/unhosted.c              0x00000000   Number         0  uread4.o ABSOLUTE
    ../clib/microlib/unhosted.c              0x00000000   Number         0  uwrite4.o ABSOLUTE
    ..\..\..\Libraries\CMSIS\Device\MIC\VTM071x\Source\Templates\ARM\startup_VTM071x.s 0x00000000   Number         0  startup_vtm071x.o ABSOLUTE
    ..\..\..\Libraries\CMSIS\Device\MIC\VTM071x\Source\Templates\system_VTM071x.c 0x00000000   Number         0  system_vtm071x.o ABSOLUTE
    ..\..\..\Libraries\VTM071x_StdPeriph_Driver\src\VTM071x_acmp.c 0x00000000   Number         0  vtm071x_acmp.o ABSOLUTE
    ..\..\..\Libraries\VTM071x_StdPeriph_Driver\src\VTM071x_adc.c 0x00000000   Number         0  vtm071x_adc.o ABSOLUTE
    ..\..\..\Libraries\VTM071x_StdPeriph_Driver\src\VTM071x_dac.c 0x00000000   Number         0  vtm071x_dac.o ABSOLUTE
    ..\..\..\Libraries\VTM071x_StdPeriph_Driver\src\VTM071x_dma.c 0x00000000   Number         0  vtm071x_dma.o ABSOLUTE
    ..\..\..\Libraries\VTM071x_StdPeriph_Driver\src\VTM071x_flash.c 0x00000000   Number         0  vtm071x_flash.o ABSOLUTE
    ..\..\..\Libraries\VTM071x_StdPeriph_Driver\src\VTM071x_gpio.c 0x00000000   Number         0  vtm071x_gpio.o ABSOLUTE
    ..\..\..\Libraries\VTM071x_StdPeriph_Driver\src\VTM071x_i2c.c 0x00000000   Number         0  vtm071x_i2c.o ABSOLUTE
    ..\..\..\Libraries\VTM071x_StdPeriph_Driver\src\VTM071x_iwdg.c 0x00000000   Number         0  vtm071x_iwdg.o ABSOLUTE
    ..\..\..\Libraries\VTM071x_StdPeriph_Driver\src\VTM071x_maths.c 0x00000000   Number         0  vtm071x_maths.o ABSOLUTE
    ..\..\..\Libraries\VTM071x_StdPeriph_Driver\src\VTM071x_mcpwm.c 0x00000000   Number         0  vtm071x_mcpwm.o ABSOLUTE
    ..\..\..\Libraries\VTM071x_StdPeriph_Driver\src\VTM071x_rcc.c 0x00000000   Number         0  vtm071x_rcc.o ABSOLUTE
    ..\..\..\Libraries\VTM071x_StdPeriph_Driver\src\VTM071x_rtc.c 0x00000000   Number         0  vtm071x_rtc.o ABSOLUTE
    ..\..\..\Libraries\VTM071x_StdPeriph_Driver\src\VTM071x_spi.c 0x00000000   Number         0  vtm071x_spi.o ABSOLUTE
    ..\..\..\Libraries\VTM071x_StdPeriph_Driver\src\VTM071x_timer.c 0x00000000   Number         0  vtm071x_timer.o ABSOLUTE
    ..\..\..\Libraries\VTM071x_StdPeriph_Driver\src\VTM071x_tsc.c 0x00000000   Number         0  vtm071x_tsc.o ABSOLUTE
    ..\..\..\Libraries\VTM071x_StdPeriph_Driver\src\VTM071x_usart.c 0x00000000   Number         0  vtm071x_usart.o ABSOLUTE
    ..\..\..\Libraries\VTM071x_StdPeriph_Driver\src\VTM071x_wwdg.c 0x00000000   Number         0  vtm071x_wwdg.o ABSOLUTE
    ..\..\..\Libraries\VTM071x_StdPeriph_Driver\src\misc.c 0x00000000   Number         0  misc.o ABSOLUTE
    ..\..\..\Libraries\VTM071x_USB_Device_Driver\src\usb_core.c 0x00000000   Number         0  usb_core.o ABSOLUTE
    ..\..\..\Libraries\VTM071x_USB_Device_Driver\src\usb_dcd.c 0x00000000   Number         0  usb_dcd.o ABSOLUTE
    ..\..\..\Libraries\VTM071x_USB_Device_Driver\src\usb_dcd_int.c 0x00000000   Number         0  usb_dcd_int.o ABSOLUTE
    ..\..\..\Libraries\VTM071x_USB_Device_Library\Class\msc\src\usbd_msc_bot.c 0x00000000   Number         0  usbd_msc_bot.o ABSOLUTE
    ..\..\..\Libraries\VTM071x_USB_Device_Library\Class\msc\src\usbd_msc_core.c 0x00000000   Number         0  usbd_msc_core.o ABSOLUTE
    ..\..\..\Libraries\VTM071x_USB_Device_Library\Class\msc\src\usbd_msc_data.c 0x00000000   Number         0  usbd_msc_data.o ABSOLUTE
    ..\..\..\Libraries\VTM071x_USB_Device_Library\Class\msc\src\usbd_msc_scsi.c 0x00000000   Number         0  usbd_msc_scsi.o ABSOLUTE
    ..\..\..\Libraries\VTM071x_USB_Device_Library\Core\src\usbd_core.c 0x00000000   Number         0  usbd_core.o ABSOLUTE
    ..\..\..\Libraries\VTM071x_USB_Device_Library\Core\src\usbd_ioreq.c 0x00000000   Number         0  usbd_ioreq.o ABSOLUTE
    ..\..\..\Libraries\VTM071x_USB_Device_Library\Core\src\usbd_req.c 0x00000000   Number         0  usbd_req.o ABSOLUTE
    ..\..\..\Utilities\VTM071x_EVAL\Common\VTM071x_eval_spi.c 0x00000000   Number         0  vtm071x_eval_spi.o ABSOLUTE
    ..\..\..\Utilities\VTM071x_EVAL\VTM071x_eval.c 0x00000000   Number         0  vtm071x_eval.o ABSOLUTE
    ..\\..\\..\\Libraries\\CMSIS\\Device\\MIC\\VTM071x\\Source\\Templates\\system_VTM071x.c 0x00000000   Number         0  system_vtm071x.o ABSOLUTE
    ..\\..\\..\\Libraries\\VTM071x_StdPeriph_Driver\\src\\VTM071x_acmp.c 0x00000000   Number         0  vtm071x_acmp.o ABSOLUTE
    ..\\..\\..\\Libraries\\VTM071x_StdPeriph_Driver\\src\\VTM071x_adc.c 0x00000000   Number         0  vtm071x_adc.o ABSOLUTE
    ..\\..\\..\\Libraries\\VTM071x_StdPeriph_Driver\\src\\VTM071x_dac.c 0x00000000   Number         0  vtm071x_dac.o ABSOLUTE
    ..\\..\\..\\Libraries\\VTM071x_StdPeriph_Driver\\src\\VTM071x_dma.c 0x00000000   Number         0  vtm071x_dma.o ABSOLUTE
    ..\\..\\..\\Libraries\\VTM071x_StdPeriph_Driver\\src\\VTM071x_flash.c 0x00000000   Number         0  vtm071x_flash.o ABSOLUTE
    ..\\..\\..\\Libraries\\VTM071x_StdPeriph_Driver\\src\\VTM071x_gpio.c 0x00000000   Number         0  vtm071x_gpio.o ABSOLUTE
    ..\\..\\..\\Libraries\\VTM071x_StdPeriph_Driver\\src\\VTM071x_i2c.c 0x00000000   Number         0  vtm071x_i2c.o ABSOLUTE
    ..\\..\\..\\Libraries\\VTM071x_StdPeriph_Driver\\src\\VTM071x_iwdg.c 0x00000000   Number         0  vtm071x_iwdg.o ABSOLUTE
    ..\\..\\..\\Libraries\\VTM071x_StdPeriph_Driver\\src\\VTM071x_maths.c 0x00000000   Number         0  vtm071x_maths.o ABSOLUTE
    ..\\..\\..\\Libraries\\VTM071x_StdPeriph_Driver\\src\\VTM071x_mcpwm.c 0x00000000   Number         0  vtm071x_mcpwm.o ABSOLUTE
    ..\\..\\..\\Libraries\\VTM071x_StdPeriph_Driver\\src\\VTM071x_rcc.c 0x00000000   Number         0  vtm071x_rcc.o ABSOLUTE
    ..\\..\\..\\Libraries\\VTM071x_StdPeriph_Driver\\src\\VTM071x_rtc.c 0x00000000   Number         0  vtm071x_rtc.o ABSOLUTE
    ..\\..\\..\\Libraries\\VTM071x_StdPeriph_Driver\\src\\VTM071x_spi.c 0x00000000   Number         0  vtm071x_spi.o ABSOLUTE
    ..\\..\\..\\Libraries\\VTM071x_StdPeriph_Driver\\src\\VTM071x_timer.c 0x00000000   Number         0  vtm071x_timer.o ABSOLUTE
    ..\\..\\..\\Libraries\\VTM071x_StdPeriph_Driver\\src\\VTM071x_tsc.c 0x00000000   Number         0  vtm071x_tsc.o ABSOLUTE
    ..\\..\\..\\Libraries\\VTM071x_StdPeriph_Driver\\src\\VTM071x_usart.c 0x00000000   Number         0  vtm071x_usart.o ABSOLUTE
    ..\\..\\..\\Libraries\\VTM071x_StdPeriph_Driver\\src\\VTM071x_wwdg.c 0x00000000   Number         0  vtm071x_wwdg.o ABSOLUTE
    ..\\..\\..\\Libraries\\VTM071x_StdPeriph_Driver\\src\\misc.c 0x00000000   Number         0  misc.o ABSOLUTE
    ..\\..\\..\\Libraries\\VTM071x_USB_Device_Driver\\src\\usb_core.c 0x00000000   Number         0  usb_core.o ABSOLUTE
    ..\\..\\..\\Libraries\\VTM071x_USB_Device_Driver\\src\\usb_dcd.c 0x00000000   Number         0  usb_dcd.o ABSOLUTE
    ..\\..\\..\\Libraries\\VTM071x_USB_Device_Driver\\src\\usb_dcd_int.c 0x00000000   Number         0  usb_dcd_int.o ABSOLUTE
    ..\\..\\..\\Libraries\\VTM071x_USB_Device_Library\\Class\\msc\\src\\usbd_msc_bot.c 0x00000000   Number         0  usbd_msc_bot.o ABSOLUTE
    ..\\..\\..\\Libraries\\VTM071x_USB_Device_Library\\Class\\msc\\src\\usbd_msc_core.c 0x00000000   Number         0  usbd_msc_core.o ABSOLUTE
    ..\\..\\..\\Libraries\\VTM071x_USB_Device_Library\\Class\\msc\\src\\usbd_msc_data.c 0x00000000   Number         0  usbd_msc_data.o ABSOLUTE
    ..\\..\\..\\Libraries\\VTM071x_USB_Device_Library\\Class\\msc\\src\\usbd_msc_scsi.c 0x00000000   Number         0  usbd_msc_scsi.o ABSOLUTE
    ..\\..\\..\\Libraries\\VTM071x_USB_Device_Library\\Core\\src\\usbd_core.c 0x00000000   Number         0  usbd_core.o ABSOLUTE
    ..\\..\\..\\Libraries\\VTM071x_USB_Device_Library\\Core\\src\\usbd_ioreq.c 0x00000000   Number         0  usbd_ioreq.o ABSOLUTE
    ..\\..\\..\\Libraries\\VTM071x_USB_Device_Library\\Core\\src\\usbd_req.c 0x00000000   Number         0  usbd_req.o ABSOLUTE
    ..\\..\\..\\Utilities\\VTM071x_EVAL\\Common\\VTM071x_eval_spi.c 0x00000000   Number         0  vtm071x_eval_spi.o ABSOLUTE
    ..\\..\\..\\Utilities\\VTM071x_EVAL\\VTM071x_eval.c 0x00000000   Number         0  vtm071x_eval.o ABSOLUTE
    ..\\src\\VTM071x_it.c                    0x00000000   Number         0  vtm071x_it.o ABSOLUTE
    ..\\src\\app.c                           0x00000000   Number         0  app.o ABSOLUTE
    ..\\src\\usb_bsp.c                       0x00000000   Number         0  usb_bsp.o ABSOLUTE
    ..\\src\\usbd_desc.c                     0x00000000   Number         0  usbd_desc.o ABSOLUTE
    ..\\src\\usbd_pwr.c                      0x00000000   Number         0  usbd_pwr.o ABSOLUTE
    ..\\src\\usbd_storage_msd.c              0x00000000   Number         0  usbd_storage_msd.o ABSOLUTE
    ..\\src\\usbd_usr.c                      0x00000000   Number         0  usbd_usr.o ABSOLUTE
    ..\src\VTM071x_it.c                      0x00000000   Number         0  vtm071x_it.o ABSOLUTE
    ..\src\app.c                             0x00000000   Number         0  app.o ABSOLUTE
    ..\src\usb_bsp.c                         0x00000000   Number         0  usb_bsp.o ABSOLUTE
    ..\src\usbd_desc.c                       0x00000000   Number         0  usbd_desc.o ABSOLUTE
    ..\src\usbd_pwr.c                        0x00000000   Number         0  usbd_pwr.o ABSOLUTE
    ..\src\usbd_storage_msd.c                0x00000000   Number         0  usbd_storage_msd.o ABSOLUTE
    ..\src\usbd_usr.c                        0x00000000   Number         0  usbd_usr.o ABSOLUTE
    dc.s                                     0x00000000   Number         0  dc.o ABSOLUTE
    handlers.s                               0x00000000   Number         0  handlers.o ABSOLUTE
    init.s                                   0x00000000   Number         0  init.o ABSOLUTE
    .ARM.Collect$$$$00000000                 0x000000c0   Section        0  entry.o(.ARM.Collect$$$$00000000)
    .ARM.Collect$$$$00000001                 0x000000c0   Section        4  entry2.o(.ARM.Collect$$$$00000001)
    .ARM.Collect$$$$00000004                 0x000000c4   Section        4  entry5.o(.ARM.Collect$$$$00000004)
    .ARM.Collect$$$$00000008                 0x000000c8   Section        0  entry7b.o(.ARM.Collect$$$$00000008)
    .ARM.Collect$$$$0000000A                 0x000000c8   Section        0  entry8b.o(.ARM.Collect$$$$0000000A)
    .ARM.Collect$$$$0000000B                 0x000000c8   Section        8  entry9a.o(.ARM.Collect$$$$0000000B)
    .ARM.Collect$$$$0000000E                 0x000000d0   Section        4  entry12b.o(.ARM.Collect$$$$0000000E)
    .ARM.Collect$$$$0000000F                 0x000000d4   Section        0  entry10a.o(.ARM.Collect$$$$0000000F)
    .ARM.Collect$$$$00000011                 0x000000d4   Section        0  entry11a.o(.ARM.Collect$$$$00000011)
    .ARM.Collect$$$$00002712                 0x000000d4   Section        4  entry2.o(.ARM.Collect$$$$00002712)
    __lit__00000000                          0x000000d4   Data           4  entry2.o(.ARM.Collect$$$$00002712)
    .text                                    0x000000d8   Section       28  startup_vtm071x.o(.text)
    .text                                    0x000000f4   Section        0  uidiv.o(.text)
    .text                                    0x00000120   Section        0  uread4.o(.text)
    .text                                    0x00000134   Section        0  uwrite4.o(.text)
    .text                                    0x00000148   Section       36  init.o(.text)
    i.ClearEP0SentStall                      0x0000016c   Section        0  usb_core.o(i.ClearEP0SentStall)
    i.ClearEP0SetupEnd                       0x00000180   Section        0  usb_core.o(i.ClearEP0SetupEnd)
    i.ClearEPRxPktRdy                        0x00000194   Section        0  usb_core.o(i.ClearEPRxPktRdy)
    i.ClearEPnRxDataTog                      0x000001b8   Section        0  usb_core.o(i.ClearEPnRxDataTog)
    i.ClearEPnRxOverRun                      0x000001cc   Section        0  usb_core.o(i.ClearEPnRxOverRun)
    i.ClearEPnRxSentStall                    0x000001e0   Section        0  usb_core.o(i.ClearEPnRxSentStall)
    i.ClearEPnTxDataTog                      0x000001f4   Section        0  usb_core.o(i.ClearEPnTxDataTog)
    i.ClearEPnTxFrcDataTog                   0x00000208   Section        0  usb_core.o(i.ClearEPnTxFrcDataTog)
    i.ClearEPnTxSendStall                    0x0000021c   Section        0  usb_core.o(i.ClearEPnTxSendStall)
    i.ClearEPnTxSentStall                    0x00000230   Section        0  usb_core.o(i.ClearEPnTxSentStall)
    i.ClearEPnTxUnderRun                     0x00000244   Section        0  usb_core.o(i.ClearEPnTxUnderRun)
    i.CopyDataFromEP                         0x00000258   Section        0  usb_core.o(i.CopyDataFromEP)
    i.CopyDataToEP                           0x00000278   Section        0  usb_core.o(i.CopyDataToEP)
    i.DCD_DevConnect                         0x00000298   Section        0  usb_dcd.o(i.DCD_DevConnect)
    i.DCD_EP_Close                           0x0000029e   Section        0  usb_dcd.o(i.DCD_EP_Close)
    i.DCD_EP_ClrStall                        0x000002c6   Section        0  usb_dcd.o(i.DCD_EP_ClrStall)
    i.DCD_EP_Open                            0x00000314   Section        0  usb_dcd.o(i.DCD_EP_Open)
    i.DCD_EP_PrepareRx                       0x0000047e   Section        0  usb_dcd.o(i.DCD_EP_PrepareRx)
    i.DCD_EP_SetAddress                      0x00000508   Section        0  usb_dcd.o(i.DCD_EP_SetAddress)
    i.DCD_EP_Stall                           0x00000518   Section        0  usb_dcd.o(i.DCD_EP_Stall)
    i.DCD_EP_Tx                              0x0000056e   Section        0  usb_dcd.o(i.DCD_EP_Tx)
    i.DCD_Init                               0x00000664   Section        0  usb_dcd.o(i.DCD_Init)
    i.DCD_PMA_Config                         0x000006b0   Section        0  usb_dcd.o(i.DCD_PMA_Config)
    i.EP0_IdleProcess                        0x000006f0   Section        0  usb_dcd_int.o(i.EP0_IdleProcess)
    i.EP0_RxProcess                          0x00000740   Section        0  usb_dcd_int.o(i.EP0_RxProcess)
    i.EP0_TxProcess                          0x000007c8   Section        0  usb_dcd_int.o(i.EP0_TxProcess)
    i.EP_Isr                                 0x000007e0   Section        0  usb_dcd_int.o(i.EP_Isr)
    i.FlushEPnRxFIFO                         0x00000a80   Section        0  usb_core.o(i.FlushEPnRxFIFO)
    i.FlushEPnTxFIFO                         0x00000a94   Section        0  usb_core.o(i.FlushEPnTxFIFO)
    i.GPIO_Init                              0x00000aa8   Section        0  vtm071x_gpio.o(i.GPIO_Init)
    i.GPIO_WriteBit                          0x00000b50   Section        0  vtm071x_gpio.o(i.GPIO_WriteBit)
    i.GetEP0CSR1                             0x00000ba8   Section        0  usb_core.o(i.GetEP0CSR1)
    i.GetEP0RxCount                          0x00000bb4   Section        0  usb_core.o(i.GetEP0RxCount)
    i.GetEPnRxCSR1                           0x00000bc0   Section        0  usb_core.o(i.GetEPnRxCSR1)
    i.GetEPnRxCount                          0x00000bcc   Section        0  usb_core.o(i.GetEPnRxCount)
    i.GetEPnRxFIFOFull                       0x00000be8   Section        0  usb_core.o(i.GetEPnRxFIFOFull)
    i.GetEPnTxCSR1                           0x00000c00   Section        0  usb_core.o(i.GetEPnTxCSR1)
    i.GetEPnTxCSR2                           0x00000c0c   Section        0  usb_core.o(i.GetEPnTxCSR2)
    i.GetEPnTxFIFONotEmpty                   0x00000c18   Section        0  usb_core.o(i.GetEPnTxFIFONotEmpty)
    i.GetIntrRx                              0x00000c30   Section        0  usb_core.o(i.GetIntrRx)
    i.GetIntrTx                              0x00000c3c   Section        0  usb_core.o(i.GetIntrTx)
    i.GetIntrUSB                             0x00000c48   Section        0  usb_core.o(i.GetIntrUSB)
    i.GetPower                               0x00000c54   Section        0  usb_core.o(i.GetPower)
    i.Get_SerialNum                          0x00000c60   Section        0  usbd_desc.o(i.Get_SerialNum)
    i.HardFault_Handler                      0x00000c94   Section        0  vtm071x_it.o(i.HardFault_Handler)
    i.IntToUnicode                           0x00000c98   Section        0  usbd_desc.o(i.IntToUnicode)
    IntToUnicode                             0x00000c99   Thumb Code    54  usbd_desc.o(i.IntToUnicode)
    i.MSC_BOT_Abort                          0x00000cd0   Section        0  usbd_msc_bot.o(i.MSC_BOT_Abort)
    MSC_BOT_Abort                            0x00000cd1   Thumb Code    66  usbd_msc_bot.o(i.MSC_BOT_Abort)
    i.MSC_BOT_CBW_Decode                     0x00000d1c   Section        0  usbd_msc_bot.o(i.MSC_BOT_CBW_Decode)
    MSC_BOT_CBW_Decode                       0x00000d1d   Thumb Code   180  usbd_msc_bot.o(i.MSC_BOT_CBW_Decode)
    i.MSC_BOT_CplClrFeature                  0x00000dec   Section        0  usbd_msc_bot.o(i.MSC_BOT_CplClrFeature)
    i.MSC_BOT_DataIn                         0x00000e28   Section        0  usbd_msc_bot.o(i.MSC_BOT_DataIn)
    i.MSC_BOT_DataOut                        0x00000e78   Section        0  usbd_msc_bot.o(i.MSC_BOT_DataOut)
    i.MSC_BOT_DeInit                         0x00000ec0   Section        0  usbd_msc_bot.o(i.MSC_BOT_DeInit)
    i.MSC_BOT_Init                           0x00000ecc   Section        0  usbd_msc_bot.o(i.MSC_BOT_Init)
    i.MSC_BOT_Reset                          0x00000f04   Section        0  usbd_msc_bot.o(i.MSC_BOT_Reset)
    i.MSC_BOT_SendCSW                        0x00000f30   Section        0  usbd_msc_bot.o(i.MSC_BOT_SendCSW)
    i.MSC_BOT_SendData                       0x00000f70   Section        0  usbd_msc_bot.o(i.MSC_BOT_SendData)
    MSC_BOT_SendData                         0x00000f71   Thumb Code    60  usbd_msc_bot.o(i.MSC_BOT_SendData)
    i.NMI_Handler                            0x00000fb8   Section        0  vtm071x_it.o(i.NMI_Handler)
    i.NVIC_Init                              0x00000fbc   Section        0  misc.o(i.NVIC_Init)
    i.PendSV_Handler                         0x0000102c   Section        0  vtm071x_it.o(i.PendSV_Handler)
    i.RCC_APBPeriphClockCmd                  0x00001030   Section        0  vtm071x_rcc.o(i.RCC_APBPeriphClockCmd)
    i.RCC_APBPeriphResetCmd                  0x0000106c   Section        0  vtm071x_rcc.o(i.RCC_APBPeriphResetCmd)
    i.RCC_SETCLKDivider                      0x000010a8   Section        0  vtm071x_rcc.o(i.RCC_SETCLKDivider)
    i.SCSI_CheckAddressRange                 0x000010b4   Section        0  usbd_msc_scsi.o(i.SCSI_CheckAddressRange)
    SCSI_CheckAddressRange                   0x000010b5   Thumb Code    38  usbd_msc_scsi.o(i.SCSI_CheckAddressRange)
    i.SCSI_Inquiry                           0x000010e0   Section        0  usbd_msc_scsi.o(i.SCSI_Inquiry)
    SCSI_Inquiry                             0x000010e1   Thumb Code    70  usbd_msc_scsi.o(i.SCSI_Inquiry)
    i.SCSI_ModeSense10                       0x00001138   Section        0  usbd_msc_scsi.o(i.SCSI_ModeSense10)
    SCSI_ModeSense10                         0x00001139   Thumb Code    34  usbd_msc_scsi.o(i.SCSI_ModeSense10)
    i.SCSI_ModeSense6                        0x00001168   Section        0  usbd_msc_scsi.o(i.SCSI_ModeSense6)
    SCSI_ModeSense6                          0x00001169   Thumb Code    34  usbd_msc_scsi.o(i.SCSI_ModeSense6)
    i.SCSI_ProcessCmd                        0x00001198   Section        0  usbd_msc_scsi.o(i.SCSI_ProcessCmd)
    i.SCSI_ProcessRead                       0x00001270   Section        0  usbd_msc_scsi.o(i.SCSI_ProcessRead)
    SCSI_ProcessRead                         0x00001271   Thumb Code   128  usbd_msc_scsi.o(i.SCSI_ProcessRead)
    i.SCSI_ProcessWrite                      0x0000130c   Section        0  usbd_msc_scsi.o(i.SCSI_ProcessWrite)
    SCSI_ProcessWrite                        0x0000130d   Thumb Code   156  usbd_msc_scsi.o(i.SCSI_ProcessWrite)
    i.SCSI_Read10                            0x000013c0   Section        0  usbd_msc_scsi.o(i.SCSI_Read10)
    SCSI_Read10                              0x000013c1   Thumb Code   214  usbd_msc_scsi.o(i.SCSI_Read10)
    i.SCSI_ReadCapacity10                    0x000014b4   Section        0  usbd_msc_scsi.o(i.SCSI_ReadCapacity10)
    SCSI_ReadCapacity10                      0x000014b5   Thumb Code   128  usbd_msc_scsi.o(i.SCSI_ReadCapacity10)
    i.SCSI_ReadFormatCapacity                0x00001548   Section        0  usbd_msc_scsi.o(i.SCSI_ReadFormatCapacity)
    SCSI_ReadFormatCapacity                  0x00001549   Thumb Code   124  usbd_msc_scsi.o(i.SCSI_ReadFormatCapacity)
    i.SCSI_RequestSense                      0x000015d0   Section        0  usbd_msc_scsi.o(i.SCSI_RequestSense)
    SCSI_RequestSense                        0x000015d1   Thumb Code   132  usbd_msc_scsi.o(i.SCSI_RequestSense)
    i.SCSI_SenseCode                         0x00001668   Section        0  usbd_msc_scsi.o(i.SCSI_SenseCode)
    i.SCSI_StartStopUnit                     0x000016a4   Section        0  usbd_msc_scsi.o(i.SCSI_StartStopUnit)
    SCSI_StartStopUnit                       0x000016a5   Thumb Code    10  usbd_msc_scsi.o(i.SCSI_StartStopUnit)
    i.SCSI_TestUnitReady                     0x000016b4   Section        0  usbd_msc_scsi.o(i.SCSI_TestUnitReady)
    SCSI_TestUnitReady                       0x000016b5   Thumb Code    72  usbd_msc_scsi.o(i.SCSI_TestUnitReady)
    i.SCSI_Verify10                          0x00001708   Section        0  usbd_msc_scsi.o(i.SCSI_Verify10)
    SCSI_Verify10                            0x00001709   Thumb Code    68  usbd_msc_scsi.o(i.SCSI_Verify10)
    i.SCSI_Write10                           0x00001758   Section        0  usbd_msc_scsi.o(i.SCSI_Write10)
    SCSI_Write10                             0x00001759   Thumb Code   280  usbd_msc_scsi.o(i.SCSI_Write10)
    i.SPI_BusyWait                           0x00001890   Section        0  vtm071x_eval_spi.o(i.SPI_BusyWait)
    SPI_BusyWait                             0x00001891   Thumb Code    36  vtm071x_eval_spi.o(i.SPI_BusyWait)
    i.SPI_Cmd                                0x000018b8   Section        0  vtm071x_spi.o(i.SPI_Cmd)
    i.SPI_DeInit                             0x000018d0   Section        0  vtm071x_spi.o(i.SPI_DeInit)
    i.SPI_FLASH_Cmd                          0x00001904   Section        0  vtm071x_eval_spi.o(i.SPI_FLASH_Cmd)
    SPI_FLASH_Cmd                            0x00001905   Thumb Code    64  vtm071x_eval_spi.o(i.SPI_FLASH_Cmd)
    i.SPI_FLASH_Detect                       0x00001948   Section        0  vtm071x_eval_spi.o(i.SPI_FLASH_Detect)
    i.SPI_FLASH_EraseSector4K                0x00001970   Section        0  vtm071x_eval_spi.o(i.SPI_FLASH_EraseSector4K)
    i.SPI_FLASH_GlobalUnprotect              0x000019f0   Section        0  vtm071x_eval_spi.o(i.SPI_FLASH_GlobalUnprotect)
    SPI_FLASH_GlobalUnprotect                0x000019f1   Thumb Code    52  vtm071x_eval_spi.o(i.SPI_FLASH_GlobalUnprotect)
    i.SPI_FLASH_Init                         0x00001a24   Section        0  vtm071x_eval_spi.o(i.SPI_FLASH_Init)
    i.SPI_FLASH_LowLevel_Init                0x00001a48   Section        0  vtm071x_eval.o(i.SPI_FLASH_LowLevel_Init)
    i.SPI_FLASH_Read                         0x00001b04   Section        0  vtm071x_eval_spi.o(i.SPI_FLASH_Read)
    i.SPI_FLASH_ReadID                       0x00001b78   Section        0  vtm071x_eval_spi.o(i.SPI_FLASH_ReadID)
    i.SPI_FLASH_ReadStatus1                  0x00001bb8   Section        0  vtm071x_eval_spi.o(i.SPI_FLASH_ReadStatus1)
    SPI_FLASH_ReadStatus1                    0x00001bb9   Thumb Code    32  vtm071x_eval_spi.o(i.SPI_FLASH_ReadStatus1)
    i.SPI_FLASH_Write                        0x00001bdc   Section        0  vtm071x_eval_spi.o(i.SPI_FLASH_Write)
    i.SPI_FLASH_WriteEnable                  0x00001c24   Section        0  vtm071x_eval_spi.o(i.SPI_FLASH_WriteEnable)
    SPI_FLASH_WriteEnable                    0x00001c25   Thumb Code    26  vtm071x_eval_spi.o(i.SPI_FLASH_WriteEnable)
    i.SPI_FLASH_WritePage                    0x00001c44   Section        0  vtm071x_eval_spi.o(i.SPI_FLASH_WritePage)
    SPI_FLASH_WritePage                      0x00001c45   Thumb Code   142  vtm071x_eval_spi.o(i.SPI_FLASH_WritePage)
    i.SPI_FLASH_WriteStatus                  0x00001cd8   Section        0  vtm071x_eval_spi.o(i.SPI_FLASH_WriteStatus)
    SPI_FLASH_WriteStatus                    0x00001cd9   Thumb Code    80  vtm071x_eval_spi.o(i.SPI_FLASH_WriteStatus)
    i.SPI_GetFlagStatus                      0x00001d2c   Section        0  vtm071x_spi.o(i.SPI_GetFlagStatus)
    i.SPI_Init                               0x00001d40   Section        0  vtm071x_spi.o(i.SPI_Init)
    i.SPI_ReadWriteByte                      0x00001d60   Section        0  vtm071x_eval_spi.o(i.SPI_ReadWriteByte)
    SPI_ReadWriteByte                        0x00001d61   Thumb Code    96  vtm071x_eval_spi.o(i.SPI_ReadWriteByte)
    i.SPI_ReceiveData                        0x00001dc4   Section        0  vtm071x_spi.o(i.SPI_ReceiveData)
    i.SPI_SendData                           0x00001dcc   Section        0  vtm071x_spi.o(i.SPI_SendData)
    i.STORAGE_GetCapacity                    0x00001dd0   Section        0  usbd_storage_msd.o(i.STORAGE_GetCapacity)
    i.STORAGE_GetMaxLun                      0x00001df4   Section        0  usbd_storage_msd.o(i.STORAGE_GetMaxLun)
    i.STORAGE_Init                           0x00001df8   Section        0  usbd_storage_msd.o(i.STORAGE_Init)
    i.STORAGE_IsReady                        0x00001e10   Section        0  usbd_storage_msd.o(i.STORAGE_IsReady)
    i.STORAGE_IsWriteProtected               0x00001e50   Section        0  usbd_storage_msd.o(i.STORAGE_IsWriteProtected)
    i.STORAGE_Read                           0x00001e56   Section        0  usbd_storage_msd.o(i.STORAGE_Read)
    i.STORAGE_Write                          0x00001e84   Section        0  usbd_storage_msd.o(i.STORAGE_Write)
    i.SVC_Handler                            0x00001ec0   Section        0  vtm071x_it.o(i.SVC_Handler)
    i.SetEP0DataEnd                          0x00001ec4   Section        0  usb_core.o(i.SetEP0DataEnd)
    i.SetEP0SendStall                        0x00001ee0   Section        0  usb_core.o(i.SetEP0SendStall)
    i.SetEPnRxAddrAndSize                    0x00001ef4   Section        0  usb_core.o(i.SetEPnRxAddrAndSize)
    i.SetEPnRxMAXP                           0x00001f78   Section        0  usb_core.o(i.SetEPnRxMAXP)
    i.SetEPnRxSendStall                      0x00001f84   Section        0  usb_core.o(i.SetEPnRxSendStall)
    i.SetEPnRxType                           0x00001f98   Section        0  usb_core.o(i.SetEPnRxType)
    i.SetEPnTxAddrAndSize                    0x00001fbc   Section        0  usb_core.o(i.SetEPnTxAddrAndSize)
    i.SetEPnTxFrcDataTog                     0x00002040   Section        0  usb_core.o(i.SetEPnTxFrcDataTog)
    i.SetEPnTxMAXP                           0x00002054   Section        0  usb_core.o(i.SetEPnTxMAXP)
    i.SetEPnTxMode                           0x00002060   Section        0  usb_core.o(i.SetEPnTxMode)
    i.SetEPnTxSendStall                      0x00002084   Section        0  usb_core.o(i.SetEPnTxSendStall)
    i.SetEPnTxType                           0x00002098   Section        0  usb_core.o(i.SetEPnTxType)
    i.SetFADDR                               0x000020d8   Section        0  usb_core.o(i.SetFADDR)
    i.SetIndex                               0x000020e8   Section        0  usb_core.o(i.SetIndex)
    i.SetIntrRxE                             0x000020f4   Section        0  usb_core.o(i.SetIntrRxE)
    i.SetIntrTxE                             0x00002104   Section        0  usb_core.o(i.SetIntrTxE)
    i.SetIntrUSBE                            0x00002114   Section        0  usb_core.o(i.SetIntrUSBE)
    i.SetPower                               0x00002120   Section        0  usb_core.o(i.SetPower)
    i.SetSysClock                            0x0000212c   Section        0  system_vtm071x.o(i.SetSysClock)
    SetSysClock                              0x0000212d   Thumb Code     8  system_vtm071x.o(i.SetSysClock)
    i.SetSysClockTo84                        0x00002134   Section        0  system_vtm071x.o(i.SetSysClockTo84)
    SetSysClockTo84                          0x00002135   Thumb Code    94  system_vtm071x.o(i.SetSysClockTo84)
    i.SetTxPktRdy                            0x000021a8   Section        0  usb_core.o(i.SetTxPktRdy)
    i.SysTick_Handler                        0x000021cc   Section        0  vtm071x_it.o(i.SysTick_Handler)
    i.SystemInit                             0x000021d0   Section        0  system_vtm071x.o(i.SystemInit)
    i.USBD_ClrCfg                            0x000021e8   Section        0  usbd_core.o(i.USBD_ClrCfg)
    i.USBD_ClrFeature                        0x00002202   Section        0  usbd_req.o(i.USBD_ClrFeature)
    USBD_ClrFeature                          0x00002203   Thumb Code    74  usbd_req.o(i.USBD_ClrFeature)
    i.USBD_CtlContinueRx                     0x0000224c   Section        0  usbd_ioreq.o(i.USBD_CtlContinueRx)
    i.USBD_CtlContinueSendData               0x00002266   Section        0  usbd_ioreq.o(i.USBD_CtlContinueSendData)
    i.USBD_CtlError                          0x00002280   Section        0  usbd_req.o(i.USBD_CtlError)
    i.USBD_CtlSendData                       0x00002290   Section        0  usbd_ioreq.o(i.USBD_CtlSendData)
    i.USBD_CtlSendStatus                     0x000022c4   Section        0  usbd_ioreq.o(i.USBD_CtlSendStatus)
    i.USBD_DataInStage                       0x000022d2   Section        0  usbd_core.o(i.USBD_DataInStage)
    USBD_DataInStage                         0x000022d3   Thumb Code   230  usbd_core.o(i.USBD_DataInStage)
    i.USBD_DataOutStage                      0x000023b8   Section        0  usbd_core.o(i.USBD_DataOutStage)
    USBD_DataOutStage                        0x000023b9   Thumb Code   172  usbd_core.o(i.USBD_DataOutStage)
    i.USBD_DeInit                            0x00002464   Section        0  usbd_core.o(i.USBD_DeInit)
    i.USBD_GetConfig                         0x0000246a   Section        0  usbd_req.o(i.USBD_GetConfig)
    USBD_GetConfig                           0x0000246b   Thumb Code    76  usbd_req.o(i.USBD_GetConfig)
    i.USBD_GetDescriptor                     0x000024b6   Section        0  usbd_req.o(i.USBD_GetDescriptor)
    USBD_GetDescriptor                       0x000024b7   Thumb Code   420  usbd_req.o(i.USBD_GetDescriptor)
    i.USBD_GetLen                            0x0000265a   Section        0  usbd_req.o(i.USBD_GetLen)
    USBD_GetLen                              0x0000265b   Thumb Code    20  usbd_req.o(i.USBD_GetLen)
    i.USBD_GetRxCount                        0x0000266e   Section        0  usbd_ioreq.o(i.USBD_GetRxCount)
    i.USBD_GetStatus                         0x0000268a   Section        0  usbd_req.o(i.USBD_GetStatus)
    USBD_GetStatus                           0x0000268b   Thumb Code    74  usbd_req.o(i.USBD_GetStatus)
    i.USBD_GetString                         0x000026d4   Section        0  usbd_req.o(i.USBD_GetString)
    i.USBD_Init                              0x00002722   Section        0  usbd_core.o(i.USBD_Init)
    i.USBD_MSC_DataIn                        0x0000277c   Section        0  usbd_msc_core.o(i.USBD_MSC_DataIn)
    i.USBD_MSC_DataOut                       0x0000278e   Section        0  usbd_msc_core.o(i.USBD_MSC_DataOut)
    i.USBD_MSC_DeInit                        0x000027a0   Section        0  usbd_msc_core.o(i.USBD_MSC_DeInit)
    i.USBD_MSC_GetCfgDesc                    0x000027c0   Section        0  usbd_msc_core.o(i.USBD_MSC_GetCfgDesc)
    i.USBD_MSC_Init                          0x000027d0   Section        0  usbd_msc_core.o(i.USBD_MSC_Init)
    i.USBD_MSC_Setup                         0x00002810   Section        0  usbd_msc_core.o(i.USBD_MSC_Setup)
    i.USBD_ParseSetupRequest                 0x000028ec   Section        0  usbd_req.o(i.USBD_ParseSetupRequest)
    i.USBD_Reset                             0x00002924   Section        0  usbd_core.o(i.USBD_Reset)
    USBD_Reset                               0x00002925   Thumb Code    92  usbd_core.o(i.USBD_Reset)
    i.USBD_Resume                            0x00002980   Section        0  usbd_core.o(i.USBD_Resume)
    USBD_Resume                              0x00002981   Thumb Code    24  usbd_core.o(i.USBD_Resume)
    i.USBD_SOF                               0x00002998   Section        0  usbd_core.o(i.USBD_SOF)
    USBD_SOF                                 0x00002999   Thumb Code    36  usbd_core.o(i.USBD_SOF)
    i.USBD_SetAddress                        0x000029bc   Section        0  usbd_req.o(i.USBD_SetAddress)
    USBD_SetAddress                          0x000029bd   Thumb Code    72  usbd_req.o(i.USBD_SetAddress)
    i.USBD_SetCfg                            0x00002a08   Section        0  usbd_core.o(i.USBD_SetCfg)
    i.USBD_SetConfig                         0x00002a30   Section        0  usbd_req.o(i.USBD_SetConfig)
    USBD_SetConfig                           0x00002a31   Thumb Code   186  usbd_req.o(i.USBD_SetConfig)
    i.USBD_SetFeature                        0x00002af0   Section        0  usbd_req.o(i.USBD_SetFeature)
    USBD_SetFeature                          0x00002af1   Thumb Code    44  usbd_req.o(i.USBD_SetFeature)
    i.USBD_SetupStage                        0x00002b1c   Section        0  usbd_core.o(i.USBD_SetupStage)
    USBD_SetupStage                          0x00002b1d   Thumb Code    88  usbd_core.o(i.USBD_SetupStage)
    i.USBD_StdDevReq                         0x00002b74   Section        0  usbd_req.o(i.USBD_StdDevReq)
    i.USBD_StdEPReq                          0x00002be6   Section        0  usbd_req.o(i.USBD_StdEPReq)
    i.USBD_StdItfReq                         0x00002d42   Section        0  usbd_req.o(i.USBD_StdItfReq)
    i.USBD_Suspend                           0x00002d84   Section        0  usbd_core.o(i.USBD_Suspend)
    USBD_Suspend                             0x00002d85   Thumb Code    54  usbd_core.o(i.USBD_Suspend)
    i.USBD_USR_ConfigStrDescriptor           0x00002dbc   Section        0  usbd_desc.o(i.USBD_USR_ConfigStrDescriptor)
    i.USBD_USR_DeviceConfigured              0x00002de0   Section        0  usbd_usr.o(i.USBD_USR_DeviceConfigured)
    i.USBD_USR_DeviceDescriptor              0x00002de4   Section        0  usbd_desc.o(i.USBD_USR_DeviceDescriptor)
    i.USBD_USR_DeviceReset                   0x00002df4   Section        0  usbd_usr.o(i.USBD_USR_DeviceReset)
    i.USBD_USR_DeviceResumed                 0x00002df6   Section        0  usbd_usr.o(i.USBD_USR_DeviceResumed)
    i.USBD_USR_DeviceSuspended               0x00002df8   Section        0  usbd_usr.o(i.USBD_USR_DeviceSuspended)
    i.USBD_USR_Init                          0x00002dfa   Section        0  usbd_usr.o(i.USBD_USR_Init)
    i.USBD_USR_InterfaceStrDescriptor        0x00002dfc   Section        0  usbd_desc.o(i.USBD_USR_InterfaceStrDescriptor)
    i.USBD_USR_LangIDStrDescriptor           0x00002e24   Section        0  usbd_desc.o(i.USBD_USR_LangIDStrDescriptor)
    i.USBD_USR_ManufacturerStrDescriptor     0x00002e34   Section        0  usbd_desc.o(i.USBD_USR_ManufacturerStrDescriptor)
    i.USBD_USR_ProductStrDescriptor          0x00002e50   Section        0  usbd_desc.o(i.USBD_USR_ProductStrDescriptor)
    i.USBD_USR_SerialStrDescriptor           0x00002e80   Section        0  usbd_desc.o(i.USBD_USR_SerialStrDescriptor)
    i.USB_BSP_EnableInterrupt                0x00002e90   Section        0  usb_bsp.o(i.USB_BSP_EnableInterrupt)
    i.USB_BSP_Init                           0x00002ea8   Section        0  usb_bsp.o(i.USB_BSP_Init)
    i.USB_IRQHandler                         0x00002ee4   Section        0  vtm071x_it.o(i.USB_IRQHandler)
    i.USB_Isr                                0x00002eec   Section        0  usb_dcd_int.o(i.USB_Isr)
    i.__ARM_common_switch8                   0x00002fc4   Section        0  usbd_req.o(i.__ARM_common_switch8)
    i.__scatterload_copy                     0x00002fe0   Section       14  handlers.o(i.__scatterload_copy)
    i.__scatterload_null                     0x00002fee   Section        2  handlers.o(i.__scatterload_null)
    i.__scatterload_zeroinit                 0x00002ff0   Section       14  handlers.o(i.__scatterload_zeroinit)
    i.delay                                  0x00002ffe   Section        0  usb_bsp.o(i.delay)
    i.delay                                  0x0000300c   Section        0  system_vtm071x.o(i.delay)
    delay                                    0x0000300d   Thumb Code    20  system_vtm071x.o(i.delay)
    i.main                                   0x00003020   Section        0  app.o(i.main)
    .constdata                               0x00003040   Section       32  usbd_desc.o(.constdata)
    .constdata                               0x00003060   Section       36  usbd_storage_msd.o(.constdata)
    .constdata                               0x00003084   Section       32  usbd_msc_core.o(.constdata)
    .constdata                               0x000030a4   Section       19  usbd_msc_data.o(.constdata)
    .data                                    0x20000000   Section       54  usbd_desc.o(.data)
    .data                                    0x20000038   Section       20  usbd_usr.o(.data)
    .data                                    0x2000004c   Section       41  usbd_storage_msd.o(.data)
    status                                   0x20000074   Data           1  usbd_storage_msd.o(.data)
    .data                                    0x20000076   Section        4  usbd_msc_bot.o(.data)
    .data                                    0x2000007c   Section       42  usbd_msc_core.o(.data)
    USBD_MSC_MaxLun                          0x200000a4   Data           1  usbd_msc_core.o(.data)
    USBD_MSC_AltSet                          0x200000a5   Data           1  usbd_msc_core.o(.data)
    .data                                    0x200000a8   Section       24  usbd_msc_scsi.o(.data)
    .data                                    0x200000c0   Section        4  usb_dcd.o(.data)
    .data                                    0x200000c4   Section       32  usbd_core.o(.data)
    .data                                    0x200000e4   Section        5  usbd_req.o(.data)
    cfgidx                                   0x200000e8   Data           1  usbd_req.o(.data)
    .bss                                     0x200000ec   Section      256  app.o(.bss)
    .bss                                     0x200001ec   Section     4144  usbd_msc_bot.o(.bss)
    .bss                                     0x2000121c   Section       32  usbd_msc_scsi.o(.bss)
    .bss                                     0x2000123c   Section       64  usbd_req.o(.bss)
    STACK                                    0x20001280   Section     2048  startup_vtm071x.o(STACK)

    Global Symbols

    Symbol Name                              Value     Ov Type        Size  Object(Section)

    BuildAttributes$$THM_ISAv3M$S$PE$A:L22$X:L11$S22$IEEE1$IW$USESV6$~STKCKD$USESV7$~SHL$OSPACE$EBA8$MICROLIB$REQ8$PRES8$EABIv2 0x00000000   Number         0  anon$$obj.o ABSOLUTE
    __ARM_use_no_argv                        0x00000000   Number         0  app.o ABSOLUTE
    __Vectors                                0x00000000   Data           4  startup_vtm071x.o(RESET)
    __arm_fini_                               - Undefined Weak Reference
    __cpp_initialize__aeabi_                  - Undefined Weak Reference
    __cxa_finalize                            - Undefined Weak Reference
    __decompress                              - Undefined Weak Reference
    _clock_init                               - Undefined Weak Reference
    _microlib_exit                            - Undefined Weak Reference
    __Vectors_End                            0x000000c0   Data           0  startup_vtm071x.o(RESET)
    __Vectors_Size                           0x000000c0   Number         0  startup_vtm071x.o ABSOLUTE
    __main                                   0x000000c1   Thumb Code     0  entry.o(.ARM.Collect$$$$00000000)
    _main_stk                                0x000000c1   Thumb Code     0  entry2.o(.ARM.Collect$$$$00000001)
    _main_scatterload                        0x000000c5   Thumb Code     0  entry5.o(.ARM.Collect$$$$00000004)
    __main_after_scatterload                 0x000000c9   Thumb Code     0  entry5.o(.ARM.Collect$$$$00000004)
    _main_clock                              0x000000c9   Thumb Code     0  entry7b.o(.ARM.Collect$$$$00000008)
    _main_cpp_init                           0x000000c9   Thumb Code     0  entry8b.o(.ARM.Collect$$$$0000000A)
    _main_init                               0x000000c9   Thumb Code     0  entry9a.o(.ARM.Collect$$$$0000000B)
    __rt_lib_shutdown_fini                   0x000000d1   Thumb Code     0  entry12b.o(.ARM.Collect$$$$0000000E)
    __rt_final_cpp                           0x000000d5   Thumb Code     0  entry10a.o(.ARM.Collect$$$$0000000F)
    __rt_final_exit                          0x000000d5   Thumb Code     0  entry11a.o(.ARM.Collect$$$$00000011)
    Reset_Handler                            0x000000d9   Thumb Code     8  startup_vtm071x.o(.text)
    ACMP_IRQHandler                          0x000000eb   Thumb Code     0  startup_vtm071x.o(.text)
    ADC_IRQHandler                           0x000000eb   Thumb Code     0  startup_vtm071x.o(.text)
    BOD_IRQHandler                           0x000000eb   Thumb Code     0  startup_vtm071x.o(.text)
    BOR_IRQHandler                           0x000000eb   Thumb Code     0  startup_vtm071x.o(.text)
    CORDIC_IRQHandler                        0x000000eb   Thumb Code     0  startup_vtm071x.o(.text)
    DAC_IRQHandler                           0x000000eb   Thumb Code     0  startup_vtm071x.o(.text)
    DMA_IRQHandler                           0x000000eb   Thumb Code     0  startup_vtm071x.o(.text)
    FLASH_IRQHandler                         0x000000eb   Thumb Code     0  startup_vtm071x.o(.text)
    GPIO0_TO_GPIO3_IRQHandler                0x000000eb   Thumb Code     0  startup_vtm071x.o(.text)
    GPIO4_TO_GPIO6_IRQHandler                0x000000eb   Thumb Code     0  startup_vtm071x.o(.text)
    I2C0_IRQHandler                          0x000000eb   Thumb Code     0  startup_vtm071x.o(.text)
    I2C1_IRQHandler                          0x000000eb   Thumb Code     0  startup_vtm071x.o(.text)
    MCPWM_IRQHandler                         0x000000eb   Thumb Code     0  startup_vtm071x.o(.text)
    RTC_IRQHandler                           0x000000eb   Thumb Code     0  startup_vtm071x.o(.text)
    SPI0_IRQHandler                          0x000000eb   Thumb Code     0  startup_vtm071x.o(.text)
    SPI1_IRQHandler                          0x000000eb   Thumb Code     0  startup_vtm071x.o(.text)
    TIMER0_IRQHandler                        0x000000eb   Thumb Code     0  startup_vtm071x.o(.text)
    TIMER1_IRQHandler                        0x000000eb   Thumb Code     0  startup_vtm071x.o(.text)
    TIMER2_IRQHandler                        0x000000eb   Thumb Code     0  startup_vtm071x.o(.text)
    TIMER3_IRQHandler                        0x000000eb   Thumb Code     0  startup_vtm071x.o(.text)
    TSC_IRQHandler                           0x000000eb   Thumb Code     0  startup_vtm071x.o(.text)
    USART0_IRQHandler                        0x000000eb   Thumb Code     0  startup_vtm071x.o(.text)
    USART1_IRQHandler                        0x000000eb   Thumb Code     0  startup_vtm071x.o(.text)
    USB_DMA_IRQHandler                       0x000000eb   Thumb Code     0  startup_vtm071x.o(.text)
    __aeabi_uidiv                            0x000000f5   Thumb Code     0  uidiv.o(.text)
    __aeabi_uidivmod                         0x000000f5   Thumb Code    44  uidiv.o(.text)
    __aeabi_uread4                           0x00000121   Thumb Code    20  uread4.o(.text)
    __rt_uread4                              0x00000121   Thumb Code     0  uread4.o(.text)
    _uread4                                  0x00000121   Thumb Code     0  uread4.o(.text)
    __aeabi_uwrite4                          0x00000135   Thumb Code    18  uwrite4.o(.text)
    __rt_uwrite4                             0x00000135   Thumb Code     0  uwrite4.o(.text)
    _uwrite4                                 0x00000135   Thumb Code     0  uwrite4.o(.text)
    __scatterload                            0x00000149   Thumb Code    28  init.o(.text)
    __scatterload_rt2                        0x00000149   Thumb Code     0  init.o(.text)
    ClearEP0SentStall                        0x0000016d   Thumb Code    14  usb_core.o(i.ClearEP0SentStall)
    ClearEP0SetupEnd                         0x00000181   Thumb Code    14  usb_core.o(i.ClearEP0SetupEnd)
    ClearEPRxPktRdy                          0x00000195   Thumb Code    32  usb_core.o(i.ClearEPRxPktRdy)
    ClearEPnRxDataTog                        0x000001b9   Thumb Code    14  usb_core.o(i.ClearEPnRxDataTog)
    ClearEPnRxOverRun                        0x000001cd   Thumb Code    14  usb_core.o(i.ClearEPnRxOverRun)
    ClearEPnRxSentStall                      0x000001e1   Thumb Code    14  usb_core.o(i.ClearEPnRxSentStall)
    ClearEPnTxDataTog                        0x000001f5   Thumb Code    14  usb_core.o(i.ClearEPnTxDataTog)
    ClearEPnTxFrcDataTog                     0x00000209   Thumb Code    14  usb_core.o(i.ClearEPnTxFrcDataTog)
    ClearEPnTxSendStall                      0x0000021d   Thumb Code    14  usb_core.o(i.ClearEPnTxSendStall)
    ClearEPnTxSentStall                      0x00000231   Thumb Code    14  usb_core.o(i.ClearEPnTxSentStall)
    ClearEPnTxUnderRun                       0x00000245   Thumb Code    14  usb_core.o(i.ClearEPnTxUnderRun)
    CopyDataFromEP                           0x00000259   Thumb Code    26  usb_core.o(i.CopyDataFromEP)
    CopyDataToEP                             0x00000279   Thumb Code    26  usb_core.o(i.CopyDataToEP)
    DCD_DevConnect                           0x00000299   Thumb Code     6  usb_dcd.o(i.DCD_DevConnect)
    DCD_EP_Close                             0x0000029f   Thumb Code    40  usb_dcd.o(i.DCD_EP_Close)
    DCD_EP_ClrStall                          0x000002c7   Thumb Code    78  usb_dcd.o(i.DCD_EP_ClrStall)
    DCD_EP_Open                              0x00000315   Thumb Code   362  usb_dcd.o(i.DCD_EP_Open)
    DCD_EP_PrepareRx                         0x0000047f   Thumb Code   138  usb_dcd.o(i.DCD_EP_PrepareRx)
    DCD_EP_SetAddress                        0x00000509   Thumb Code    16  usb_dcd.o(i.DCD_EP_SetAddress)
    DCD_EP_Stall                             0x00000519   Thumb Code    86  usb_dcd.o(i.DCD_EP_Stall)
    DCD_EP_Tx                                0x0000056f   Thumb Code   244  usb_dcd.o(i.DCD_EP_Tx)
    DCD_Init                                 0x00000665   Thumb Code    70  usb_dcd.o(i.DCD_Init)
    DCD_PMA_Config                           0x000006b1   Thumb Code    64  usb_dcd.o(i.DCD_PMA_Config)
    EP0_IdleProcess                          0x000006f1   Thumb Code    72  usb_dcd_int.o(i.EP0_IdleProcess)
    EP0_RxProcess                            0x00000741   Thumb Code   126  usb_dcd_int.o(i.EP0_RxProcess)
    EP0_TxProcess                            0x000007c9   Thumb Code    16  usb_dcd_int.o(i.EP0_TxProcess)
    EP_Isr                                   0x000007e1   Thumb Code   658  usb_dcd_int.o(i.EP_Isr)
    FlushEPnRxFIFO                           0x00000a81   Thumb Code    14  usb_core.o(i.FlushEPnRxFIFO)
    FlushEPnTxFIFO                           0x00000a95   Thumb Code    14  usb_core.o(i.FlushEPnTxFIFO)
    GPIO_Init                                0x00000aa9   Thumb Code   154  vtm071x_gpio.o(i.GPIO_Init)
    GPIO_WriteBit                            0x00000b51   Thumb Code    78  vtm071x_gpio.o(i.GPIO_WriteBit)
    GetEP0CSR1                               0x00000ba9   Thumb Code     6  usb_core.o(i.GetEP0CSR1)
    GetEP0RxCount                            0x00000bb5   Thumb Code     6  usb_core.o(i.GetEP0RxCount)
    GetEPnRxCSR1                             0x00000bc1   Thumb Code     6  usb_core.o(i.GetEPnRxCSR1)
    GetEPnRxCount                            0x00000bcd   Thumb Code    22  usb_core.o(i.GetEPnRxCount)
    GetEPnRxFIFOFull                         0x00000be9   Thumb Code    20  usb_core.o(i.GetEPnRxFIFOFull)
    GetEPnTxCSR1                             0x00000c01   Thumb Code     6  usb_core.o(i.GetEPnTxCSR1)
    GetEPnTxCSR2                             0x00000c0d   Thumb Code     6  usb_core.o(i.GetEPnTxCSR2)
    GetEPnTxFIFONotEmpty                     0x00000c19   Thumb Code    20  usb_core.o(i.GetEPnTxFIFONotEmpty)
    GetIntrRx                                0x00000c31   Thumb Code     6  usb_core.o(i.GetIntrRx)
    GetIntrTx                                0x00000c3d   Thumb Code     6  usb_core.o(i.GetIntrTx)
    GetIntrUSB                               0x00000c49   Thumb Code     6  usb_core.o(i.GetIntrUSB)
    GetPower                                 0x00000c55   Thumb Code     6  usb_core.o(i.GetPower)
    Get_SerialNum                            0x00000c61   Thumb Code    44  usbd_desc.o(i.Get_SerialNum)
    HardFault_Handler                        0x00000c95   Thumb Code     4  vtm071x_it.o(i.HardFault_Handler)
    MSC_BOT_CplClrFeature                    0x00000ded   Thumb Code    56  usbd_msc_bot.o(i.MSC_BOT_CplClrFeature)
    MSC_BOT_DataIn                           0x00000e29   Thumb Code    70  usbd_msc_bot.o(i.MSC_BOT_DataIn)
    MSC_BOT_DataOut                          0x00000e79   Thumb Code    62  usbd_msc_bot.o(i.MSC_BOT_DataOut)
    MSC_BOT_DeInit                           0x00000ec1   Thumb Code     8  usbd_msc_bot.o(i.MSC_BOT_DeInit)
    MSC_BOT_Init                             0x00000ecd   Thumb Code    38  usbd_msc_bot.o(i.MSC_BOT_Init)
    MSC_BOT_Reset                            0x00000f05   Thumb Code    30  usbd_msc_bot.o(i.MSC_BOT_Reset)
    MSC_BOT_SendCSW                          0x00000f31   Thumb Code    48  usbd_msc_bot.o(i.MSC_BOT_SendCSW)
    NMI_Handler                              0x00000fb9   Thumb Code     2  vtm071x_it.o(i.NMI_Handler)
    NVIC_Init                                0x00000fbd   Thumb Code   106  misc.o(i.NVIC_Init)
    PendSV_Handler                           0x0000102d   Thumb Code     2  vtm071x_it.o(i.PendSV_Handler)
    RCC_APBPeriphClockCmd                    0x00001031   Thumb Code    56  vtm071x_rcc.o(i.RCC_APBPeriphClockCmd)
    RCC_APBPeriphResetCmd                    0x0000106d   Thumb Code    56  vtm071x_rcc.o(i.RCC_APBPeriphResetCmd)
    RCC_SETCLKDivider                        0x000010a9   Thumb Code    10  vtm071x_rcc.o(i.RCC_SETCLKDivider)
    SCSI_ProcessCmd                          0x00001199   Thumb Code   212  usbd_msc_scsi.o(i.SCSI_ProcessCmd)
    SCSI_SenseCode                           0x00001669   Thumb Code    50  usbd_msc_scsi.o(i.SCSI_SenseCode)
    SPI_Cmd                                  0x000018b9   Thumb Code    24  vtm071x_spi.o(i.SPI_Cmd)
    SPI_DeInit                               0x000018d1   Thumb Code    48  vtm071x_spi.o(i.SPI_DeInit)
    SPI_FLASH_Detect                         0x00001949   Thumb Code    38  vtm071x_eval_spi.o(i.SPI_FLASH_Detect)
    SPI_FLASH_EraseSector4K                  0x00001971   Thumb Code   122  vtm071x_eval_spi.o(i.SPI_FLASH_EraseSector4K)
    SPI_FLASH_Init                           0x00001a25   Thumb Code    30  vtm071x_eval_spi.o(i.SPI_FLASH_Init)
    SPI_FLASH_LowLevel_Init                  0x00001a49   Thumb Code   184  vtm071x_eval.o(i.SPI_FLASH_LowLevel_Init)
    SPI_FLASH_Read                           0x00001b05   Thumb Code   110  vtm071x_eval_spi.o(i.SPI_FLASH_Read)
    SPI_FLASH_ReadID                         0x00001b79   Thumb Code    58  vtm071x_eval_spi.o(i.SPI_FLASH_ReadID)
    SPI_FLASH_Write                          0x00001bdd   Thumb Code    70  vtm071x_eval_spi.o(i.SPI_FLASH_Write)
    SPI_GetFlagStatus                        0x00001d2d   Thumb Code    20  vtm071x_spi.o(i.SPI_GetFlagStatus)
    SPI_Init                                 0x00001d41   Thumb Code    30  vtm071x_spi.o(i.SPI_Init)
    SPI_ReceiveData                          0x00001dc5   Thumb Code     8  vtm071x_spi.o(i.SPI_ReceiveData)
    SPI_SendData                             0x00001dcd   Thumb Code     4  vtm071x_spi.o(i.SPI_SendData)
    STORAGE_GetCapacity                      0x00001dd1   Thumb Code    36  usbd_storage_msd.o(i.STORAGE_GetCapacity)
    STORAGE_GetMaxLun                        0x00001df5   Thumb Code     4  usbd_storage_msd.o(i.STORAGE_GetMaxLun)
    STORAGE_Init                             0x00001df9   Thumb Code    22  usbd_storage_msd.o(i.STORAGE_Init)
    STORAGE_IsReady                          0x00001e11   Thumb Code    58  usbd_storage_msd.o(i.STORAGE_IsReady)
    STORAGE_IsWriteProtected                 0x00001e51   Thumb Code     6  usbd_storage_msd.o(i.STORAGE_IsWriteProtected)
    STORAGE_Read                             0x00001e57   Thumb Code    46  usbd_storage_msd.o(i.STORAGE_Read)
    STORAGE_Write                            0x00001e85   Thumb Code    60  usbd_storage_msd.o(i.STORAGE_Write)
    SVC_Handler                              0x00001ec1   Thumb Code     2  vtm071x_it.o(i.SVC_Handler)
    SetEP0DataEnd                            0x00001ec5   Thumb Code    24  usb_core.o(i.SetEP0DataEnd)
    SetEP0SendStall                          0x00001ee1   Thumb Code    14  usb_core.o(i.SetEP0SendStall)
    SetEPnRxAddrAndSize                      0x00001ef5   Thumb Code   126  usb_core.o(i.SetEPnRxAddrAndSize)
    SetEPnRxMAXP                             0x00001f79   Thumb Code     6  usb_core.o(i.SetEPnRxMAXP)
    SetEPnRxSendStall                        0x00001f85   Thumb Code    14  usb_core.o(i.SetEPnRxSendStall)
    SetEPnRxType                             0x00001f99   Thumb Code    32  usb_core.o(i.SetEPnRxType)
    SetEPnTxAddrAndSize                      0x00001fbd   Thumb Code   126  usb_core.o(i.SetEPnTxAddrAndSize)
    SetEPnTxFrcDataTog                       0x00002041   Thumb Code    14  usb_core.o(i.SetEPnTxFrcDataTog)
    SetEPnTxMAXP                             0x00002055   Thumb Code     6  usb_core.o(i.SetEPnTxMAXP)
    SetEPnTxMode                             0x00002061   Thumb Code    32  usb_core.o(i.SetEPnTxMode)
    SetEPnTxSendStall                        0x00002085   Thumb Code    14  usb_core.o(i.SetEPnTxSendStall)
    SetEPnTxType                             0x00002099   Thumb Code    58  usb_core.o(i.SetEPnTxType)
    SetFADDR                                 0x000020d9   Thumb Code    10  usb_core.o(i.SetFADDR)
    SetIndex                                 0x000020e9   Thumb Code     6  usb_core.o(i.SetIndex)
    SetIntrRxE                               0x000020f5   Thumb Code    12  usb_core.o(i.SetIntrRxE)
    SetIntrTxE                               0x00002105   Thumb Code    12  usb_core.o(i.SetIntrTxE)
    SetIntrUSBE                              0x00002115   Thumb Code     6  usb_core.o(i.SetIntrUSBE)
    SetPower                                 0x00002121   Thumb Code     6  usb_core.o(i.SetPower)
    SetTxPktRdy                              0x000021a9   Thumb Code    32  usb_core.o(i.SetTxPktRdy)
    SysTick_Handler                          0x000021cd   Thumb Code     2  vtm071x_it.o(i.SysTick_Handler)
    SystemInit                               0x000021d1   Thumb Code    14  system_vtm071x.o(i.SystemInit)
    USBD_ClrCfg                              0x000021e9   Thumb Code    26  usbd_core.o(i.USBD_ClrCfg)
    USBD_CtlContinueRx                       0x0000224d   Thumb Code    26  usbd_ioreq.o(i.USBD_CtlContinueRx)
    USBD_CtlContinueSendData                 0x00002267   Thumb Code    26  usbd_ioreq.o(i.USBD_CtlContinueSendData)
    USBD_CtlError                            0x00002281   Thumb Code    16  usbd_req.o(i.USBD_CtlError)
    USBD_CtlSendData                         0x00002291   Thumb Code    52  usbd_ioreq.o(i.USBD_CtlSendData)
    USBD_CtlSendStatus                       0x000022c5   Thumb Code    14  usbd_ioreq.o(i.USBD_CtlSendStatus)
    USBD_DeInit                              0x00002465   Thumb Code     6  usbd_core.o(i.USBD_DeInit)
    USBD_GetRxCount                          0x0000266f   Thumb Code    28  usbd_ioreq.o(i.USBD_GetRxCount)
    USBD_GetString                           0x000026d5   Thumb Code    78  usbd_req.o(i.USBD_GetString)
    USBD_Init                                0x00002723   Thumb Code    90  usbd_core.o(i.USBD_Init)
    USBD_MSC_DataIn                          0x0000277d   Thumb Code    18  usbd_msc_core.o(i.USBD_MSC_DataIn)
    USBD_MSC_DataOut                         0x0000278f   Thumb Code    18  usbd_msc_core.o(i.USBD_MSC_DataOut)
    USBD_MSC_DeInit                          0x000027a1   Thumb Code    32  usbd_msc_core.o(i.USBD_MSC_DeInit)
    USBD_MSC_GetCfgDesc                      0x000027c1   Thumb Code    10  usbd_msc_core.o(i.USBD_MSC_GetCfgDesc)
    USBD_MSC_Init                            0x000027d1   Thumb Code    64  usbd_msc_core.o(i.USBD_MSC_Init)
    USBD_MSC_Setup                           0x00002811   Thumb Code   208  usbd_msc_core.o(i.USBD_MSC_Setup)
    USBD_ParseSetupRequest                   0x000028ed   Thumb Code    56  usbd_req.o(i.USBD_ParseSetupRequest)
    USBD_SetCfg                              0x00002a09   Thumb Code    38  usbd_core.o(i.USBD_SetCfg)
    USBD_StdDevReq                           0x00002b75   Thumb Code   114  usbd_req.o(i.USBD_StdDevReq)
    USBD_StdEPReq                            0x00002be7   Thumb Code   348  usbd_req.o(i.USBD_StdEPReq)
    USBD_StdItfReq                           0x00002d43   Thumb Code    66  usbd_req.o(i.USBD_StdItfReq)
    USBD_USR_ConfigStrDescriptor             0x00002dbd   Thumb Code    20  usbd_desc.o(i.USBD_USR_ConfigStrDescriptor)
    USBD_USR_DeviceConfigured                0x00002de1   Thumb Code     2  usbd_usr.o(i.USBD_USR_DeviceConfigured)
    USBD_USR_DeviceDescriptor                0x00002de5   Thumb Code    10  usbd_desc.o(i.USBD_USR_DeviceDescriptor)
    USBD_USR_DeviceReset                     0x00002df5   Thumb Code     2  usbd_usr.o(i.USBD_USR_DeviceReset)
    USBD_USR_DeviceResumed                   0x00002df7   Thumb Code     2  usbd_usr.o(i.USBD_USR_DeviceResumed)
    USBD_USR_DeviceSuspended                 0x00002df9   Thumb Code     2  usbd_usr.o(i.USBD_USR_DeviceSuspended)
    USBD_USR_Init                            0x00002dfb   Thumb Code     2  usbd_usr.o(i.USBD_USR_Init)
    USBD_USR_InterfaceStrDescriptor          0x00002dfd   Thumb Code    20  usbd_desc.o(i.USBD_USR_InterfaceStrDescriptor)
    USBD_USR_LangIDStrDescriptor             0x00002e25   Thumb Code    10  usbd_desc.o(i.USBD_USR_LangIDStrDescriptor)
    USBD_USR_ManufacturerStrDescriptor       0x00002e35   Thumb Code    20  usbd_desc.o(i.USBD_USR_ManufacturerStrDescriptor)
    USBD_USR_ProductStrDescriptor            0x00002e51   Thumb Code    20  usbd_desc.o(i.USBD_USR_ProductStrDescriptor)
    USBD_USR_SerialStrDescriptor             0x00002e81   Thumb Code    10  usbd_desc.o(i.USBD_USR_SerialStrDescriptor)
    USB_BSP_EnableInterrupt                  0x00002e91   Thumb Code    22  usb_bsp.o(i.USB_BSP_EnableInterrupt)
    USB_BSP_Init                             0x00002ea9   Thumb Code    52  usb_bsp.o(i.USB_BSP_Init)
    USB_IRQHandler                           0x00002ee5   Thumb Code     8  vtm071x_it.o(i.USB_IRQHandler)
    USB_Isr                                  0x00002eed   Thumb Code   204  usb_dcd_int.o(i.USB_Isr)
    __ARM_common_switch8                     0x00002fc5   Thumb Code    28  usbd_req.o(i.__ARM_common_switch8)
    __scatterload_copy                       0x00002fe1   Thumb Code    14  handlers.o(i.__scatterload_copy)
    __scatterload_null                       0x00002fef   Thumb Code     2  handlers.o(i.__scatterload_null)
    __scatterload_zeroinit                   0x00002ff1   Thumb Code    14  handlers.o(i.__scatterload_zeroinit)
    delay                                    0x00002fff   Thumb Code    14  usb_bsp.o(i.delay)
    main                                     0x00003021   Thumb Code    16  app.o(i.main)
    USBD_DeviceDesc                          0x00003040   Data          18  usbd_desc.o(.constdata)
    USBD_DeviceQualifierDesc                 0x00003052   Data          10  usbd_desc.o(.constdata)
    USBD_LangIDDesc                          0x0000305c   Data           4  usbd_desc.o(.constdata)
    STORAGE_Inquirydata                      0x00003060   Data          36  usbd_storage_msd.o(.constdata)
    USBD_MSC_CfgDesc                         0x00003084   Data          32  usbd_msc_core.o(.constdata)
    MSC_Page00_Inquiry_Data                  0x000030a4   Data           7  usbd_msc_data.o(.constdata)
    MSC_Mode_Sense6_data                     0x000030ab   Data           4  usbd_msc_data.o(.constdata)
    MSC_Mode_Sense10_data                    0x000030af   Data           8  usbd_msc_data.o(.constdata)
    Region$$Table$$Base                      0x000030b8   Number         0  anon$$obj.o(Region$$Table)
    Region$$Table$$Limit                     0x000030d8   Number         0  anon$$obj.o(Region$$Table)
    USR_desc                                 0x20000000   Data          28  usbd_desc.o(.data)
    USBD_StringSerial                        0x2000001c   Data          26  usbd_desc.o(.data)
    USR_cb                                   0x20000038   Data          20  usbd_usr.o(.data)
    count                                    0x2000004c   Data           4  usbd_storage_msd.o(.data)
    USBD_MICRO_SDIO_fops                     0x20000050   Data          32  usbd_storage_msd.o(.data)
    USBD_STORAGE_fops                        0x20000070   Data           4  usbd_storage_msd.o(.data)
    MSC_BOT_DataLen                          0x20000076   Data           2  usbd_msc_bot.o(.data)
    MSC_BOT_State                            0x20000078   Data           1  usbd_msc_bot.o(.data)
    MSC_BOT_Status                           0x20000079   Data           1  usbd_msc_bot.o(.data)
    USBD_MSC_cb                              0x2000007c   Data          40  usbd_msc_core.o(.data)
    SCSI_Sense_Head                          0x200000a8   Data           1  usbd_msc_scsi.o(.data)
    SCSI_Sense_Tail                          0x200000a9   Data           1  usbd_msc_scsi.o(.data)
    SCSI_blk_size                            0x200000ac   Data           4  usbd_msc_scsi.o(.data)
    SCSI_blk_nbr                             0x200000b0   Data           4  usbd_msc_scsi.o(.data)
    SCSI_blk_addr                            0x200000b4   Data           4  usbd_msc_scsi.o(.data)
    SCSI_blk_len                             0x200000b8   Data           4  usbd_msc_scsi.o(.data)
    cdev                                     0x200000bc   Data           4  usbd_msc_scsi.o(.data)
    wInterrupt_Mask                          0x200000c0   Data           4  usb_dcd.o(.data)
    USBD_DCD_INT_cb                          0x200000c4   Data          28  usbd_core.o(.data)
    USBD_DCD_INT_fops                        0x200000e0   Data           4  usbd_core.o(.data)
    ADDRESS                                  0x200000e4   Data           4  usbd_req.o(.data)
    USB_Device_dev                           0x200000ec   Data         256  app.o(.bss)
    MSC_BOT_Data                             0x200001ec   Data        4096  usbd_msc_bot.o(.bss)
    MSC_BOT_cbw                              0x200011ec   Data          32  usbd_msc_bot.o(.bss)
    MSC_BOT_csw                              0x2000120c   Data          16  usbd_msc_bot.o(.bss)
    SCSI_Sense                               0x2000121c   Data          32  usbd_msc_scsi.o(.bss)
    USBD_StrDesc                             0x2000123c   Data          64  usbd_req.o(.bss)
    __initial_sp                             0x20001a80   Data           0  startup_vtm071x.o(STACK)



==============================================================================

Memory Map of the image

  Image Entry point : 0x000000c1

  Load Region LR_IROM1 (Base: 0x00000000, Size: 0x000031c4, Max: 0x00020000, ABSOLUTE)

    Execution Region ER_IROM1 (Exec base: 0x00000000, Load base: 0x00000000, Size: 0x000030d8, Max: 0x00020000, ABSOLUTE)

    Exec Addr    Load Addr    Size         Type   Attr      Idx    E Section Name        Object

    0x00000000   0x00000000   0x000000c0   Data   RO         1636    RESET               startup_vtm071x.o
    0x000000c0   0x000000c0   0x00000000   Code   RO         3837  * .ARM.Collect$$$$00000000  mc_p.l(entry.o)
    0x000000c0   0x000000c0   0x00000004   Code   RO         3878    .ARM.Collect$$$$00000001  mc_p.l(entry2.o)
    0x000000c4   0x000000c4   0x00000004   Code   RO         3881    .ARM.Collect$$$$00000004  mc_p.l(entry5.o)
    0x000000c8   0x000000c8   0x00000000   Code   RO         3883    .ARM.Collect$$$$00000008  mc_p.l(entry7b.o)
    0x000000c8   0x000000c8   0x00000000   Code   RO         3885    .ARM.Collect$$$$0000000A  mc_p.l(entry8b.o)
    0x000000c8   0x000000c8   0x00000008   Code   RO         3886    .ARM.Collect$$$$0000000B  mc_p.l(entry9a.o)
    0x000000d0   0x000000d0   0x00000004   Code   RO         3893    .ARM.Collect$$$$0000000E  mc_p.l(entry12b.o)
    0x000000d4   0x000000d4   0x00000000   Code   RO         3888    .ARM.Collect$$$$0000000F  mc_p.l(entry10a.o)
    0x000000d4   0x000000d4   0x00000000   Code   RO         3890    .ARM.Collect$$$$00000011  mc_p.l(entry11a.o)
    0x000000d4   0x000000d4   0x00000004   Code   RO         3879    .ARM.Collect$$$$00002712  mc_p.l(entry2.o)
    0x000000d8   0x000000d8   0x0000001c   Code   RO         1637    .text               startup_vtm071x.o
    0x000000f4   0x000000f4   0x0000002c   Code   RO         3840    .text               mc_p.l(uidiv.o)
    0x00000120   0x00000120   0x00000014   Code   RO         3874    .text               mc_p.l(uread4.o)
    0x00000134   0x00000134   0x00000012   Code   RO         3876    .text               mc_p.l(uwrite4.o)
    0x00000146   0x00000146   0x00000002   PAD
    0x00000148   0x00000148   0x00000024   Code   RO         3900    .text               mc_p.l(init.o)
    0x0000016c   0x0000016c   0x00000014   Code   RO          779    i.ClearEP0SentStall  usb_core.o
    0x00000180   0x00000180   0x00000014   Code   RO          780    i.ClearEP0SetupEnd  usb_core.o
    0x00000194   0x00000194   0x00000024   Code   RO          781    i.ClearEPRxPktRdy   usb_core.o
    0x000001b8   0x000001b8   0x00000014   Code   RO          784    i.ClearEPnRxDataTog  usb_core.o
    0x000001cc   0x000001cc   0x00000014   Code   RO          785    i.ClearEPnRxOverRun  usb_core.o
    0x000001e0   0x000001e0   0x00000014   Code   RO          788    i.ClearEPnRxSentStall  usb_core.o
    0x000001f4   0x000001f4   0x00000014   Code   RO          791    i.ClearEPnTxDataTog  usb_core.o
    0x00000208   0x00000208   0x00000014   Code   RO          792    i.ClearEPnTxFrcDataTog  usb_core.o
    0x0000021c   0x0000021c   0x00000014   Code   RO          793    i.ClearEPnTxSendStall  usb_core.o
    0x00000230   0x00000230   0x00000014   Code   RO          794    i.ClearEPnTxSentStall  usb_core.o
    0x00000244   0x00000244   0x00000014   Code   RO          795    i.ClearEPnTxUnderRun  usb_core.o
    0x00000258   0x00000258   0x00000020   Code   RO          796    i.CopyDataFromEP    usb_core.o
    0x00000278   0x00000278   0x00000020   Code   RO          797    i.CopyDataToEP      usb_core.o
    0x00000298   0x00000298   0x00000006   Code   RO         1272    i.DCD_DevConnect    usb_dcd.o
    0x0000029e   0x0000029e   0x00000028   Code   RO         1274    i.DCD_EP_Close      usb_dcd.o
    0x000002c6   0x000002c6   0x0000004e   Code   RO         1275    i.DCD_EP_ClrStall   usb_dcd.o
    0x00000314   0x00000314   0x0000016a   Code   RO         1276    i.DCD_EP_Open       usb_dcd.o
    0x0000047e   0x0000047e   0x0000008a   Code   RO         1277    i.DCD_EP_PrepareRx  usb_dcd.o
    0x00000508   0x00000508   0x00000010   Code   RO         1278    i.DCD_EP_SetAddress  usb_dcd.o
    0x00000518   0x00000518   0x00000056   Code   RO         1279    i.DCD_EP_Stall      usb_dcd.o
    0x0000056e   0x0000056e   0x000000f4   Code   RO         1280    i.DCD_EP_Tx         usb_dcd.o
    0x00000662   0x00000662   0x00000002   PAD
    0x00000664   0x00000664   0x0000004c   Code   RO         1281    i.DCD_Init          usb_dcd.o
    0x000006b0   0x000006b0   0x00000040   Code   RO         1282    i.DCD_PMA_Config    usb_dcd.o
    0x000006f0   0x000006f0   0x00000050   Code   RO         1361    i.EP0_IdleProcess   usb_dcd_int.o
    0x00000740   0x00000740   0x00000088   Code   RO         1362    i.EP0_RxProcess     usb_dcd_int.o
    0x000007c8   0x000007c8   0x00000018   Code   RO         1363    i.EP0_TxProcess     usb_dcd_int.o
    0x000007e0   0x000007e0   0x000002a0   Code   RO         1364    i.EP_Isr            usb_dcd_int.o
    0x00000a80   0x00000a80   0x00000014   Code   RO          798    i.FlushEPnRxFIFO    usb_core.o
    0x00000a94   0x00000a94   0x00000014   Code   RO          799    i.FlushEPnTxFIFO    usb_core.o
    0x00000aa8   0x00000aa8   0x000000a8   Code   RO         2226    i.GPIO_Init         vtm071x_gpio.o
    0x00000b50   0x00000b50   0x00000058   Code   RO         2230    i.GPIO_WriteBit     vtm071x_gpio.o
    0x00000ba8   0x00000ba8   0x0000000c   Code   RO          801    i.GetEP0CSR1        usb_core.o
    0x00000bb4   0x00000bb4   0x0000000c   Code   RO          803    i.GetEP0RxCount     usb_core.o
    0x00000bc0   0x00000bc0   0x0000000c   Code   RO          804    i.GetEPnRxCSR1      usb_core.o
    0x00000bcc   0x00000bcc   0x0000001c   Code   RO          806    i.GetEPnRxCount     usb_core.o
    0x00000be8   0x00000be8   0x00000018   Code   RO          808    i.GetEPnRxFIFOFull  usb_core.o
    0x00000c00   0x00000c00   0x0000000c   Code   RO          810    i.GetEPnTxCSR1      usb_core.o
    0x00000c0c   0x00000c0c   0x0000000c   Code   RO          811    i.GetEPnTxCSR2      usb_core.o
    0x00000c18   0x00000c18   0x00000018   Code   RO          812    i.GetEPnTxFIFONotEmpty  usb_core.o
    0x00000c30   0x00000c30   0x0000000c   Code   RO          817    i.GetIntrRx         usb_core.o
    0x00000c3c   0x00000c3c   0x0000000c   Code   RO          819    i.GetIntrTx         usb_core.o
    0x00000c48   0x00000c48   0x0000000c   Code   RO          821    i.GetIntrUSB        usb_core.o
    0x00000c54   0x00000c54   0x0000000c   Code   RO          823    i.GetPower          usb_core.o
    0x00000c60   0x00000c60   0x00000034   Code   RO          197    i.Get_SerialNum     usbd_desc.o
    0x00000c94   0x00000c94   0x00000004   Code   RO          439    i.HardFault_Handler  vtm071x_it.o
    0x00000c98   0x00000c98   0x00000036   Code   RO          198    i.IntToUnicode      usbd_desc.o
    0x00000cce   0x00000cce   0x00000002   PAD
    0x00000cd0   0x00000cd0   0x0000004c   Code   RO          518    i.MSC_BOT_Abort     usbd_msc_bot.o
    0x00000d1c   0x00000d1c   0x000000d0   Code   RO          519    i.MSC_BOT_CBW_Decode  usbd_msc_bot.o
    0x00000dec   0x00000dec   0x0000003c   Code   RO          520    i.MSC_BOT_CplClrFeature  usbd_msc_bot.o
    0x00000e28   0x00000e28   0x00000050   Code   RO          521    i.MSC_BOT_DataIn    usbd_msc_bot.o
    0x00000e78   0x00000e78   0x00000048   Code   RO          522    i.MSC_BOT_DataOut   usbd_msc_bot.o
    0x00000ec0   0x00000ec0   0x0000000c   Code   RO          523    i.MSC_BOT_DeInit    usbd_msc_bot.o
    0x00000ecc   0x00000ecc   0x00000038   Code   RO          524    i.MSC_BOT_Init      usbd_msc_bot.o
    0x00000f04   0x00000f04   0x0000002c   Code   RO          525    i.MSC_BOT_Reset     usbd_msc_bot.o
    0x00000f30   0x00000f30   0x00000040   Code   RO          526    i.MSC_BOT_SendCSW   usbd_msc_bot.o
    0x00000f70   0x00000f70   0x00000048   Code   RO          527    i.MSC_BOT_SendData  usbd_msc_bot.o
    0x00000fb8   0x00000fb8   0x00000002   Code   RO          441    i.NMI_Handler       vtm071x_it.o
    0x00000fba   0x00000fba   0x00000002   PAD
    0x00000fbc   0x00000fbc   0x00000070   Code   RO         1690    i.NVIC_Init         misc.o
    0x0000102c   0x0000102c   0x00000002   Code   RO          442    i.PendSV_Handler    vtm071x_it.o
    0x0000102e   0x0000102e   0x00000002   PAD
    0x00001030   0x00001030   0x0000003c   Code   RO         2812    i.RCC_APBPeriphClockCmd  vtm071x_rcc.o
    0x0000106c   0x0000106c   0x0000003c   Code   RO         2813    i.RCC_APBPeriphResetCmd  vtm071x_rcc.o
    0x000010a8   0x000010a8   0x0000000a   Code   RO         2832    i.RCC_SETCLKDivider  vtm071x_rcc.o
    0x000010b2   0x000010b2   0x00000002   PAD
    0x000010b4   0x000010b4   0x0000002c   Code   RO          674    i.SCSI_CheckAddressRange  usbd_msc_scsi.o
    0x000010e0   0x000010e0   0x00000058   Code   RO          675    i.SCSI_Inquiry      usbd_msc_scsi.o
    0x00001138   0x00001138   0x00000030   Code   RO          676    i.SCSI_ModeSense10  usbd_msc_scsi.o
    0x00001168   0x00001168   0x00000030   Code   RO          677    i.SCSI_ModeSense6   usbd_msc_scsi.o
    0x00001198   0x00001198   0x000000d8   Code   RO          678    i.SCSI_ProcessCmd   usbd_msc_scsi.o
    0x00001270   0x00001270   0x0000009c   Code   RO          679    i.SCSI_ProcessRead  usbd_msc_scsi.o
    0x0000130c   0x0000130c   0x000000b4   Code   RO          680    i.SCSI_ProcessWrite  usbd_msc_scsi.o
    0x000013c0   0x000013c0   0x000000f4   Code   RO          681    i.SCSI_Read10       usbd_msc_scsi.o
    0x000014b4   0x000014b4   0x00000094   Code   RO          682    i.SCSI_ReadCapacity10  usbd_msc_scsi.o
    0x00001548   0x00001548   0x00000088   Code   RO          683    i.SCSI_ReadFormatCapacity  usbd_msc_scsi.o
    0x000015d0   0x000015d0   0x00000098   Code   RO          684    i.SCSI_RequestSense  usbd_msc_scsi.o
    0x00001668   0x00001668   0x0000003c   Code   RO          685    i.SCSI_SenseCode    usbd_msc_scsi.o
    0x000016a4   0x000016a4   0x00000010   Code   RO          686    i.SCSI_StartStopUnit  usbd_msc_scsi.o
    0x000016b4   0x000016b4   0x00000054   Code   RO          687    i.SCSI_TestUnitReady  usbd_msc_scsi.o
    0x00001708   0x00001708   0x00000050   Code   RO          688    i.SCSI_Verify10     usbd_msc_scsi.o
    0x00001758   0x00001758   0x00000138   Code   RO          689    i.SCSI_Write10      usbd_msc_scsi.o
    0x00001890   0x00001890   0x00000028   Code   RO         3713    i.SPI_BusyWait      vtm071x_eval_spi.o
    0x000018b8   0x000018b8   0x00000018   Code   RO         3093    i.SPI_Cmd           vtm071x_spi.o
    0x000018d0   0x000018d0   0x00000034   Code   RO         3095    i.SPI_DeInit        vtm071x_spi.o
    0x00001904   0x00001904   0x00000044   Code   RO         3714    i.SPI_FLASH_Cmd     vtm071x_eval_spi.o
    0x00001948   0x00001948   0x00000026   Code   RO         3716    i.SPI_FLASH_Detect  vtm071x_eval_spi.o
    0x0000196e   0x0000196e   0x00000002   PAD
    0x00001970   0x00001970   0x00000080   Code   RO         3719    i.SPI_FLASH_EraseSector4K  vtm071x_eval_spi.o
    0x000019f0   0x000019f0   0x00000034   Code   RO         3721    i.SPI_FLASH_GlobalUnprotect  vtm071x_eval_spi.o
    0x00001a24   0x00001a24   0x00000024   Code   RO         3722    i.SPI_FLASH_Init    vtm071x_eval_spi.o
    0x00001a48   0x00001a48   0x000000bc   Code   RO         3688    i.SPI_FLASH_LowLevel_Init  vtm071x_eval.o
    0x00001b04   0x00001b04   0x00000074   Code   RO         3724    i.SPI_FLASH_Read    vtm071x_eval_spi.o
    0x00001b78   0x00001b78   0x00000040   Code   RO         3725    i.SPI_FLASH_ReadID  vtm071x_eval_spi.o
    0x00001bb8   0x00001bb8   0x00000024   Code   RO         3726    i.SPI_FLASH_ReadStatus1  vtm071x_eval_spi.o
    0x00001bdc   0x00001bdc   0x00000046   Code   RO         3728    i.SPI_FLASH_Write   vtm071x_eval_spi.o
    0x00001c22   0x00001c22   0x00000002   PAD
    0x00001c24   0x00001c24   0x00000020   Code   RO         3729    i.SPI_FLASH_WriteEnable  vtm071x_eval_spi.o
    0x00001c44   0x00001c44   0x00000094   Code   RO         3730    i.SPI_FLASH_WritePage  vtm071x_eval_spi.o
    0x00001cd8   0x00001cd8   0x00000054   Code   RO         3731    i.SPI_FLASH_WriteStatus  vtm071x_eval_spi.o
    0x00001d2c   0x00001d2c   0x00000014   Code   RO         3097    i.SPI_GetFlagStatus  vtm071x_spi.o
    0x00001d40   0x00001d40   0x0000001e   Code   RO         3101    i.SPI_Init          vtm071x_spi.o
    0x00001d5e   0x00001d5e   0x00000002   PAD
    0x00001d60   0x00001d60   0x00000064   Code   RO         3732    i.SPI_ReadWriteByte  vtm071x_eval_spi.o
    0x00001dc4   0x00001dc4   0x00000008   Code   RO         3103    i.SPI_ReceiveData   vtm071x_spi.o
    0x00001dcc   0x00001dcc   0x00000004   Code   RO         3105    i.SPI_SendData      vtm071x_spi.o
    0x00001dd0   0x00001dd0   0x00000024   Code   RO          368    i.STORAGE_GetCapacity  usbd_storage_msd.o
    0x00001df4   0x00001df4   0x00000004   Code   RO          369    i.STORAGE_GetMaxLun  usbd_storage_msd.o
    0x00001df8   0x00001df8   0x00000016   Code   RO          370    i.STORAGE_Init      usbd_storage_msd.o
    0x00001e0e   0x00001e0e   0x00000002   PAD
    0x00001e10   0x00001e10   0x00000040   Code   RO          371    i.STORAGE_IsReady   usbd_storage_msd.o
    0x00001e50   0x00001e50   0x00000006   Code   RO          372    i.STORAGE_IsWriteProtected  usbd_storage_msd.o
    0x00001e56   0x00001e56   0x0000002e   Code   RO          373    i.STORAGE_Read      usbd_storage_msd.o
    0x00001e84   0x00001e84   0x0000003c   Code   RO          374    i.STORAGE_Write     usbd_storage_msd.o
    0x00001ec0   0x00001ec0   0x00000002   Code   RO          443    i.SVC_Handler       vtm071x_it.o
    0x00001ec2   0x00001ec2   0x00000002   PAD
    0x00001ec4   0x00001ec4   0x0000001c   Code   RO          827    i.SetEP0DataEnd     usb_core.o
    0x00001ee0   0x00001ee0   0x00000014   Code   RO          828    i.SetEP0SendStall   usb_core.o
    0x00001ef4   0x00001ef4   0x00000084   Code   RO          830    i.SetEPnRxAddrAndSize  usb_core.o
    0x00001f78   0x00001f78   0x0000000c   Code   RO          836    i.SetEPnRxMAXP      usb_core.o
    0x00001f84   0x00001f84   0x00000014   Code   RO          837    i.SetEPnRxSendStall  usb_core.o
    0x00001f98   0x00001f98   0x00000024   Code   RO          838    i.SetEPnRxType      usb_core.o
    0x00001fbc   0x00001fbc   0x00000084   Code   RO          839    i.SetEPnTxAddrAndSize  usb_core.o
    0x00002040   0x00002040   0x00000014   Code   RO          845    i.SetEPnTxFrcDataTog  usb_core.o
    0x00002054   0x00002054   0x0000000c   Code   RO          846    i.SetEPnTxMAXP      usb_core.o
    0x00002060   0x00002060   0x00000024   Code   RO          847    i.SetEPnTxMode      usb_core.o
    0x00002084   0x00002084   0x00000014   Code   RO          849    i.SetEPnTxSendStall  usb_core.o
    0x00002098   0x00002098   0x00000040   Code   RO          850    i.SetEPnTxType      usb_core.o
    0x000020d8   0x000020d8   0x00000010   Code   RO          851    i.SetFADDR          usb_core.o
    0x000020e8   0x000020e8   0x0000000c   Code   RO          852    i.SetIndex          usb_core.o
    0x000020f4   0x000020f4   0x00000010   Code   RO          853    i.SetIntrRxE        usb_core.o
    0x00002104   0x00002104   0x00000010   Code   RO          854    i.SetIntrTxE        usb_core.o
    0x00002114   0x00002114   0x0000000c   Code   RO          855    i.SetIntrUSBE       usb_core.o
    0x00002120   0x00002120   0x0000000c   Code   RO          856    i.SetPower          usb_core.o
    0x0000212c   0x0000212c   0x00000008   Code   RO         1643    i.SetSysClock       system_vtm071x.o
    0x00002134   0x00002134   0x00000074   Code   RO         1644    i.SetSysClockTo84   system_vtm071x.o
    0x000021a8   0x000021a8   0x00000024   Code   RO          857    i.SetTxPktRdy       usb_core.o
    0x000021cc   0x000021cc   0x00000002   Code   RO          444    i.SysTick_Handler   vtm071x_it.o
    0x000021ce   0x000021ce   0x00000002   PAD
    0x000021d0   0x000021d0   0x00000018   Code   RO         1646    i.SystemInit        system_vtm071x.o
    0x000021e8   0x000021e8   0x0000001a   Code   RO         1406    i.USBD_ClrCfg       usbd_core.o
    0x00002202   0x00002202   0x0000004a   Code   RO         1536    i.USBD_ClrFeature   usbd_req.o
    0x0000224c   0x0000224c   0x0000001a   Code   RO         1486    i.USBD_CtlContinueRx  usbd_ioreq.o
    0x00002266   0x00002266   0x0000001a   Code   RO         1487    i.USBD_CtlContinueSendData  usbd_ioreq.o
    0x00002280   0x00002280   0x00000010   Code   RO         1537    i.USBD_CtlError     usbd_req.o
    0x00002290   0x00002290   0x00000034   Code   RO         1489    i.USBD_CtlSendData  usbd_ioreq.o
    0x000022c4   0x000022c4   0x0000000e   Code   RO         1490    i.USBD_CtlSendStatus  usbd_ioreq.o
    0x000022d2   0x000022d2   0x000000e6   Code   RO         1407    i.USBD_DataInStage  usbd_core.o
    0x000023b8   0x000023b8   0x000000ac   Code   RO         1408    i.USBD_DataOutStage  usbd_core.o
    0x00002464   0x00002464   0x00000006   Code   RO         1409    i.USBD_DeInit       usbd_core.o
    0x0000246a   0x0000246a   0x0000004c   Code   RO         1538    i.USBD_GetConfig    usbd_req.o
    0x000024b6   0x000024b6   0x000001a4   Code   RO         1539    i.USBD_GetDescriptor  usbd_req.o
    0x0000265a   0x0000265a   0x00000014   Code   RO         1540    i.USBD_GetLen       usbd_req.o
    0x0000266e   0x0000266e   0x0000001c   Code   RO         1491    i.USBD_GetRxCount   usbd_ioreq.o
    0x0000268a   0x0000268a   0x0000004a   Code   RO         1541    i.USBD_GetStatus    usbd_req.o
    0x000026d4   0x000026d4   0x0000004e   Code   RO         1542    i.USBD_GetString    usbd_req.o
    0x00002722   0x00002722   0x0000005a   Code   RO         1410    i.USBD_Init         usbd_core.o
    0x0000277c   0x0000277c   0x00000012   Code   RO          597    i.USBD_MSC_DataIn   usbd_msc_core.o
    0x0000278e   0x0000278e   0x00000012   Code   RO          598    i.USBD_MSC_DataOut  usbd_msc_core.o
    0x000027a0   0x000027a0   0x00000020   Code   RO          599    i.USBD_MSC_DeInit   usbd_msc_core.o
    0x000027c0   0x000027c0   0x00000010   Code   RO          600    i.USBD_MSC_GetCfgDesc  usbd_msc_core.o
    0x000027d0   0x000027d0   0x00000040   Code   RO          601    i.USBD_MSC_Init     usbd_msc_core.o
    0x00002810   0x00002810   0x000000dc   Code   RO          602    i.USBD_MSC_Setup    usbd_msc_core.o
    0x000028ec   0x000028ec   0x00000038   Code   RO         1543    i.USBD_ParseSetupRequest  usbd_req.o
    0x00002924   0x00002924   0x0000005c   Code   RO         1411    i.USBD_Reset        usbd_core.o
    0x00002980   0x00002980   0x00000018   Code   RO         1412    i.USBD_Resume       usbd_core.o
    0x00002998   0x00002998   0x00000024   Code   RO         1413    i.USBD_SOF          usbd_core.o
    0x000029bc   0x000029bc   0x0000004c   Code   RO         1544    i.USBD_SetAddress   usbd_req.o
    0x00002a08   0x00002a08   0x00000026   Code   RO         1414    i.USBD_SetCfg       usbd_core.o
    0x00002a2e   0x00002a2e   0x00000002   PAD
    0x00002a30   0x00002a30   0x000000c0   Code   RO         1545    i.USBD_SetConfig    usbd_req.o
    0x00002af0   0x00002af0   0x0000002c   Code   RO         1546    i.USBD_SetFeature   usbd_req.o
    0x00002b1c   0x00002b1c   0x00000058   Code   RO         1415    i.USBD_SetupStage   usbd_core.o
    0x00002b74   0x00002b74   0x00000072   Code   RO         1547    i.USBD_StdDevReq    usbd_req.o
    0x00002be6   0x00002be6   0x0000015c   Code   RO         1548    i.USBD_StdEPReq     usbd_req.o
    0x00002d42   0x00002d42   0x00000042   Code   RO         1549    i.USBD_StdItfReq    usbd_req.o
    0x00002d84   0x00002d84   0x00000036   Code   RO         1416    i.USBD_Suspend      usbd_core.o
    0x00002dba   0x00002dba   0x00000002   PAD
    0x00002dbc   0x00002dbc   0x00000024   Code   RO          199    i.USBD_USR_ConfigStrDescriptor  usbd_desc.o
    0x00002de0   0x00002de0   0x00000002   Code   RO          318    i.USBD_USR_DeviceConfigured  usbd_usr.o
    0x00002de2   0x00002de2   0x00000002   PAD
    0x00002de4   0x00002de4   0x00000010   Code   RO          200    i.USBD_USR_DeviceDescriptor  usbd_desc.o
    0x00002df4   0x00002df4   0x00000002   Code   RO          319    i.USBD_USR_DeviceReset  usbd_usr.o
    0x00002df6   0x00002df6   0x00000002   Code   RO          320    i.USBD_USR_DeviceResumed  usbd_usr.o
    0x00002df8   0x00002df8   0x00000002   Code   RO          321    i.USBD_USR_DeviceSuspended  usbd_usr.o
    0x00002dfa   0x00002dfa   0x00000002   Code   RO          322    i.USBD_USR_Init     usbd_usr.o
    0x00002dfc   0x00002dfc   0x00000028   Code   RO          201    i.USBD_USR_InterfaceStrDescriptor  usbd_desc.o
    0x00002e24   0x00002e24   0x00000010   Code   RO          202    i.USBD_USR_LangIDStrDescriptor  usbd_desc.o
    0x00002e34   0x00002e34   0x0000001c   Code   RO          203    i.USBD_USR_ManufacturerStrDescriptor  usbd_desc.o
    0x00002e50   0x00002e50   0x00000030   Code   RO          204    i.USBD_USR_ProductStrDescriptor  usbd_desc.o
    0x00002e80   0x00002e80   0x00000010   Code   RO          205    i.USBD_USR_SerialStrDescriptor  usbd_desc.o
    0x00002e90   0x00002e90   0x00000016   Code   RO          160    i.USB_BSP_EnableInterrupt  usb_bsp.o
    0x00002ea6   0x00002ea6   0x00000002   PAD
    0x00002ea8   0x00002ea8   0x0000003c   Code   RO          161    i.USB_BSP_Init      usb_bsp.o
    0x00002ee4   0x00002ee4   0x00000008   Code   RO          445    i.USB_IRQHandler    vtm071x_it.o
    0x00002eec   0x00002eec   0x000000d8   Code   RO         1365    i.USB_Isr           usb_dcd_int.o
    0x00002fc4   0x00002fc4   0x0000001c   Code   RO         1625    i.__ARM_common_switch8  usbd_req.o
    0x00002fe0   0x00002fe0   0x0000000e   Code   RO         3904    i.__scatterload_copy  mc_p.l(handlers.o)
    0x00002fee   0x00002fee   0x00000002   Code   RO         3905    i.__scatterload_null  mc_p.l(handlers.o)
    0x00002ff0   0x00002ff0   0x0000000e   Code   RO         3906    i.__scatterload_zeroinit  mc_p.l(handlers.o)
    0x00002ffe   0x00002ffe   0x0000000e   Code   RO          162    i.delay             usb_bsp.o
    0x0000300c   0x0000300c   0x00000014   Code   RO         1647    i.delay             system_vtm071x.o
    0x00003020   0x00003020   0x00000020   Code   RO            3    i.main              app.o
    0x00003040   0x00003040   0x00000020   Data   RO          207    .constdata          usbd_desc.o
    0x00003060   0x00003060   0x00000024   Data   RO          375    .constdata          usbd_storage_msd.o
    0x00003084   0x00003084   0x00000020   Data   RO          603    .constdata          usbd_msc_core.o
    0x000030a4   0x000030a4   0x00000013   Data   RO          654    .constdata          usbd_msc_data.o
    0x000030b7   0x000030b7   0x00000001   PAD
    0x000030b8   0x000030b8   0x00000020   Data   RO         3902    Region$$Table       anon$$obj.o


    Execution Region RW_IRAM1 (Exec base: 0x20000000, Load base: 0x000030d8, Size: 0x00001a80, Max: 0x00004000, ABSOLUTE)

    Exec Addr    Load Addr    Size         Type   Attr      Idx    E Section Name        Object

    0x20000000   0x000030d8   0x00000036   Data   RW          208    .data               usbd_desc.o
    0x20000036   0x0000310e   0x00000002   PAD
    0x20000038   0x00003110   0x00000014   Data   RW          323    .data               usbd_usr.o
    0x2000004c   0x00003124   0x00000029   Data   RW          376    .data               usbd_storage_msd.o
    0x20000075   0x0000314d   0x00000001   PAD
    0x20000076   0x0000314e   0x00000004   Data   RW          529    .data               usbd_msc_bot.o
    0x2000007a   0x00003152   0x00000002   PAD
    0x2000007c   0x00003154   0x0000002a   Data   RW          604    .data               usbd_msc_core.o
    0x200000a6   0x0000317e   0x00000002   PAD
    0x200000a8   0x00003180   0x00000018   Data   RW          691    .data               usbd_msc_scsi.o
    0x200000c0   0x00003198   0x00000004   Data   RW         1284    .data               usb_dcd.o
    0x200000c4   0x0000319c   0x00000020   Data   RW         1417    .data               usbd_core.o
    0x200000e4   0x000031bc   0x00000005   Data   RW         1551    .data               usbd_req.o
    0x200000e9   0x000031c1   0x00000003   PAD
    0x200000ec        -       0x00000100   Zero   RW            4    .bss                app.o
    0x200001ec        -       0x00001030   Zero   RW          528    .bss                usbd_msc_bot.o
    0x2000121c        -       0x00000020   Zero   RW          690    .bss                usbd_msc_scsi.o
    0x2000123c        -       0x00000040   Zero   RW         1550    .bss                usbd_req.o
    0x2000127c   0x000031c1   0x00000004   PAD
    0x20001280        -       0x00000800   Zero   RW         1634    STACK               startup_vtm071x.o


==============================================================================

Image component sizes


      Code (inc. data)   RO Data    RW Data    ZI Data      Debug   Object Name

        32         16          0          0        256     117448   app.o
       112          6          0          0          0       1000   misc.o
        28          8        192          0       2048        736   startup_vtm071x.o
       168         32          0          0          0       2821   system_vtm071x.o
        96          8          0          0          0       1845   usb_bsp.o
      1176        258          0          0          0      25542   usb_core.o
      1110          6          0          4          0       8144   usb_dcd.o
      1128         52          0          0          0       4455   usb_dcd_int.o
       856          0          0         32          0       8844   usbd_core.o
       306         98         32         54          0       6398   usbd_desc.o
       146          0          0          0          0       3994   usbd_ioreq.o
       744        126          0          4       4144       8745   usbd_msc_bot.o
       368         18         32         42          0       5221   usbd_msc_core.o
         0          0         19          0          0        925   usbd_msc_data.o
      2012        262          0         24         32      15169   usbd_msc_scsi.o
      1682         40          0          5         64      10839   usbd_req.o
       238          6         36         41          0       6052   usbd_storage_msd.o
        10          0          0         20          0       2408   usbd_usr.o
       188          4          0          0          0       1154   vtm071x_eval.o
      1012         56          0          0          0      10364   vtm071x_eval_spi.o
       256         24          0          0          0       1924   vtm071x_gpio.o
        20          0          0          0          0       2548   vtm071x_it.o
       130          8          0          0          0       1928   vtm071x_rcc.o
       138          4          0          0          0       4039   vtm071x_spi.o

    ----------------------------------------------------------------------
     11986       1032        344        236       6548     252543   Object Totals
         0          0         32          0          0          0   (incl. Generated)
        30          0          1         10          4          0   (incl. Padding)

    ----------------------------------------------------------------------

      Code (inc. data)   RO Data    RW Data    ZI Data      Debug   Library Member Name

         0          0          0          0          0          0   entry.o
         0          0          0          0          0          0   entry10a.o
         0          0          0          0          0          0   entry11a.o
         4          0          0          0          0          0   entry12b.o
         8          4          0          0          0          0   entry2.o
         4          0          0          0          0          0   entry5.o
         0          0          0          0          0          0   entry7b.o
         0          0          0          0          0          0   entry8b.o
         8          4          0          0          0          0   entry9a.o
        30          0          0          0          0          0   handlers.o
        36          8          0          0          0         68   init.o
        44          0          0          0          0         72   uidiv.o
        20          0          0          0          0         60   uread4.o
        18          0          0          0          0         60   uwrite4.o

    ----------------------------------------------------------------------
       174         16          0          0          0        260   Library Totals
         2          0          0          0          0          0   (incl. Padding)

    ----------------------------------------------------------------------

      Code (inc. data)   RO Data    RW Data    ZI Data      Debug   Library Name

       172         16          0          0          0        260   mc_p.l

    ----------------------------------------------------------------------
       174         16          0          0          0        260   Library Totals

    ----------------------------------------------------------------------

==============================================================================


      Code (inc. data)   RO Data    RW Data    ZI Data      Debug   

     12160       1048        344        236       6548     244903   Grand Totals
     12160       1048        344        236       6548     244903   ELF Image Totals
     12160       1048        344        236          0          0   ROM Totals

==============================================================================

    Total RO  Size (Code + RO Data)                12504 (  12.21kB)
    Total RW  Size (RW Data + ZI Data)              6784 (   6.63kB)
    Total ROM Size (Code + RO Data + RW Data)      12740 (  12.44kB)

==============================================================================

